<?xml version="1.0"?>
<link_info>
   <banner>TI ARM Linker PC v5.1.1</banner>
   <copyright>Copyright (c) 1996-2013 Texas Instruments Incorporated</copyright>
   <link_time>0x54322966</link_time>
   <link_errors>0x0</link_errors>
   <output_file>neural-recorder.out</output_file>
   <entry_point>
      <name>_c_int00</name>
      <address>0x14b1</address>
   </entry_point>
   <input_file_list>
      <input_file id="fl-5">
         <path>.\</path>
         <kind>object</kind>
         <file>startup_ccs.obj</file>
         <name>startup_ccs.obj</name>
      </input_file>
      <input_file id="fl-137">
         <path>C:\ti\ccsv5\tools\compiler\arm_5.1.1\lib\</path>
         <kind>archive</kind>
         <file>rtsv7M4_T_le_v4SPD16_eabi.lib</file>
         <name>boot.obj</name>
      </input_file>
      <input_file id="fl-13b">
         <path>C:\ti\ccsv5\tools\compiler\arm_5.1.1\lib\</path>
         <kind>archive</kind>
         <file>rtsv7M4_T_le_v4SPD16_eabi.lib</file>
         <name>exit.obj</name>
      </input_file>
      <input_file id="fl-13c">
         <path>C:\ti\ccsv5\tools\compiler\arm_5.1.1\lib\</path>
         <kind>archive</kind>
         <file>rtsv7M4_T_le_v4SPD16_eabi.lib</file>
         <name>memcpy_t2.obj</name>
      </input_file>
      <input_file id="fl-13e">
         <path>C:\ti\ccsv5\tools\compiler\arm_5.1.1\lib\</path>
         <kind>archive</kind>
         <file>rtsv7M4_T_le_v4SPD16_eabi.lib</file>
         <name>u_divt2.obj</name>
      </input_file>
      <input_file id="fl-140">
         <path>C:\ti\ccsv5\tools\compiler\arm_5.1.1\lib\</path>
         <kind>archive</kind>
         <file>rtsv7M4_T_le_v4SPD16_eabi.lib</file>
         <name>args_main.obj</name>
      </input_file>
      <input_file id="fl-141">
         <path>C:\ti\ccsv5\tools\compiler\arm_5.1.1\lib\</path>
         <kind>archive</kind>
         <file>rtsv7M4_T_le_v4SPD16_eabi.lib</file>
         <name>auto_init.obj</name>
      </input_file>
      <input_file id="fl-142">
         <path>C:\ti\ccsv5\tools\compiler\arm_5.1.1\lib\</path>
         <kind>archive</kind>
         <file>rtsv7M4_T_le_v4SPD16_eabi.lib</file>
         <name>cpy_tbl.obj</name>
      </input_file>
      <input_file id="fl-143">
         <path>C:\ti\TivaWare_C_Series-1.1\examples\boards\ek-tm4c123gxl\project0\ccs\..\..\..\..\..\driverlib\ccs\Debug\</path>
         <kind>archive</kind>
         <file>driverlib.lib</file>
         <name>uart.obj</name>
      </input_file>
      <input_file id="fl-144">
         <path>C:\ti\TivaWare_C_Series-1.1\examples\boards\ek-tm4c123gxl\project0\ccs\..\..\..\..\..\driverlib\ccs\Debug\</path>
         <kind>archive</kind>
         <file>driverlib.lib</file>
         <name>timer.obj</name>
      </input_file>
      <input_file id="fl-145">
         <path>C:\ti\TivaWare_C_Series-1.1\examples\boards\ek-tm4c123gxl\project0\ccs\..\..\..\..\..\driverlib\ccs\Debug\</path>
         <kind>archive</kind>
         <file>driverlib.lib</file>
         <name>ssi.obj</name>
      </input_file>
      <input_file id="fl-146">
         <path>C:\ti\TivaWare_C_Series-1.1\examples\boards\ek-tm4c123gxl\project0\ccs\..\..\..\..\..\driverlib\ccs\Debug\</path>
         <kind>archive</kind>
         <file>driverlib.lib</file>
         <name>interrupt.obj</name>
      </input_file>
      <input_file id="fl-147">
         <path>C:\ti\TivaWare_C_Series-1.1\examples\boards\ek-tm4c123gxl\project0\ccs\..\..\..\..\..\driverlib\ccs\Debug\</path>
         <kind>archive</kind>
         <file>driverlib.lib</file>
         <name>gpio.obj</name>
      </input_file>
      <input_file id="fl-148">
         <path>C:\ti\TivaWare_C_Series-1.1\examples\boards\ek-tm4c123gxl\project0\ccs\..\..\..\..\..\driverlib\ccs\Debug\</path>
         <kind>archive</kind>
         <file>driverlib.lib</file>
         <name>cpu.obj</name>
      </input_file>
      <input_file id="fl-149">
         <path>C:\Users\Lab\AppData\Local\Temp\</path>
         <kind>object</kind>
         <file>052962</file>
         <name>052962</name>
      </input_file>
      <input_file id="fl-14a">
         <path>C:\ti\ccsv5\tools\compiler\arm_5.1.1\lib\</path>
         <kind>archive</kind>
         <file>rtsv7M4_T_le_v4SPD16_eabi.lib</file>
         <name>copy_decompress_none.obj</name>
      </input_file>
      <input_file id="fl-14b">
         <path>C:\ti\ccsv5\tools\compiler\arm_5.1.1\lib\</path>
         <kind>archive</kind>
         <file>rtsv7M4_T_le_v4SPD16_eabi.lib</file>
         <name>copy_decompress_rle.obj</name>
      </input_file>
      <input_file id="fl-14c">
         <path>C:\ti\ccsv5\tools\compiler\arm_5.1.1\lib\</path>
         <kind>archive</kind>
         <file>rtsv7M4_T_le_v4SPD16_eabi.lib</file>
         <name>copy_zero_init.obj</name>
      </input_file>
   </input_file_list>
   <object_component_list>
      <object_component id="oc-e">
         <name>.intvecs</name>
         <load_address>0x0</load_address>
         <run_address>0x0</run_address>
         <size>0x26c</size>
         <input_file_ref idref="fl-5"/>
      </object_component>
      <object_component id="oc-80">
         <name>.text:main</name>
         <load_address>0x26c</load_address>
         <run_address>0x26c</run_address>
         <size>0x60a</size>
         <input_file_ref idref="fl-8"/>
      </object_component>
      <object_component id="oc-2e">
         <name>.text:FaultISR</name>
         <load_address>0x876</load_address>
         <run_address>0x876</run_address>
         <size>0x2</size>
         <input_file_ref idref="fl-5"/>
      </object_component>
      <object_component id="oc-147">
         <name>.text:UARTprintf</name>
         <load_address>0x878</load_address>
         <run_address>0x878</run_address>
         <size>0x2c1</size>
         <input_file_ref idref="fl-3"/>
      </object_component>
      <object_component id="oc-bb">
         <name>.text:IRQInterruptHandler</name>
         <load_address>0xb3a</load_address>
         <run_address>0xb3a</run_address>
         <size>0x17a</size>
         <input_file_ref idref="fl-8"/>
      </object_component>
      <object_component id="oc-13f">
         <name>.text:TimerIntHandler</name>
         <load_address>0xcb4</load_address>
         <run_address>0xcb4</run_address>
         <size>0x12e</size>
         <input_file_ref idref="fl-8"/>
      </object_component>
      <object_component id="oc-e7">
         <name>.text:RFWriteSendBuffer</name>
         <load_address>0xde2</load_address>
         <run_address>0xde2</run_address>
         <size>0x108</size>
         <input_file_ref idref="fl-7"/>
      </object_component>
      <object_component id="oc-a7">
         <name>.text:SPIInit</name>
         <load_address>0xeea</load_address>
         <run_address>0xeea</run_address>
         <size>0xf2</size>
         <input_file_ref idref="fl-6"/>
      </object_component>
      <object_component id="oc-cf">
         <name>.text:muxInit</name>
         <load_address>0xfdc</load_address>
         <run_address>0xfdc</run_address>
         <size>0xb4</size>
         <input_file_ref idref="fl-9"/>
      </object_component>
      <object_component id="oc-d4">
         <name>.text:ConfigureUART</name>
         <load_address>0x1090</load_address>
         <run_address>0x1090</run_address>
         <size>0xaa</size>
         <input_file_ref idref="fl-8"/>
      </object_component>
      <object_component id="oc-33">
         <name>.text:IntDefaultHandler</name>
         <load_address>0x113a</load_address>
         <run_address>0x113a</run_address>
         <size>0x2</size>
         <input_file_ref idref="fl-5"/>
      </object_component>
      <object_component id="oc-de">
         <name>.text:ConfigureTimer</name>
         <load_address>0x113c</load_address>
         <run_address>0x113c</run_address>
         <size>0xa6</size>
         <input_file_ref idref="fl-8"/>
      </object_component>
      <object_component id="oc-4c">
         <name>.text</name>
         <load_address>0x11e2</load_address>
         <run_address>0x11e2</run_address>
         <size>0x9c</size>
         <input_file_ref idref="fl-13c"/>
      </object_component>
      <object_component id="oc-29">
         <name>.text:NmiSR</name>
         <load_address>0x127e</load_address>
         <run_address>0x127e</run_address>
         <size>0x2</size>
         <input_file_ref idref="fl-5"/>
      </object_component>
      <object_component id="oc-3b">
         <name>.text</name>
         <load_address>0x1280</load_address>
         <run_address>0x1280</run_address>
         <size>0x94</size>
         <input_file_ref idref="fl-141"/>
      </object_component>
      <object_component id="oc-d9">
         <name>.text:ConfigureADC</name>
         <load_address>0x1314</load_address>
         <run_address>0x1314</run_address>
         <size>0x8c</size>
         <input_file_ref idref="fl-8"/>
      </object_component>
      <object_component id="oc-12a">
         <name>.text:IntEnable</name>
         <load_address>0x13a0</load_address>
         <run_address>0x13a0</run_address>
         <size>0x68</size>
         <input_file_ref idref="fl-146"/>
      </object_component>
      <object_component id="oc-5e">
         <name>.text</name>
         <load_address>0x1408</load_address>
         <run_address>0x1408</run_address>
         <size>0x5e</size>
         <input_file_ref idref="fl-14b"/>
      </object_component>
      <object_component id="oc-f4">
         <name>.text</name>
         <load_address>0x1466</load_address>
         <run_address>0x1466</run_address>
         <size>0x2</size>
         <input_file_ref idref="fl-13f"/>
      </object_component>
      <object_component id="oc-111">
         <name>.text:GPIOPinConfigure</name>
         <load_address>0x1468</load_address>
         <run_address>0x1468</run_address>
         <size>0x48</size>
         <input_file_ref idref="fl-147"/>
      </object_component>
      <object_component id="oc-10">
         <name>.text</name>
         <load_address>0x14b0</load_address>
         <run_address>0x14b0</run_address>
         <size>0x48</size>
         <input_file_ref idref="fl-137"/>
      </object_component>
      <object_component id="oc-7a">
         <name>.text</name>
         <load_address>0x14f8</load_address>
         <run_address>0x14f8</run_address>
         <size>0x44</size>
         <input_file_ref idref="fl-142"/>
      </object_component>
      <object_component id="oc-44">
         <name>.text</name>
         <load_address>0x153c</load_address>
         <run_address>0x153c</run_address>
         <size>0x44</size>
         <input_file_ref idref="fl-13b"/>
      </object_component>
      <object_component id="oc-17b">
         <name>.text</name>
         <load_address>0x1580</load_address>
         <run_address>0x1580</run_address>
         <size>0x42</size>
         <input_file_ref idref="fl-13e"/>
      </object_component>
      <object_component id="oc-176">
         <name>.text:UARTwrite</name>
         <load_address>0x15c2</load_address>
         <run_address>0x15c2</run_address>
         <size>0x38</size>
         <input_file_ref idref="fl-3"/>
      </object_component>
      <object_component id="oc-125">
         <name>.text:IntRegister</name>
         <load_address>0x15fc</load_address>
         <run_address>0x15fc</run_address>
         <size>0x34</size>
         <input_file_ref idref="fl-146"/>
      </object_component>
      <object_component id="oc-16f">
         <name>.text:_TimerIntNumberGet</name>
         <load_address>0x1630</load_address>
         <run_address>0x1630</run_address>
         <size>0x28</size>
         <input_file_ref idref="fl-144"/>
      </object_component>
      <object_component id="oc-b6">
         <name>.text:SPIRXFlush</name>
         <load_address>0x1658</load_address>
         <run_address>0x1658</run_address>
         <size>0x26</size>
         <input_file_ref idref="fl-6"/>
      </object_component>
      <object_component id="oc-b1">
         <name>.text:SPIDataRead</name>
         <load_address>0x167e</load_address>
         <run_address>0x167e</run_address>
         <size>0x1e</size>
         <input_file_ref idref="fl-6"/>
      </object_component>
      <object_component id="oc-ac">
         <name>.text:SPISetCSNLow</name>
         <load_address>0x169c</load_address>
         <run_address>0x169c</run_address>
         <size>0x1c</size>
         <input_file_ref idref="fl-6"/>
      </object_component>
      <object_component id="oc-120">
         <name>.text:_GPIOIntNumberGet</name>
         <load_address>0x16b8</load_address>
         <run_address>0x16b8</run_address>
         <size>0x1c</size>
         <input_file_ref idref="fl-147"/>
      </object_component>
      <object_component id="oc-c0">
         <name>.text:GPIOIntRegister</name>
         <load_address>0x16d4</load_address>
         <run_address>0x16d4</run_address>
         <size>0x18</size>
         <input_file_ref idref="fl-147"/>
      </object_component>
      <object_component id="oc-142">
         <name>.text:TimerIntRegister</name>
         <load_address>0x16ec</load_address>
         <run_address>0x16ec</run_address>
         <size>0x18</size>
         <input_file_ref idref="fl-144"/>
      </object_component>
      <object_component id="oc-3f">
         <name>.text</name>
         <load_address>0x1704</load_address>
         <run_address>0x1704</run_address>
         <size>0x18</size>
         <input_file_ref idref="fl-140"/>
      </object_component>
      <object_component id="oc-116">
         <name>.text:SSIDataGetNonBlocking</name>
         <load_address>0x171c</load_address>
         <run_address>0x171c</run_address>
         <size>0x12</size>
         <input_file_ref idref="fl-145"/>
      </object_component>
      <object_component id="oc-19">
         <name>.text:decompress:ZI</name>
         <load_address>0x172e</load_address>
         <run_address>0x172e</run_address>
         <size>0x12</size>
         <input_file_ref idref="fl-14c"/>
      </object_component>
      <object_component id="oc-14">
         <name>.text:decompress:none</name>
         <load_address>0x1740</load_address>
         <run_address>0x1740</run_address>
         <size>0xe</size>
         <input_file_ref idref="fl-14a"/>
      </object_component>
      <object_component id="oc-ca">
         <name>.text:GPIOIntEnable</name>
         <load_address>0x174e</load_address>
         <run_address>0x174e</run_address>
         <size>0xc</size>
         <input_file_ref idref="fl-147"/>
      </object_component>
      <object_component id="oc-c5">
         <name>.text:GPIOIntClear</name>
         <load_address>0x175a</load_address>
         <run_address>0x175a</run_address>
         <size>0x6</size>
         <input_file_ref idref="fl-147"/>
      </object_component>
      <object_component id="oc-16a">
         <name>.text:GPIOPinWrite</name>
         <load_address>0x1760</load_address>
         <run_address>0x1760</run_address>
         <size>0x6</size>
         <input_file_ref idref="fl-147"/>
      </object_component>
      <object_component id="oc-24">
         <name>.text:ResetISR</name>
         <load_address>0x1766</load_address>
         <run_address>0x1766</run_address>
         <size>0x6</size>
         <input_file_ref idref="fl-5"/>
      </object_component>
      <object_component id="oc-134">
         <name>.text:UARTClockSourceSet</name>
         <load_address>0x176c</load_address>
         <run_address>0x176c</run_address>
         <size>0x6</size>
         <input_file_ref idref="fl-143"/>
      </object_component>
      <object_component id="oc-1e">
         <name>.text:decompress:rle24</name>
         <load_address>0x1772</load_address>
         <run_address>0x1772</run_address>
         <size>0x6</size>
         <input_file_ref idref="fl-14b"/>
      </object_component>
      <object_component id="oc-158">
         <name>.const:g_ppui32GPIOIntMapBlizzard</name>
         <load_address>0x1778</load_address>
         <run_address>0x1778</run_address>
         <size>0xc0</size>
         <input_file_ref idref="fl-147"/>
      </object_component>
      <object_component id="oc-153">
         <name>.const:g_pui32GPIOBaseAddrs</name>
         <load_address>0x1838</load_address>
         <run_address>0x1838</run_address>
         <size>0x78</size>
         <input_file_ref idref="fl-147"/>
      </object_component>
      <object_component id="oc-15f">
         <name>.const</name>
         <load_address>0x18b0</load_address>
         <run_address>0x18b0</run_address>
         <size>0x70</size>
         <input_file_ref idref="fl-146"/>
      </object_component>
      <object_component id="oc-194">
         <name>.const:g_ppui32TimerIntMap</name>
         <load_address>0x1920</load_address>
         <run_address>0x1920</run_address>
         <size>0x60</size>
         <input_file_ref idref="fl-144"/>
      </object_component>
      <object_component id="oc-139">
         <name>.const</name>
         <load_address>0x1980</load_address>
         <run_address>0x1980</run_address>
         <size>0x18</size>
         <input_file_ref idref="fl-3"/>
      </object_component>
      <object_component id="oc-1ba">
         <name>.cinit..data.load</name>
         <load_address>0x1998</load_address>
         <run_address>0x1998</run_address>
         <size>0x12</size>
      </object_component>
      <object_component id="oc-1b7">
         <name>__TI_handler_table</name>
         <load_address>0x19ac</load_address>
         <run_address>0x19ac</run_address>
         <size>0xc</size>
      </object_component>
      <object_component id="oc-1bb">
         <name>.cinit..bss.load</name>
         <load_address>0x19b8</load_address>
         <run_address>0x19b8</run_address>
         <size>0x8</size>
      </object_component>
      <object_component id="oc-1b9">
         <name>.cinit..vtable.load</name>
         <load_address>0x19c0</load_address>
         <run_address>0x19c0</run_address>
         <size>0x8</size>
      </object_component>
      <object_component id="oc-1b8">
         <name>__TI_cinit_table</name>
         <load_address>0x19c8</load_address>
         <run_address>0x19c8</run_address>
         <size>0x18</size>
      </object_component>
      <object_component id="oc-15b">
         <name>.vtable</name>
         <uninitialized>true</uninitialized>
         <run_address>0x20000000</run_address>
         <size>0x26c</size>
         <input_file_ref idref="fl-146"/>
      </object_component>
      <object_component id="oc-49">
         <name>.data</name>
         <load_address>0x20000eb4</load_address>
         <run_address>0x20000eb4</run_address>
         <size>0x4</size>
         <input_file_ref idref="fl-13d"/>
      </object_component>
      <object_component id="oc-87">
         <name>.data</name>
         <load_address>0x20000e9c</load_address>
         <run_address>0x20000e9c</run_address>
         <size>0x8</size>
         <input_file_ref idref="fl-13f"/>
      </object_component>
      <object_component id="oc-89">
         <name>.data</name>
         <load_address>0x20000ea4</load_address>
         <run_address>0x20000ea4</run_address>
         <size>0x8</size>
         <input_file_ref idref="fl-13b"/>
      </object_component>
      <object_component id="oc-a4">
         <name>.data</name>
         <load_address>0x20000e6c</load_address>
         <run_address>0x20000e6c</run_address>
         <size>0x30</size>
         <input_file_ref idref="fl-8"/>
      </object_component>
      <object_component id="oc-13b">
         <name>.data</name>
         <load_address>0x20000eac</load_address>
         <run_address>0x20000eac</run_address>
         <size>0x8</size>
         <input_file_ref idref="fl-3"/>
      </object_component>
      <object_component id="oc-e3">
         <name>.bss:bufferA</name>
         <uninitialized>true</uninitialized>
         <run_address>0x20000a6c</run_address>
         <size>0x200</size>
         <input_file_ref idref="fl-8"/>
      </object_component>
      <object_component id="oc-e5">
         <name>.bss:bufferB</name>
         <uninitialized>true</uninitialized>
         <run_address>0x20000c6c</run_address>
         <size>0x200</size>
         <input_file_ref idref="fl-8"/>
      </object_component>
      <object_component id="oc-23">
         <name>.stack</name>
         <uninitialized>true</uninitialized>
         <run_address>0x2000026c</run_address>
         <size>0x0</size>
         <input_file_ref idref="fl-137"/>
      </object_component>
      <object_component id="oc-1bc">
         <name>.stack</name>
         <uninitialized>true</uninitialized>
         <run_address>0x2000026c</run_address>
         <size>0x0</size>
      </object_component>
      <object_component id="oc-f">
         <name>.debug_info</name>
         <load_address>0x0</load_address>
         <run_address>0x0</run_address>
         <size>0xe4</size>
         <input_file_ref idref="fl-5"/>
      </object_component>
      <object_component id="oc-12">
         <name>.debug_info</name>
         <load_address>0xe4</load_address>
         <run_address>0xe4</run_address>
         <size>0xf3</size>
         <input_file_ref idref="fl-137"/>
      </object_component>
      <object_component id="oc-15">
         <name>.debug_info</name>
         <load_address>0x1d7</load_address>
         <run_address>0x1d7</run_address>
         <size>0x194</size>
         <input_file_ref idref="fl-14a"/>
      </object_component>
      <object_component id="oc-1a">
         <name>.debug_info</name>
         <load_address>0x36b</load_address>
         <run_address>0x36b</run_address>
         <size>0x16a</size>
         <input_file_ref idref="fl-14c"/>
      </object_component>
      <object_component id="oc-1f">
         <name>.debug_info</name>
         <load_address>0x4d5</load_address>
         <run_address>0x4d5</run_address>
         <size>0x18e</size>
         <input_file_ref idref="fl-14b"/>
      </object_component>
      <object_component id="oc-25">
         <name>.debug_info</name>
         <load_address>0x663</load_address>
         <run_address>0x663</run_address>
         <size>0x114</size>
         <input_file_ref idref="fl-5"/>
      </object_component>
      <object_component id="oc-2a">
         <name>.debug_info</name>
         <load_address>0x777</load_address>
         <run_address>0x777</run_address>
         <size>0x103</size>
         <input_file_ref idref="fl-5"/>
      </object_component>
      <object_component id="oc-2f">
         <name>.debug_info</name>
         <load_address>0x87a</load_address>
         <run_address>0x87a</run_address>
         <size>0x10b</size>
         <input_file_ref idref="fl-5"/>
      </object_component>
      <object_component id="oc-34">
         <name>.debug_info</name>
         <load_address>0x985</load_address>
         <run_address>0x985</run_address>
         <size>0x11d</size>
         <input_file_ref idref="fl-5"/>
      </object_component>
      <object_component id="oc-3a">
         <name>.debug_info</name>
         <load_address>0xaa2</load_address>
         <run_address>0xaa2</run_address>
         <size>0xff</size>
         <input_file_ref idref="fl-5"/>
      </object_component>
      <object_component id="oc-3d">
         <name>.debug_info</name>
         <load_address>0xba1</load_address>
         <run_address>0xba1</run_address>
         <size>0x13d</size>
         <input_file_ref idref="fl-141"/>
      </object_component>
      <object_component id="oc-40">
         <name>.debug_info</name>
         <load_address>0xcde</load_address>
         <run_address>0xcde</run_address>
         <size>0x11c</size>
         <input_file_ref idref="fl-140"/>
      </object_component>
      <object_component id="oc-48">
         <name>.debug_info</name>
         <load_address>0xdfa</load_address>
         <run_address>0xdfa</run_address>
         <size>0x1c2</size>
         <input_file_ref idref="fl-13b"/>
      </object_component>
      <object_component id="oc-4a">
         <name>.debug_info</name>
         <load_address>0xfbc</load_address>
         <run_address>0xfbc</run_address>
         <size>0xd3</size>
         <input_file_ref idref="fl-149"/>
      </object_component>
      <object_component id="oc-4f">
         <name>.debug_info</name>
         <load_address>0x108f</load_address>
         <run_address>0x108f</run_address>
         <size>0xcc</size>
         <input_file_ref idref="fl-13c"/>
      </object_component>
      <object_component id="oc-51">
         <name>.debug_info</name>
         <load_address>0x115b</load_address>
         <run_address>0x115b</run_address>
         <size>0x46</size>
         <input_file_ref idref="fl-14a"/>
      </object_component>
      <object_component id="oc-56">
         <name>.debug_info</name>
         <load_address>0x11a1</load_address>
         <run_address>0x11a1</run_address>
         <size>0xf2</size>
         <input_file_ref idref="fl-14a"/>
      </object_component>
      <object_component id="oc-58">
         <name>.debug_info</name>
         <load_address>0x1293</load_address>
         <run_address>0x1293</run_address>
         <size>0x46</size>
         <input_file_ref idref="fl-149"/>
      </object_component>
      <object_component id="oc-5d">
         <name>.debug_info</name>
         <load_address>0x12d9</load_address>
         <run_address>0x12d9</run_address>
         <size>0xad</size>
         <input_file_ref idref="fl-14c"/>
      </object_component>
      <object_component id="oc-5f">
         <name>.debug_info</name>
         <load_address>0x1386</load_address>
         <run_address>0x1386</run_address>
         <size>0x1ef</size>
         <input_file_ref idref="fl-14b"/>
      </object_component>
      <object_component id="oc-64">
         <name>.debug_info</name>
         <load_address>0x1575</load_address>
         <run_address>0x1575</run_address>
         <size>0xb7</size>
         <input_file_ref idref="fl-14b"/>
      </object_component>
      <object_component id="oc-65">
         <name>.debug_info</name>
         <load_address>0x162c</load_address>
         <run_address>0x162c</run_address>
         <size>0x39</size>
         <input_file_ref idref="fl-14b"/>
      </object_component>
      <object_component id="oc-70">
         <name>.debug_info</name>
         <load_address>0x1665</load_address>
         <run_address>0x1665</run_address>
         <size>0x84</size>
         <input_file_ref idref="fl-5"/>
      </object_component>
      <object_component id="oc-75">
         <name>.debug_info</name>
         <load_address>0x16e9</load_address>
         <run_address>0x16e9</run_address>
         <size>0x18b</size>
         <input_file_ref idref="fl-5"/>
      </object_component>
      <object_component id="oc-7b">
         <name>.debug_info</name>
         <load_address>0x1874</load_address>
         <run_address>0x1874</run_address>
         <size>0x14b</size>
         <input_file_ref idref="fl-142"/>
      </object_component>
      <object_component id="oc-84">
         <name>.debug_info</name>
         <load_address>0x19bf</load_address>
         <run_address>0x19bf</run_address>
         <size>0x602</size>
         <input_file_ref idref="fl-149"/>
      </object_component>
      <object_component id="oc-86">
         <name>.debug_info</name>
         <load_address>0x1fc1</load_address>
         <run_address>0x1fc1</run_address>
         <size>0x11b</size>
         <input_file_ref idref="fl-140"/>
      </object_component>
      <object_component id="oc-88">
         <name>.debug_info</name>
         <load_address>0x20dc</load_address>
         <run_address>0x20dc</run_address>
         <size>0xe4</size>
         <input_file_ref idref="fl-149"/>
      </object_component>
      <object_component id="oc-8a">
         <name>.debug_info</name>
         <load_address>0x21c0</load_address>
         <run_address>0x21c0</run_address>
         <size>0xeb</size>
         <input_file_ref idref="fl-13b"/>
      </object_component>
      <object_component id="oc-8c">
         <name>.debug_info</name>
         <load_address>0x22ab</load_address>
         <run_address>0x22ab</run_address>
         <size>0x146</size>
         <input_file_ref idref="fl-13b"/>
      </object_component>
      <object_component id="oc-90">
         <name>.debug_info</name>
         <load_address>0x23f1</load_address>
         <run_address>0x23f1</run_address>
         <size>0x2c</size>
         <input_file_ref idref="fl-14a"/>
      </object_component>
      <object_component id="oc-97">
         <name>.debug_info</name>
         <load_address>0x241d</load_address>
         <run_address>0x241d</run_address>
         <size>0x2c</size>
         <input_file_ref idref="fl-142"/>
      </object_component>
      <object_component id="oc-9c">
         <name>.debug_info</name>
         <load_address>0x2449</load_address>
         <run_address>0x2449</run_address>
         <size>0x7d1</size>
         <input_file_ref idref="fl-149"/>
      </object_component>
      <object_component id="oc-a3">
         <name>.debug_info</name>
         <load_address>0x2c1a</load_address>
         <run_address>0x2c1a</run_address>
         <size>0x148</size>
         <input_file_ref idref="fl-142"/>
      </object_component>
      <object_component id="oc-a5">
         <name>.debug_info</name>
         <load_address>0x2d62</load_address>
         <run_address>0x2d62</run_address>
         <size>0x1ad</size>
         <input_file_ref idref="fl-149"/>
      </object_component>
      <object_component id="oc-a6">
         <name>.debug_info</name>
         <load_address>0x2f0f</load_address>
         <run_address>0x2f0f</run_address>
         <size>0x200</size>
         <input_file_ref idref="fl-149"/>
      </object_component>
      <object_component id="oc-ab">
         <name>.debug_info</name>
         <load_address>0x310f</load_address>
         <run_address>0x310f</run_address>
         <size>0x1d7</size>
         <input_file_ref idref="fl-149"/>
      </object_component>
      <object_component id="oc-b0">
         <name>.debug_info</name>
         <load_address>0x32e6</load_address>
         <run_address>0x32e6</run_address>
         <size>0x102</size>
         <input_file_ref idref="fl-149"/>
      </object_component>
      <object_component id="oc-b5">
         <name>.debug_info</name>
         <load_address>0x33e8</load_address>
         <run_address>0x33e8</run_address>
         <size>0x122</size>
         <input_file_ref idref="fl-149"/>
      </object_component>
      <object_component id="oc-ba">
         <name>.debug_info</name>
         <load_address>0x350a</load_address>
         <run_address>0x350a</run_address>
         <size>0x159</size>
         <input_file_ref idref="fl-149"/>
      </object_component>
      <object_component id="oc-bf">
         <name>.debug_info</name>
         <load_address>0x3663</load_address>
         <run_address>0x3663</run_address>
         <size>0x254</size>
         <input_file_ref idref="fl-149"/>
      </object_component>
      <object_component id="oc-c1">
         <name>.debug_info</name>
         <load_address>0x38b7</load_address>
         <run_address>0x38b7</run_address>
         <size>0x234</size>
         <input_file_ref idref="fl-147"/>
      </object_component>
      <object_component id="oc-c6">
         <name>.debug_info</name>
         <load_address>0x3aeb</load_address>
         <run_address>0x3aeb</run_address>
         <size>0x1d9</size>
         <input_file_ref idref="fl-147"/>
      </object_component>
      <object_component id="oc-cb">
         <name>.debug_info</name>
         <load_address>0x3cc4</load_address>
         <run_address>0x3cc4</run_address>
         <size>0x1db</size>
         <input_file_ref idref="fl-147"/>
      </object_component>
      <object_component id="oc-d3">
         <name>.debug_info</name>
         <load_address>0x3e9f</load_address>
         <run_address>0x3e9f</run_address>
         <size>0x16d</size>
         <input_file_ref idref="fl-149"/>
      </object_component>
      <object_component id="oc-d8">
         <name>.debug_info</name>
         <load_address>0x400c</load_address>
         <run_address>0x400c</run_address>
         <size>0x15e</size>
         <input_file_ref idref="fl-149"/>
      </object_component>
      <object_component id="oc-dd">
         <name>.debug_info</name>
         <load_address>0x416a</load_address>
         <run_address>0x416a</run_address>
         <size>0x135</size>
         <input_file_ref idref="fl-149"/>
      </object_component>
      <object_component id="oc-e2">
         <name>.debug_info</name>
         <load_address>0x429f</load_address>
         <run_address>0x429f</run_address>
         <size>0x161</size>
         <input_file_ref idref="fl-149"/>
      </object_component>
      <object_component id="oc-e4">
         <name>.debug_info</name>
         <load_address>0x4400</load_address>
         <run_address>0x4400</run_address>
         <size>0xc9</size>
         <input_file_ref idref="fl-149"/>
      </object_component>
      <object_component id="oc-e6">
         <name>.debug_info</name>
         <load_address>0x44c9</load_address>
         <run_address>0x44c9</run_address>
         <size>0xc9</size>
         <input_file_ref idref="fl-149"/>
      </object_component>
      <object_component id="oc-eb">
         <name>.debug_info</name>
         <load_address>0x4592</load_address>
         <run_address>0x4592</run_address>
         <size>0x255</size>
         <input_file_ref idref="fl-149"/>
      </object_component>
      <object_component id="oc-ef">
         <name>.debug_info</name>
         <load_address>0x47e7</load_address>
         <run_address>0x47e7</run_address>
         <size>0x5e</size>
         <input_file_ref idref="fl-140"/>
      </object_component>
      <object_component id="oc-f8">
         <name>.debug_info</name>
         <load_address>0x4845</load_address>
         <run_address>0x4845</run_address>
         <size>0xe9</size>
         <input_file_ref idref="fl-149"/>
      </object_component>
      <object_component id="oc-101">
         <name>.debug_info</name>
         <load_address>0x492e</load_address>
         <run_address>0x492e</run_address>
         <size>0x162</size>
         <input_file_ref idref="fl-149"/>
      </object_component>
      <object_component id="oc-108">
         <name>.debug_info</name>
         <load_address>0x4a90</load_address>
         <run_address>0x4a90</run_address>
         <size>0xcd</size>
         <input_file_ref idref="fl-142"/>
      </object_component>
      <object_component id="oc-112">
         <name>.debug_info</name>
         <load_address>0x4b5d</load_address>
         <run_address>0x4b5d</run_address>
         <size>0x1cc</size>
         <input_file_ref idref="fl-147"/>
      </object_component>
      <object_component id="oc-117">
         <name>.debug_info</name>
         <load_address>0x4d29</load_address>
         <run_address>0x4d29</run_address>
         <size>0x1e6</size>
         <input_file_ref idref="fl-145"/>
      </object_component>
      <object_component id="oc-121">
         <name>.debug_info</name>
         <load_address>0x4f0f</load_address>
         <run_address>0x4f0f</run_address>
         <size>0x1a1</size>
         <input_file_ref idref="fl-147"/>
      </object_component>
      <object_component id="oc-126">
         <name>.debug_info</name>
         <load_address>0x50b0</load_address>
         <run_address>0x50b0</run_address>
         <size>0x20d</size>
         <input_file_ref idref="fl-146"/>
      </object_component>
      <object_component id="oc-12c">
         <name>.debug_info</name>
         <load_address>0x52bd</load_address>
         <run_address>0x52bd</run_address>
         <size>0x1b4</size>
         <input_file_ref idref="fl-146"/>
      </object_component>
      <object_component id="oc-130">
         <name>.debug_info</name>
         <load_address>0x5471</load_address>
         <run_address>0x5471</run_address>
         <size>0x1d0</size>
         <input_file_ref idref="fl-147"/>
      </object_component>
      <object_component id="oc-135">
         <name>.debug_info</name>
         <load_address>0x5641</load_address>
         <run_address>0x5641</run_address>
         <size>0x1dd</size>
         <input_file_ref idref="fl-143"/>
      </object_component>
      <object_component id="oc-13a">
         <name>.debug_info</name>
         <load_address>0x581e</load_address>
         <run_address>0x581e</run_address>
         <size>0x10a</size>
         <input_file_ref idref="fl-149"/>
      </object_component>
      <object_component id="oc-13c">
         <name>.debug_info</name>
         <load_address>0x5928</load_address>
         <run_address>0x5928</run_address>
         <size>0xd0</size>
         <input_file_ref idref="fl-149"/>
      </object_component>
      <object_component id="oc-143">
         <name>.debug_info</name>
         <load_address>0x59f8</load_address>
         <run_address>0x59f8</run_address>
         <size>0x264</size>
         <input_file_ref idref="fl-144"/>
      </object_component>
      <object_component id="oc-14b">
         <name>.debug_info</name>
         <load_address>0x5c5c</load_address>
         <run_address>0x5c5c</run_address>
         <size>0x315</size>
         <input_file_ref idref="fl-149"/>
      </object_component>
      <object_component id="oc-154">
         <name>.debug_info</name>
         <load_address>0x5f71</load_address>
         <run_address>0x5f71</run_address>
         <size>0x101</size>
         <input_file_ref idref="fl-147"/>
      </object_component>
      <object_component id="oc-157">
         <name>.debug_info</name>
         <load_address>0x6072</load_address>
         <run_address>0x6072</run_address>
         <size>0x1bc</size>
         <input_file_ref idref="fl-145"/>
      </object_component>
      <object_component id="oc-159">
         <name>.debug_info</name>
         <load_address>0x622e</load_address>
         <run_address>0x622e</run_address>
         <size>0x10d</size>
         <input_file_ref idref="fl-147"/>
      </object_component>
      <object_component id="oc-15c">
         <name>.debug_info</name>
         <load_address>0x633b</load_address>
         <run_address>0x633b</run_address>
         <size>0xfd</size>
         <input_file_ref idref="fl-146"/>
      </object_component>
      <object_component id="oc-15e">
         <name>.debug_info</name>
         <load_address>0x6438</load_address>
         <run_address>0x6438</run_address>
         <size>0x1b4</size>
         <input_file_ref idref="fl-146"/>
      </object_component>
      <object_component id="oc-160">
         <name>.debug_info</name>
         <load_address>0x65ec</load_address>
         <run_address>0x65ec</run_address>
         <size>0x1b6</size>
         <input_file_ref idref="fl-146"/>
      </object_component>
      <object_component id="oc-165">
         <name>.debug_info</name>
         <load_address>0x67a2</load_address>
         <run_address>0x67a2</run_address>
         <size>0x1c7</size>
         <input_file_ref idref="fl-143"/>
      </object_component>
      <object_component id="oc-16b">
         <name>.debug_info</name>
         <load_address>0x6969</load_address>
         <run_address>0x6969</run_address>
         <size>0x1ef</size>
         <input_file_ref idref="fl-147"/>
      </object_component>
      <object_component id="oc-170">
         <name>.debug_info</name>
         <load_address>0x6b58</load_address>
         <run_address>0x6b58</run_address>
         <size>0x1f9</size>
         <input_file_ref idref="fl-144"/>
      </object_component>
      <object_component id="oc-175">
         <name>.debug_info</name>
         <load_address>0x6d51</load_address>
         <run_address>0x6d51</run_address>
         <size>0x1b8</size>
         <input_file_ref idref="fl-144"/>
      </object_component>
      <object_component id="oc-17a">
         <name>.debug_info</name>
         <load_address>0x6f09</load_address>
         <run_address>0x6f09</run_address>
         <size>0x1a8</size>
         <input_file_ref idref="fl-149"/>
      </object_component>
      <object_component id="oc-17c">
         <name>.debug_info</name>
         <load_address>0x70b1</load_address>
         <run_address>0x70b1</run_address>
         <size>0x137</size>
         <input_file_ref idref="fl-13e"/>
      </object_component>
      <object_component id="oc-180">
         <name>.debug_info</name>
         <load_address>0x71e8</load_address>
         <run_address>0x71e8</run_address>
         <size>0x4e</size>
         <input_file_ref idref="fl-143"/>
      </object_component>
      <object_component id="oc-195">
         <name>.debug_info</name>
         <load_address>0x7236</load_address>
         <run_address>0x7236</run_address>
         <size>0x100</size>
         <input_file_ref idref="fl-144"/>
      </object_component>
      <object_component id="oc-1bd">
         <name>.debug_info</name>
         <load_address>0x7336</load_address>
         <run_address>0x7336</run_address>
         <size>0xab</size>
      </object_component>
      <object_component id="oc-11">
         <name>.debug_aranges</name>
         <load_address>0x0</load_address>
         <run_address>0x0</run_address>
         <size>0x20</size>
         <input_file_ref idref="fl-137"/>
      </object_component>
      <object_component id="oc-17">
         <name>.debug_aranges</name>
         <load_address>0x20</load_address>
         <run_address>0x20</run_address>
         <size>0x20</size>
         <input_file_ref idref="fl-14a"/>
      </object_component>
      <object_component id="oc-1d">
         <name>.debug_aranges</name>
         <load_address>0x40</load_address>
         <run_address>0x40</run_address>
         <size>0x20</size>
         <input_file_ref idref="fl-14c"/>
      </object_component>
      <object_component id="oc-22">
         <name>.debug_aranges</name>
         <load_address>0x60</load_address>
         <run_address>0x60</run_address>
         <size>0x20</size>
         <input_file_ref idref="fl-14b"/>
      </object_component>
      <object_component id="oc-28">
         <name>.debug_aranges</name>
         <load_address>0x80</load_address>
         <run_address>0x80</run_address>
         <size>0x20</size>
         <input_file_ref idref="fl-5"/>
      </object_component>
      <object_component id="oc-2d">
         <name>.debug_aranges</name>
         <load_address>0xa0</load_address>
         <run_address>0xa0</run_address>
         <size>0x20</size>
         <input_file_ref idref="fl-5"/>
      </object_component>
      <object_component id="oc-32">
         <name>.debug_aranges</name>
         <load_address>0xc0</load_address>
         <run_address>0xc0</run_address>
         <size>0x20</size>
         <input_file_ref idref="fl-5"/>
      </object_component>
      <object_component id="oc-37">
         <name>.debug_aranges</name>
         <load_address>0xe0</load_address>
         <run_address>0xe0</run_address>
         <size>0x20</size>
         <input_file_ref idref="fl-5"/>
      </object_component>
      <object_component id="oc-3e">
         <name>.debug_aranges</name>
         <load_address>0x100</load_address>
         <run_address>0x100</run_address>
         <size>0x28</size>
         <input_file_ref idref="fl-141"/>
      </object_component>
      <object_component id="oc-43">
         <name>.debug_aranges</name>
         <load_address>0x128</load_address>
         <run_address>0x128</run_address>
         <size>0x20</size>
         <input_file_ref idref="fl-140"/>
      </object_component>
      <object_component id="oc-45">
         <name>.debug_aranges</name>
         <load_address>0x148</load_address>
         <run_address>0x148</run_address>
         <size>0x30</size>
         <input_file_ref idref="fl-13b"/>
      </object_component>
      <object_component id="oc-4d">
         <name>.debug_aranges</name>
         <load_address>0x178</load_address>
         <run_address>0x178</run_address>
         <size>0x20</size>
         <input_file_ref idref="fl-13c"/>
      </object_component>
      <object_component id="oc-62">
         <name>.debug_aranges</name>
         <load_address>0x198</load_address>
         <run_address>0x198</run_address>
         <size>0x20</size>
         <input_file_ref idref="fl-14b"/>
      </object_component>
      <object_component id="oc-7e">
         <name>.debug_aranges</name>
         <load_address>0x1b8</load_address>
         <run_address>0x1b8</run_address>
         <size>0x20</size>
         <input_file_ref idref="fl-142"/>
      </object_component>
      <object_component id="oc-81">
         <name>.debug_aranges</name>
         <load_address>0x1d8</load_address>
         <run_address>0x1d8</run_address>
         <size>0x20</size>
         <input_file_ref idref="fl-149"/>
      </object_component>
      <object_component id="oc-a8">
         <name>.debug_aranges</name>
         <load_address>0x1f8</load_address>
         <run_address>0x1f8</run_address>
         <size>0x20</size>
         <input_file_ref idref="fl-149"/>
      </object_component>
      <object_component id="oc-ad">
         <name>.debug_aranges</name>
         <load_address>0x218</load_address>
         <run_address>0x218</run_address>
         <size>0x20</size>
         <input_file_ref idref="fl-149"/>
      </object_component>
      <object_component id="oc-b2">
         <name>.debug_aranges</name>
         <load_address>0x238</load_address>
         <run_address>0x238</run_address>
         <size>0x20</size>
         <input_file_ref idref="fl-149"/>
      </object_component>
      <object_component id="oc-b7">
         <name>.debug_aranges</name>
         <load_address>0x258</load_address>
         <run_address>0x258</run_address>
         <size>0x20</size>
         <input_file_ref idref="fl-149"/>
      </object_component>
      <object_component id="oc-bc">
         <name>.debug_aranges</name>
         <load_address>0x278</load_address>
         <run_address>0x278</run_address>
         <size>0x20</size>
         <input_file_ref idref="fl-149"/>
      </object_component>
      <object_component id="oc-c4">
         <name>.debug_aranges</name>
         <load_address>0x298</load_address>
         <run_address>0x298</run_address>
         <size>0x20</size>
         <input_file_ref idref="fl-147"/>
      </object_component>
      <object_component id="oc-c9">
         <name>.debug_aranges</name>
         <load_address>0x2b8</load_address>
         <run_address>0x2b8</run_address>
         <size>0x20</size>
         <input_file_ref idref="fl-147"/>
      </object_component>
      <object_component id="oc-ce">
         <name>.debug_aranges</name>
         <load_address>0x2d8</load_address>
         <run_address>0x2d8</run_address>
         <size>0x20</size>
         <input_file_ref idref="fl-147"/>
      </object_component>
      <object_component id="oc-d0">
         <name>.debug_aranges</name>
         <load_address>0x2f8</load_address>
         <run_address>0x2f8</run_address>
         <size>0x20</size>
         <input_file_ref idref="fl-149"/>
      </object_component>
      <object_component id="oc-d5">
         <name>.debug_aranges</name>
         <load_address>0x318</load_address>
         <run_address>0x318</run_address>
         <size>0x20</size>
         <input_file_ref idref="fl-149"/>
      </object_component>
      <object_component id="oc-da">
         <name>.debug_aranges</name>
         <load_address>0x338</load_address>
         <run_address>0x338</run_address>
         <size>0x20</size>
         <input_file_ref idref="fl-149"/>
      </object_component>
      <object_component id="oc-df">
         <name>.debug_aranges</name>
         <load_address>0x358</load_address>
         <run_address>0x358</run_address>
         <size>0x20</size>
         <input_file_ref idref="fl-149"/>
      </object_component>
      <object_component id="oc-e8">
         <name>.debug_aranges</name>
         <load_address>0x378</load_address>
         <run_address>0x378</run_address>
         <size>0x20</size>
         <input_file_ref idref="fl-149"/>
      </object_component>
      <object_component id="oc-f5">
         <name>.debug_aranges</name>
         <load_address>0x398</load_address>
         <run_address>0x398</run_address>
         <size>0x20</size>
         <input_file_ref idref="fl-149"/>
      </object_component>
      <object_component id="oc-115">
         <name>.debug_aranges</name>
         <load_address>0x3b8</load_address>
         <run_address>0x3b8</run_address>
         <size>0x20</size>
         <input_file_ref idref="fl-147"/>
      </object_component>
      <object_component id="oc-11a">
         <name>.debug_aranges</name>
         <load_address>0x3d8</load_address>
         <run_address>0x3d8</run_address>
         <size>0x20</size>
         <input_file_ref idref="fl-145"/>
      </object_component>
      <object_component id="oc-124">
         <name>.debug_aranges</name>
         <load_address>0x3f8</load_address>
         <run_address>0x3f8</run_address>
         <size>0x20</size>
         <input_file_ref idref="fl-147"/>
      </object_component>
      <object_component id="oc-129">
         <name>.debug_aranges</name>
         <load_address>0x418</load_address>
         <run_address>0x418</run_address>
         <size>0x20</size>
         <input_file_ref idref="fl-146"/>
      </object_component>
      <object_component id="oc-12e">
         <name>.debug_aranges</name>
         <load_address>0x438</load_address>
         <run_address>0x438</run_address>
         <size>0x20</size>
         <input_file_ref idref="fl-146"/>
      </object_component>
      <object_component id="oc-138">
         <name>.debug_aranges</name>
         <load_address>0x458</load_address>
         <run_address>0x458</run_address>
         <size>0x20</size>
         <input_file_ref idref="fl-143"/>
      </object_component>
      <object_component id="oc-140">
         <name>.debug_aranges</name>
         <load_address>0x478</load_address>
         <run_address>0x478</run_address>
         <size>0x20</size>
         <input_file_ref idref="fl-149"/>
      </object_component>
      <object_component id="oc-146">
         <name>.debug_aranges</name>
         <load_address>0x498</load_address>
         <run_address>0x498</run_address>
         <size>0x20</size>
         <input_file_ref idref="fl-144"/>
      </object_component>
      <object_component id="oc-148">
         <name>.debug_aranges</name>
         <load_address>0x4b8</load_address>
         <run_address>0x4b8</run_address>
         <size>0x20</size>
         <input_file_ref idref="fl-149"/>
      </object_component>
      <object_component id="oc-16e">
         <name>.debug_aranges</name>
         <load_address>0x4d8</load_address>
         <run_address>0x4d8</run_address>
         <size>0x20</size>
         <input_file_ref idref="fl-147"/>
      </object_component>
      <object_component id="oc-173">
         <name>.debug_aranges</name>
         <load_address>0x4f8</load_address>
         <run_address>0x4f8</run_address>
         <size>0x20</size>
         <input_file_ref idref="fl-144"/>
      </object_component>
      <object_component id="oc-177">
         <name>.debug_aranges</name>
         <load_address>0x518</load_address>
         <run_address>0x518</run_address>
         <size>0x20</size>
         <input_file_ref idref="fl-149"/>
      </object_component>
      <object_component id="oc-17e">
         <name>.debug_aranges</name>
         <load_address>0x538</load_address>
         <run_address>0x538</run_address>
         <size>0x28</size>
         <input_file_ref idref="fl-13e"/>
      </object_component>
      <object_component id="oc-13">
         <name>.debug_line</name>
         <load_address>0x0</load_address>
         <run_address>0x0</run_address>
         <size>0x4f</size>
         <input_file_ref idref="fl-137"/>
      </object_component>
      <object_component id="oc-18">
         <name>.debug_line</name>
         <load_address>0x4f</load_address>
         <run_address>0x4f</run_address>
         <size>0x55</size>
         <input_file_ref idref="fl-14a"/>
      </object_component>
      <object_component id="oc-1b">
         <name>.debug_line</name>
         <load_address>0xa4</load_address>
         <run_address>0xa4</run_address>
         <size>0x4c</size>
         <input_file_ref idref="fl-14c"/>
      </object_component>
      <object_component id="oc-20">
         <name>.debug_line</name>
         <load_address>0xf0</load_address>
         <run_address>0xf0</run_address>
         <size>0x4b</size>
         <input_file_ref idref="fl-14b"/>
      </object_component>
      <object_component id="oc-26">
         <name>.debug_line</name>
         <load_address>0x13b</load_address>
         <run_address>0x13b</run_address>
         <size>0x46</size>
         <input_file_ref idref="fl-5"/>
      </object_component>
      <object_component id="oc-2b">
         <name>.debug_line</name>
         <load_address>0x181</load_address>
         <run_address>0x181</run_address>
         <size>0x49</size>
         <input_file_ref idref="fl-5"/>
      </object_component>
      <object_component id="oc-30">
         <name>.debug_line</name>
         <load_address>0x1ca</load_address>
         <run_address>0x1ca</run_address>
         <size>0x49</size>
         <input_file_ref idref="fl-5"/>
      </object_component>
      <object_component id="oc-35">
         <name>.debug_line</name>
         <load_address>0x213</load_address>
         <run_address>0x213</run_address>
         <size>0x49</size>
         <input_file_ref idref="fl-5"/>
      </object_component>
      <object_component id="oc-39">
         <name>.debug_line</name>
         <load_address>0x25c</load_address>
         <run_address>0x25c</run_address>
         <size>0x34</size>
         <input_file_ref idref="fl-5"/>
      </object_component>
      <object_component id="oc-3c">
         <name>.debug_line</name>
         <load_address>0x290</load_address>
         <run_address>0x290</run_address>
         <size>0x87</size>
         <input_file_ref idref="fl-141"/>
      </object_component>
      <object_component id="oc-41">
         <name>.debug_line</name>
         <load_address>0x317</load_address>
         <run_address>0x317</run_address>
         <size>0x50</size>
         <input_file_ref idref="fl-140"/>
      </object_component>
      <object_component id="oc-47">
         <name>.debug_line</name>
         <load_address>0x367</load_address>
         <run_address>0x367</run_address>
         <size>0x7a</size>
         <input_file_ref idref="fl-13b"/>
      </object_component>
      <object_component id="oc-4e">
         <name>.debug_line</name>
         <load_address>0x3e1</load_address>
         <run_address>0x3e1</run_address>
         <size>0x88</size>
         <input_file_ref idref="fl-13c"/>
      </object_component>
      <object_component id="oc-53">
         <name>.debug_line</name>
         <load_address>0x469</load_address>
         <run_address>0x469</run_address>
         <size>0x3a</size>
         <input_file_ref idref="fl-14a"/>
      </object_component>
      <object_component id="oc-5a">
         <name>.debug_line</name>
         <load_address>0x4a3</load_address>
         <run_address>0x4a3</run_address>
         <size>0x34</size>
         <input_file_ref idref="fl-149"/>
      </object_component>
      <object_component id="oc-60">
         <name>.debug_line</name>
         <load_address>0x4d7</load_address>
         <run_address>0x4d7</run_address>
         <size>0x8c</size>
         <input_file_ref idref="fl-14b"/>
      </object_component>
      <object_component id="oc-67">
         <name>.debug_line</name>
         <load_address>0x563</load_address>
         <run_address>0x563</run_address>
         <size>0x39</size>
         <input_file_ref idref="fl-14b"/>
      </object_component>
      <object_component id="oc-6f">
         <name>.debug_line</name>
         <load_address>0x59c</load_address>
         <run_address>0x59c</run_address>
         <size>0x34</size>
         <input_file_ref idref="fl-5"/>
      </object_component>
      <object_component id="oc-72">
         <name>.debug_line</name>
         <load_address>0x5d0</load_address>
         <run_address>0x5d0</run_address>
         <size>0x20</size>
         <input_file_ref idref="fl-5"/>
      </object_component>
      <object_component id="oc-77">
         <name>.debug_line</name>
         <load_address>0x5f0</load_address>
         <run_address>0x5f0</run_address>
         <size>0x59</size>
         <input_file_ref idref="fl-5"/>
      </object_component>
      <object_component id="oc-7c">
         <name>.debug_line</name>
         <load_address>0x649</load_address>
         <run_address>0x649</run_address>
         <size>0x6d</size>
         <input_file_ref idref="fl-142"/>
      </object_component>
      <object_component id="oc-83">
         <name>.debug_line</name>
         <load_address>0x6b6</load_address>
         <run_address>0x6b6</run_address>
         <size>0x2e8</size>
         <input_file_ref idref="fl-149"/>
      </object_component>
      <object_component id="oc-8e">
         <name>.debug_line</name>
         <load_address>0x99e</load_address>
         <run_address>0x99e</run_address>
         <size>0x33</size>
         <input_file_ref idref="fl-149"/>
      </object_component>
      <object_component id="oc-92">
         <name>.debug_line</name>
         <load_address>0x9d1</load_address>
         <run_address>0x9d1</run_address>
         <size>0x44</size>
         <input_file_ref idref="fl-14a"/>
      </object_component>
      <object_component id="oc-96">
         <name>.debug_line</name>
         <load_address>0xa15</load_address>
         <run_address>0xa15</run_address>
         <size>0x20</size>
         <input_file_ref idref="fl-14a"/>
      </object_component>
      <object_component id="oc-99">
         <name>.debug_line</name>
         <load_address>0xa35</load_address>
         <run_address>0xa35</run_address>
         <size>0x44</size>
         <input_file_ref idref="fl-142"/>
      </object_component>
      <object_component id="oc-9e">
         <name>.debug_line</name>
         <load_address>0xa79</load_address>
         <run_address>0xa79</run_address>
         <size>0x20</size>
         <input_file_ref idref="fl-14c"/>
      </object_component>
      <object_component id="oc-a1">
         <name>.debug_line</name>
         <load_address>0xa99</load_address>
         <run_address>0xa99</run_address>
         <size>0x20</size>
         <input_file_ref idref="fl-14b"/>
      </object_component>
      <object_component id="oc-aa">
         <name>.debug_line</name>
         <load_address>0xab9</load_address>
         <run_address>0xab9</run_address>
         <size>0x4c</size>
         <input_file_ref idref="fl-149"/>
      </object_component>
      <object_component id="oc-af">
         <name>.debug_line</name>
         <load_address>0xb05</load_address>
         <run_address>0xb05</run_address>
         <size>0x3e</size>
         <input_file_ref idref="fl-149"/>
      </object_component>
      <object_component id="oc-b4">
         <name>.debug_line</name>
         <load_address>0xb43</load_address>
         <run_address>0xb43</run_address>
         <size>0x41</size>
         <input_file_ref idref="fl-149"/>
      </object_component>
      <object_component id="oc-b9">
         <name>.debug_line</name>
         <load_address>0xb84</load_address>
         <run_address>0xb84</run_address>
         <size>0x41</size>
         <input_file_ref idref="fl-149"/>
      </object_component>
      <object_component id="oc-be">
         <name>.debug_line</name>
         <load_address>0xbc5</load_address>
         <run_address>0xbc5</run_address>
         <size>0x103</size>
         <input_file_ref idref="fl-149"/>
      </object_component>
      <object_component id="oc-c2">
         <name>.debug_line</name>
         <load_address>0xcc8</load_address>
         <run_address>0xcc8</run_address>
         <size>0x6c</size>
         <input_file_ref idref="fl-147"/>
      </object_component>
      <object_component id="oc-c7">
         <name>.debug_line</name>
         <load_address>0xd34</load_address>
         <run_address>0xd34</run_address>
         <size>0x65</size>
         <input_file_ref idref="fl-147"/>
      </object_component>
      <object_component id="oc-cc">
         <name>.debug_line</name>
         <load_address>0xd99</load_address>
         <run_address>0xd99</run_address>
         <size>0x65</size>
         <input_file_ref idref="fl-147"/>
      </object_component>
      <object_component id="oc-d2">
         <name>.debug_line</name>
         <load_address>0xdfe</load_address>
         <run_address>0xdfe</run_address>
         <size>0x4c</size>
         <input_file_ref idref="fl-149"/>
      </object_component>
      <object_component id="oc-d7">
         <name>.debug_line</name>
         <load_address>0xe4a</load_address>
         <run_address>0xe4a</run_address>
         <size>0x8b</size>
         <input_file_ref idref="fl-149"/>
      </object_component>
      <object_component id="oc-dc">
         <name>.debug_line</name>
         <load_address>0xed5</load_address>
         <run_address>0xed5</run_address>
         <size>0x49</size>
         <input_file_ref idref="fl-149"/>
      </object_component>
      <object_component id="oc-e1">
         <name>.debug_line</name>
         <load_address>0xf1e</load_address>
         <run_address>0xf1e</run_address>
         <size>0x49</size>
         <input_file_ref idref="fl-149"/>
      </object_component>
      <object_component id="oc-ea">
         <name>.debug_line</name>
         <load_address>0xf67</load_address>
         <run_address>0xf67</run_address>
         <size>0xa7</size>
         <input_file_ref idref="fl-149"/>
      </object_component>
      <object_component id="oc-ee">
         <name>.debug_line</name>
         <load_address>0x100e</load_address>
         <run_address>0x100e</run_address>
         <size>0x2b</size>
         <input_file_ref idref="fl-140"/>
      </object_component>
      <object_component id="oc-f1">
         <name>.debug_line</name>
         <load_address>0x1039</load_address>
         <run_address>0x1039</run_address>
         <size>0x2b</size>
         <input_file_ref idref="fl-140"/>
      </object_component>
      <object_component id="oc-f7">
         <name>.debug_line</name>
         <load_address>0x1064</load_address>
         <run_address>0x1064</run_address>
         <size>0x3a</size>
         <input_file_ref idref="fl-149"/>
      </object_component>
      <object_component id="oc-fa">
         <name>.debug_line</name>
         <load_address>0x109e</load_address>
         <run_address>0x109e</run_address>
         <size>0x2b</size>
         <input_file_ref idref="fl-149"/>
      </object_component>
      <object_component id="oc-fc">
         <name>.debug_line</name>
         <load_address>0x10c9</load_address>
         <run_address>0x10c9</run_address>
         <size>0x2a</size>
         <input_file_ref idref="fl-13b"/>
      </object_component>
      <object_component id="oc-fe">
         <name>.debug_line</name>
         <load_address>0x10f3</load_address>
         <run_address>0x10f3</run_address>
         <size>0x43</size>
         <input_file_ref idref="fl-13b"/>
      </object_component>
      <object_component id="oc-100">
         <name>.debug_line</name>
         <load_address>0x1136</load_address>
         <run_address>0x1136</run_address>
         <size>0xed</size>
         <input_file_ref idref="fl-149"/>
      </object_component>
      <object_component id="oc-103">
         <name>.debug_line</name>
         <load_address>0x1223</load_address>
         <run_address>0x1223</run_address>
         <size>0x57</size>
         <input_file_ref idref="fl-149"/>
      </object_component>
      <object_component id="oc-107">
         <name>.debug_line</name>
         <load_address>0x127a</load_address>
         <run_address>0x127a</run_address>
         <size>0x51</size>
         <input_file_ref idref="fl-142"/>
      </object_component>
      <object_component id="oc-10a">
         <name>.debug_line</name>
         <load_address>0x12cb</load_address>
         <run_address>0x12cb</run_address>
         <size>0x45</size>
         <input_file_ref idref="fl-142"/>
      </object_component>
      <object_component id="oc-10e">
         <name>.debug_line</name>
         <load_address>0x1310</load_address>
         <run_address>0x1310</run_address>
         <size>0xbb</size>
         <input_file_ref idref="fl-149"/>
      </object_component>
      <object_component id="oc-110">
         <name>.debug_line</name>
         <load_address>0x13cb</load_address>
         <run_address>0x13cb</run_address>
         <size>0x2d</size>
         <input_file_ref idref="fl-149"/>
      </object_component>
      <object_component id="oc-113">
         <name>.debug_line</name>
         <load_address>0x13f8</load_address>
         <run_address>0x13f8</run_address>
         <size>0x7a</size>
         <input_file_ref idref="fl-147"/>
      </object_component>
      <object_component id="oc-118">
         <name>.debug_line</name>
         <load_address>0x1472</load_address>
         <run_address>0x1472</run_address>
         <size>0x6a</size>
         <input_file_ref idref="fl-145"/>
      </object_component>
      <object_component id="oc-122">
         <name>.debug_line</name>
         <load_address>0x14dc</load_address>
         <run_address>0x14dc</run_address>
         <size>0x71</size>
         <input_file_ref idref="fl-147"/>
      </object_component>
      <object_component id="oc-127">
         <name>.debug_line</name>
         <load_address>0x154d</load_address>
         <run_address>0x154d</run_address>
         <size>0x82</size>
         <input_file_ref idref="fl-146"/>
      </object_component>
      <object_component id="oc-12d">
         <name>.debug_line</name>
         <load_address>0x15cf</load_address>
         <run_address>0x15cf</run_address>
         <size>0x95</size>
         <input_file_ref idref="fl-146"/>
      </object_component>
      <object_component id="oc-136">
         <name>.debug_line</name>
         <load_address>0x1664</load_address>
         <run_address>0x1664</run_address>
         <size>0x65</size>
         <input_file_ref idref="fl-143"/>
      </object_component>
      <object_component id="oc-144">
         <name>.debug_line</name>
         <load_address>0x16c9</load_address>
         <run_address>0x16c9</run_address>
         <size>0x6d</size>
         <input_file_ref idref="fl-144"/>
      </object_component>
      <object_component id="oc-14a">
         <name>.debug_line</name>
         <load_address>0x1736</load_address>
         <run_address>0x1736</run_address>
         <size>0x222</size>
         <input_file_ref idref="fl-149"/>
      </object_component>
      <object_component id="oc-14e">
         <name>.debug_line</name>
         <load_address>0x1958</load_address>
         <run_address>0x1958</run_address>
         <size>0x2d</size>
         <input_file_ref idref="fl-149"/>
      </object_component>
      <object_component id="oc-150">
         <name>.debug_line</name>
         <load_address>0x1985</load_address>
         <run_address>0x1985</run_address>
         <size>0x2d</size>
         <input_file_ref idref="fl-149"/>
      </object_component>
      <object_component id="oc-163">
         <name>.debug_line</name>
         <load_address>0x19b2</load_address>
         <run_address>0x19b2</run_address>
         <size>0x55</size>
         <input_file_ref idref="fl-147"/>
      </object_component>
      <object_component id="oc-167">
         <name>.debug_line</name>
         <load_address>0x1a07</load_address>
         <run_address>0x1a07</run_address>
         <size>0x51</size>
         <input_file_ref idref="fl-149"/>
      </object_component>
      <object_component id="oc-169">
         <name>.debug_line</name>
         <load_address>0x1a58</load_address>
         <run_address>0x1a58</run_address>
         <size>0x51</size>
         <input_file_ref idref="fl-149"/>
      </object_component>
      <object_component id="oc-16c">
         <name>.debug_line</name>
         <load_address>0x1aa9</load_address>
         <run_address>0x1aa9</run_address>
         <size>0x65</size>
         <input_file_ref idref="fl-147"/>
      </object_component>
      <object_component id="oc-171">
         <name>.debug_line</name>
         <load_address>0x1b0e</load_address>
         <run_address>0x1b0e</run_address>
         <size>0x76</size>
         <input_file_ref idref="fl-144"/>
      </object_component>
      <object_component id="oc-179">
         <name>.debug_line</name>
         <load_address>0x1b84</load_address>
         <run_address>0x1b84</run_address>
         <size>0x7b</size>
         <input_file_ref idref="fl-149"/>
      </object_component>
      <object_component id="oc-17d">
         <name>.debug_line</name>
         <load_address>0x1bff</load_address>
         <run_address>0x1bff</run_address>
         <size>0x69</size>
         <input_file_ref idref="fl-13e"/>
      </object_component>
      <object_component id="oc-182">
         <name>.debug_line</name>
         <load_address>0x1c68</load_address>
         <run_address>0x1c68</run_address>
         <size>0x59</size>
         <input_file_ref idref="fl-143"/>
      </object_component>
      <object_component id="oc-186">
         <name>.debug_line</name>
         <load_address>0x1cc1</load_address>
         <run_address>0x1cc1</run_address>
         <size>0x50</size>
         <input_file_ref idref="fl-147"/>
      </object_component>
      <object_component id="oc-188">
         <name>.debug_line</name>
         <load_address>0x1d11</load_address>
         <run_address>0x1d11</run_address>
         <size>0x55</size>
         <input_file_ref idref="fl-145"/>
      </object_component>
      <object_component id="oc-18a">
         <name>.debug_line</name>
         <load_address>0x1d66</load_address>
         <run_address>0x1d66</run_address>
         <size>0x50</size>
         <input_file_ref idref="fl-147"/>
      </object_component>
      <object_component id="oc-18c">
         <name>.debug_line</name>
         <load_address>0x1db6</load_address>
         <run_address>0x1db6</run_address>
         <size>0x55</size>
         <input_file_ref idref="fl-146"/>
      </object_component>
      <object_component id="oc-18e">
         <name>.debug_line</name>
         <load_address>0x1e0b</load_address>
         <run_address>0x1e0b</run_address>
         <size>0x4f</size>
         <input_file_ref idref="fl-146"/>
      </object_component>
      <object_component id="oc-190">
         <name>.debug_line</name>
         <load_address>0x1e5a</load_address>
         <run_address>0x1e5a</run_address>
         <size>0x55</size>
         <input_file_ref idref="fl-146"/>
      </object_component>
      <object_component id="oc-192">
         <name>.debug_line</name>
         <load_address>0x1eaf</load_address>
         <run_address>0x1eaf</run_address>
         <size>0x55</size>
         <input_file_ref idref="fl-143"/>
      </object_component>
      <object_component id="oc-198">
         <name>.debug_line</name>
         <load_address>0x1f04</load_address>
         <run_address>0x1f04</run_address>
         <size>0x55</size>
         <input_file_ref idref="fl-144"/>
      </object_component>
      <object_component id="oc-19c">
         <name>.debug_line</name>
         <load_address>0x1f59</load_address>
         <run_address>0x1f59</run_address>
         <size>0x51</size>
         <input_file_ref idref="fl-144"/>
      </object_component>
      <object_component id="oc-16">
         <name>.debug_frame</name>
         <load_address>0x0</load_address>
         <run_address>0x0</run_address>
         <size>0x7f</size>
         <input_file_ref idref="fl-14a"/>
      </object_component>
      <object_component id="oc-1c">
         <name>.debug_frame</name>
         <load_address>0x7f</load_address>
         <run_address>0x7f</run_address>
         <size>0x7f</size>
         <input_file_ref idref="fl-14c"/>
      </object_component>
      <object_component id="oc-21">
         <name>.debug_frame</name>
         <load_address>0xfe</load_address>
         <run_address>0xfe</run_address>
         <size>0x7f</size>
         <input_file_ref idref="fl-14b"/>
      </object_component>
      <object_component id="oc-27">
         <name>.debug_frame</name>
         <load_address>0x17d</load_address>
         <run_address>0x17d</run_address>
         <size>0x7f</size>
         <input_file_ref idref="fl-5"/>
      </object_component>
      <object_component id="oc-2c">
         <name>.debug_frame</name>
         <load_address>0x1fc</load_address>
         <run_address>0x1fc</run_address>
         <size>0x7f</size>
         <input_file_ref idref="fl-5"/>
      </object_component>
      <object_component id="oc-31">
         <name>.debug_frame</name>
         <load_address>0x27b</load_address>
         <run_address>0x27b</run_address>
         <size>0x7f</size>
         <input_file_ref idref="fl-5"/>
      </object_component>
      <object_component id="oc-36">
         <name>.debug_frame</name>
         <load_address>0x2fa</load_address>
         <run_address>0x2fa</run_address>
         <size>0x7f</size>
         <input_file_ref idref="fl-5"/>
      </object_component>
      <object_component id="oc-42">
         <name>.debug_frame</name>
         <load_address>0x379</load_address>
         <run_address>0x379</run_address>
         <size>0x7f</size>
         <input_file_ref idref="fl-140"/>
      </object_component>
      <object_component id="oc-46">
         <name>.debug_frame</name>
         <load_address>0x3f8</load_address>
         <run_address>0x3f8</run_address>
         <size>0xb3</size>
         <input_file_ref idref="fl-13b"/>
      </object_component>
      <object_component id="oc-61">
         <name>.debug_frame</name>
         <load_address>0x4ab</load_address>
         <run_address>0x4ab</run_address>
         <size>0x8a</size>
         <input_file_ref idref="fl-14b"/>
      </object_component>
      <object_component id="oc-7d">
         <name>.debug_frame</name>
         <load_address>0x535</load_address>
         <run_address>0x535</run_address>
         <size>0x8a</size>
         <input_file_ref idref="fl-142"/>
      </object_component>
      <object_component id="oc-82">
         <name>.debug_frame</name>
         <load_address>0x5bf</load_address>
         <run_address>0x5bf</run_address>
         <size>0x98</size>
         <input_file_ref idref="fl-149"/>
      </object_component>
      <object_component id="oc-a9">
         <name>.debug_frame</name>
         <load_address>0x657</load_address>
         <run_address>0x657</run_address>
         <size>0x8f</size>
         <input_file_ref idref="fl-149"/>
      </object_component>
      <object_component id="oc-ae">
         <name>.debug_frame</name>
         <load_address>0x6e6</load_address>
         <run_address>0x6e6</run_address>
         <size>0x86</size>
         <input_file_ref idref="fl-149"/>
      </object_component>
      <object_component id="oc-b3">
         <name>.debug_frame</name>
         <load_address>0x76c</load_address>
         <run_address>0x76c</run_address>
         <size>0x86</size>
         <input_file_ref idref="fl-149"/>
      </object_component>
      <object_component id="oc-b8">
         <name>.debug_frame</name>
         <load_address>0x7f2</load_address>
         <run_address>0x7f2</run_address>
         <size>0x86</size>
         <input_file_ref idref="fl-149"/>
      </object_component>
      <object_component id="oc-bd">
         <name>.debug_frame</name>
         <load_address>0x878</load_address>
         <run_address>0x878</run_address>
         <size>0x8d</size>
         <input_file_ref idref="fl-149"/>
      </object_component>
      <object_component id="oc-c3">
         <name>.debug_frame</name>
         <load_address>0x905</load_address>
         <run_address>0x905</run_address>
         <size>0x8a</size>
         <input_file_ref idref="fl-147"/>
      </object_component>
      <object_component id="oc-c8">
         <name>.debug_frame</name>
         <load_address>0x98f</load_address>
         <run_address>0x98f</run_address>
         <size>0x7f</size>
         <input_file_ref idref="fl-147"/>
      </object_component>
      <object_component id="oc-cd">
         <name>.debug_frame</name>
         <load_address>0xa0e</load_address>
         <run_address>0xa0e</run_address>
         <size>0x7f</size>
         <input_file_ref idref="fl-147"/>
      </object_component>
      <object_component id="oc-d1">
         <name>.debug_frame</name>
         <load_address>0xa8d</load_address>
         <run_address>0xa8d</run_address>
         <size>0x8f</size>
         <input_file_ref idref="fl-149"/>
      </object_component>
      <object_component id="oc-d6">
         <name>.debug_frame</name>
         <load_address>0xb1c</load_address>
         <run_address>0xb1c</run_address>
         <size>0x8f</size>
         <input_file_ref idref="fl-149"/>
      </object_component>
      <object_component id="oc-db">
         <name>.debug_frame</name>
         <load_address>0xbab</load_address>
         <run_address>0xbab</run_address>
         <size>0x8b</size>
         <input_file_ref idref="fl-149"/>
      </object_component>
      <object_component id="oc-e0">
         <name>.debug_frame</name>
         <load_address>0xc36</load_address>
         <run_address>0xc36</run_address>
         <size>0x87</size>
         <input_file_ref idref="fl-149"/>
      </object_component>
      <object_component id="oc-e9">
         <name>.debug_frame</name>
         <load_address>0xcbd</load_address>
         <run_address>0xcbd</run_address>
         <size>0x91</size>
         <input_file_ref idref="fl-149"/>
      </object_component>
      <object_component id="oc-f6">
         <name>.debug_frame</name>
         <load_address>0xd4e</load_address>
         <run_address>0xd4e</run_address>
         <size>0x7f</size>
         <input_file_ref idref="fl-149"/>
      </object_component>
      <object_component id="oc-114">
         <name>.debug_frame</name>
         <load_address>0xdcd</load_address>
         <run_address>0xdcd</run_address>
         <size>0x86</size>
         <input_file_ref idref="fl-147"/>
      </object_component>
      <object_component id="oc-119">
         <name>.debug_frame</name>
         <load_address>0xe53</load_address>
         <run_address>0xe53</run_address>
         <size>0x7f</size>
         <input_file_ref idref="fl-145"/>
      </object_component>
      <object_component id="oc-123">
         <name>.debug_frame</name>
         <load_address>0xed2</load_address>
         <run_address>0xed2</run_address>
         <size>0x7f</size>
         <input_file_ref idref="fl-147"/>
      </object_component>
      <object_component id="oc-128">
         <name>.debug_frame</name>
         <load_address>0xf51</load_address>
         <run_address>0xf51</run_address>
         <size>0x8e</size>
         <input_file_ref idref="fl-146"/>
      </object_component>
      <object_component id="oc-12b">
         <name>.debug_frame</name>
         <load_address>0xfdf</load_address>
         <run_address>0xfdf</run_address>
         <size>0x7f</size>
         <input_file_ref idref="fl-146"/>
      </object_component>
      <object_component id="oc-137">
         <name>.debug_frame</name>
         <load_address>0x105e</load_address>
[...]
            <object_component_ref idref="oc-102"/>
            <object_component_ref idref="oc-106"/>
            <object_component_ref idref="oc-109"/>
            <object_component_ref idref="oc-10d"/>
            <object_component_ref idref="oc-10f"/>
            <object_component_ref idref="oc-11b"/>
            <object_component_ref idref="oc-11c"/>
            <object_component_ref idref="oc-11d"/>
            <object_component_ref idref="oc-11e"/>
            <object_component_ref idref="oc-11f"/>
            <object_component_ref idref="oc-12f"/>
            <object_component_ref idref="oc-131"/>
            <object_component_ref idref="oc-132"/>
            <object_component_ref idref="oc-133"/>
            <object_component_ref idref="oc-13d"/>
            <object_component_ref idref="oc-13e"/>
            <object_component_ref idref="oc-14c"/>
            <object_component_ref idref="oc-14d"/>
            <object_component_ref idref="oc-14f"/>
            <object_component_ref idref="oc-151"/>
            <object_component_ref idref="oc-152"/>
            <object_component_ref idref="oc-155"/>
            <object_component_ref idref="oc-156"/>
            <object_component_ref idref="oc-15a"/>
            <object_component_ref idref="oc-15d"/>
            <object_component_ref idref="oc-161"/>
            <object_component_ref idref="oc-162"/>
            <object_component_ref idref="oc-164"/>
            <object_component_ref idref="oc-166"/>
            <object_component_ref idref="oc-168"/>
            <object_component_ref idref="oc-174"/>
            <object_component_ref idref="oc-17f"/>
            <object_component_ref idref="oc-181"/>
            <object_component_ref idref="oc-185"/>
            <object_component_ref idref="oc-187"/>
            <object_component_ref idref="oc-189"/>
            <object_component_ref idref="oc-18b"/>
            <object_component_ref idref="oc-18d"/>
            <object_component_ref idref="oc-18f"/>
            <object_component_ref idref="oc-191"/>
            <object_component_ref idref="oc-193"/>
            <object_component_ref idref="oc-196"/>
            <object_component_ref idref="oc-197"/>
            <object_component_ref idref="oc-199"/>
            <object_component_ref idref="oc-19a"/>
            <object_component_ref idref="oc-19b"/>
            <object_component_ref idref="oc-1be"/>
         </contents>
      </logical_group>
      <logical_group id="lg-1b3" display="never" color="cyan">
         <name>.debug_str</name>
         <load_address>0x0</load_address>
         <run_address>0x0</run_address>
         <size>0xa0b</size>
         <contents>
            <object_component_ref idref="oc-54"/>
            <object_component_ref idref="oc-5b"/>
            <object_component_ref idref="oc-68"/>
            <object_component_ref idref="oc-73"/>
            <object_component_ref idref="oc-78"/>
            <object_component_ref idref="oc-93"/>
            <object_component_ref idref="oc-9a"/>
            <object_component_ref idref="oc-f2"/>
            <object_component_ref idref="oc-104"/>
            <object_component_ref idref="oc-10b"/>
            <object_component_ref idref="oc-183"/>
         </contents>
      </logical_group>
      <logical_group id="lg-1b5" display="never" color="cyan">
         <name>.debug_pubtypes</name>
         <load_address>0x0</load_address>
         <run_address>0x0</run_address>
         <size>0x482</size>
         <contents>
            <object_component_ref idref="oc-55"/>
            <object_component_ref idref="oc-5c"/>
            <object_component_ref idref="oc-69"/>
            <object_component_ref idref="oc-74"/>
            <object_component_ref idref="oc-79"/>
            <object_component_ref idref="oc-94"/>
            <object_component_ref idref="oc-9b"/>
            <object_component_ref idref="oc-f3"/>
            <object_component_ref idref="oc-105"/>
            <object_component_ref idref="oc-10c"/>
            <object_component_ref idref="oc-184"/>
         </contents>
      </logical_group>
      <load_segment id="lg-1c2" display="no" color="cyan">
         <name>SEGMENT_0</name>
         <load_address>0x0</load_address>
         <run_address>0x0</run_address>
         <size>0x19e0</size>
         <flags>0x5</flags>
         <contents>
            <logical_group_ref idref="lg-3"/>
            <logical_group_ref idref="lg-4"/>
            <logical_group_ref idref="lg-5"/>
            <logical_group_ref idref="lg-6"/>
         </contents>
      </load_segment>
      <load_segment id="lg-1c3" display="no" color="cyan">
         <name>SEGMENT_1</name>
         <run_address>0x20000000</run_address>
         <size>0xeb8</size>
         <flags>0x6</flags>
         <contents>
            <logical_group_ref idref="lg-9"/>
            <logical_group_ref idref="lg-d"/>
            <logical_group_ref idref="lg-b"/>
            <logical_group_ref idref="lg-a"/>
         </contents>
      </load_segment>
   </logical_group_list>
   <placement_map>
      <memory_area display="yes" color="green">
         <name>FLASH</name>
         <page_id>0x0</page_id>
         <origin>0x0</origin>
         <length>0x40000</length>
         <used_space>0x19e0</used_space>
         <unused_space>0x3e620</unused_space>
         <attributes>RX</attributes>
         <usage_details>
            <allocated_space>
               <start_address>0x0</start_address>
               <size>0x26c</size>
               <logical_group_ref idref="lg-3"/>
            </allocated_space>
            <allocated_space>
               <start_address>0x26c</start_address>
               <size>0x150c</size>
               <logical_group_ref idref="lg-4"/>
            </allocated_space>
            <allocated_space>
               <start_address>0x1778</start_address>
               <size>0x220</size>
               <logical_group_ref idref="lg-5"/>
            </allocated_space>
            <allocated_space>
               <start_address>0x1998</start_address>
               <size>0x48</size>
               <logical_group_ref idref="lg-6"/>
            </allocated_space>
            <available_space>
               <start_address>0x19e0</start_address>
               <size>0x3e620</size>
            </available_space>
         </usage_details>
      </memory_area>
      <memory_area display="yes" color="green">
         <name>SRAM</name>
         <page_id>0x0</page_id>
         <origin>0x20000000</origin>
         <length>0x8000</length>
         <used_space>0xeb8</used_space>
         <unused_space>0x7148</unused_space>
         <attributes>RWX</attributes>
         <usage_details>
            <allocated_space>
               <start_address>0x20000000</start_address>
               <size>0x26c</size>
               <logical_group_ref idref="lg-9"/>
            </allocated_space>
            <allocated_space>
               <start_address>0x2000026c</start_address>
               <size>0x800</size>
               <logical_group_ref idref="lg-d"/>
            </allocated_space>
            <allocated_space>
               <start_address>0x20000a6c</start_address>
               <size>0x400</size>
               <logical_group_ref idref="lg-b"/>
            </allocated_space>
            <allocated_space>
               <start_address>0x20000e6c</start_address>
               <size>0x4c</size>
               <logical_group_ref idref="lg-a"/>
            </allocated_space>
            <available_space>
               <start_address>0x20000eb8</start_address>
               <size>0x7148</size>
            </available_space>
         </usage_details>
      </memory_area>
   </placement_map>
   <cptbl_list>
      <cptbl>
         <name>__TI_cinit_table</name>
         <cprec>
            <name>.data</name>
            <load_address>0x1998</load_address>
            <load_size>0x12</load_size>
            <run_address>0x20000e6c</run_address>
            <run_size>0x4c</run_size>
            <compression>rle</compression>
         </cprec>
         <cprec>
            <name>.bss</name>
            <load_address>0x19b8</load_address>
            <load_size>0x8</load_size>
            <run_address>0x20000a6c</run_address>
            <run_size>0x400</run_size>
            <compression>zero_init</compression>
         </cprec>
         <cprec>
            <name>.vtable</name>
            <load_address>0x19c0</load_address>
            <load_size>0x8</load_size>
            <run_address>0x20000000</run_address>
            <run_size>0x26c</run_size>
            <compression>zero_init</compression>
         </cprec>
      </cptbl>
   </cptbl_list>
   <handler_table>
      <handler_table_name>__TI_handler_table</handler_table_name>
      <handler>
         <index>0x0</index>
         <name>__TI_zero_init</name>
      </handler>
      <handler>
         <index>0x1</index>
         <name>__TI_decompress_rle24</name>
      </handler>
      <handler>
         <index>0x2</index>
         <name>__TI_decompress_none</name>
      </handler>
   </handler_table>
   <symbol_table>
      <symbol id="sm-1">
         <name>__STACK_TOP</name>
         <value>0x2000066c</value>
      </symbol>
      <symbol id="sm-2">
         <name>__TI_CINIT_Base</name>
         <value>0x19c8</value>
      </symbol>
      <symbol id="sm-3">
         <name>__TI_CINIT_Limit</name>
         <value>0x19e0</value>
      </symbol>
      <symbol id="sm-4">
         <name>__TI_Handler_Table_Base</name>
         <value>0x19ac</value>
      </symbol>
      <symbol id="sm-5">
         <name>__TI_Handler_Table_Limit</name>
         <value>0x19b8</value>
      </symbol>
      <symbol id="sm-6">
         <name>binit</name>
         <value>0xffffffff</value>
      </symbol>
      <symbol id="sm-7">
         <name>__binit__</name>
         <value>0xffffffff</value>
      </symbol>
      <symbol id="sm-8">
         <name>__STACK_SIZE</name>
         <value>0x800</value>
      </symbol>
      <symbol id="sm-9">
         <name>__STACK_END</name>
         <value>0x20000a6c</value>
      </symbol>
      <symbol id="sm-a">
         <name>__c_args__</name>
         <value>0xffffffff</value>
      </symbol>
      <symbol id="sm-52">
         <name>ResetISR</name>
         <value>0x1767</value>
         <object_component_ref idref="oc-24"/>
      </symbol>
      <symbol id="sm-53">
         <name>g_pfnVectors</name>
         <value>0x0</value>
         <object_component_ref idref="oc-e"/>
      </symbol>
      <symbol id="sm-62">
         <name>_c_int00</name>
         <value>0x14b1</value>
         <object_component_ref idref="oc-10"/>
      </symbol>
      <symbol id="sm-63">
         <name>__stack</name>
         <value>0x2000026c</value>
         <object_component_ref idref="oc-23"/>
      </symbol>
      <symbol id="sm-7f">
         <name>C$$EXIT</name>
         <value>0x153d</value>
         <object_component_ref idref="oc-44"/>
      </symbol>
      <symbol id="sm-80">
         <name>abort</name>
         <value>0x1541</value>
         <object_component_ref idref="oc-44"/>
      </symbol>
      <symbol id="sm-81">
         <name>exit</name>
         <value>0x1549</value>
         <object_component_ref idref="oc-44"/>
      </symbol>
      <symbol id="sm-82">
         <name>__TI_dtors_ptr</name>
         <value>0x20000ea8</value>
         <object_component_ref idref="oc-89"/>
      </symbol>
      <symbol id="sm-83">
         <name>__TI_cleanup_ptr</name>
         <value>0x20000ea4</value>
         <object_component_ref idref="oc-89"/>
      </symbol>
      <symbol id="sm-9d">
         <name>memcpy</name>
         <value>0x11e3</value>
         <object_component_ref idref="oc-4c"/>
      </symbol>
      <symbol id="sm-9e">
         <name>__aeabi_memcpy</name>
         <value>0x11e3</value>
         <object_component_ref idref="oc-4c"/>
      </symbol>
      <symbol id="sm-9f">
         <name>__aeabi_memcpy8</name>
         <value>0x11e3</value>
         <object_component_ref idref="oc-4c"/>
      </symbol>
      <symbol id="sm-a0">
         <name>__aeabi_memcpy4</name>
         <value>0x11e3</value>
         <object_component_ref idref="oc-4c"/>
      </symbol>
      <symbol id="sm-af">
         <name>__aeabi_uidivmod</name>
         <value>0x1581</value>
         <object_component_ref idref="oc-17b"/>
      </symbol>
      <symbol id="sm-c2">
         <name>_args_main</name>
         <value>0x1705</value>
         <object_component_ref idref="oc-3f"/>
      </symbol>
      <symbol id="sm-de">
         <name>__TI_auto_init</name>
         <value>0x1281</value>
         <object_component_ref idref="oc-3b"/>
      </symbol>
      <symbol id="sm-fb">
         <name>copy_in</name>
         <value>0x14f9</value>
         <object_component_ref idref="oc-7a"/>
      </symbol>
      <symbol id="sm-10c">
         <name>UARTClockSourceSet</name>
         <value>0x176d</value>
         <object_component_ref idref="oc-134"/>
      </symbol>
      <symbol id="sm-12a">
         <name>TimerIntRegister</name>
         <value>0x16ed</value>
         <object_component_ref idref="oc-142"/>
      </symbol>
      <symbol id="sm-137">
         <name>SSIDataGetNonBlocking</name>
         <value>0x171d</value>
         <object_component_ref idref="oc-116"/>
      </symbol>
      <symbol id="sm-16c">
         <name>IntEnable</name>
         <value>0x13a1</value>
         <object_component_ref idref="oc-12a"/>
      </symbol>
      <symbol id="sm-16d">
         <name>IntRegister</name>
         <value>0x15fd</value>
         <object_component_ref idref="oc-125"/>
      </symbol>
      <symbol id="sm-16e">
         <name>g_pfnRAMVectors</name>
         <value>0x20000000</value>
         <object_component_ref idref="oc-15b"/>
      </symbol>
      <symbol id="sm-1b2">
         <name>GPIOIntRegister</name>
         <value>0x16d5</value>
         <object_component_ref idref="oc-c0"/>
      </symbol>
      <symbol id="sm-1b3">
         <name>GPIOPinConfigure</name>
         <value>0x1469</value>
         <object_component_ref idref="oc-111"/>
      </symbol>
      <symbol id="sm-1b4">
         <name>GPIOIntEnable</name>
         <value>0x174f</value>
         <object_component_ref idref="oc-ca"/>
      </symbol>
      <symbol id="sm-1b5">
         <name>GPIOIntClear</name>
         <value>0x175b</value>
         <object_component_ref idref="oc-c5"/>
      </symbol>
      <symbol id="sm-1b6">
         <name>GPIOPinWrite</name>
         <value>0x1761</value>
         <object_component_ref idref="oc-16a"/>
      </symbol>
      <symbol id="sm-2a3">
         <name>ui32TxBuffer</name>
         <value>0x20000e7c</value>
         <object_component_ref idref="oc-a4"/>
      </symbol>
      <symbol id="sm-2a4">
         <name>SPISetCSNLow</name>
         <value>0x169d</value>
         <object_component_ref idref="oc-ac"/>
      </symbol>
      <symbol id="sm-2a5">
         <name>SPIDataRead</name>
         <value>0x167f</value>
         <object_component_ref idref="oc-b1"/>
      </symbol>
      <symbol id="sm-2a6">
         <name>_nop</name>
         <value>0x1467</value>
         <object_component_ref idref="oc-f4"/>
      </symbol>
      <symbol id="sm-2a7">
         <name>ConfigureTimer</name>
         <value>0x113d</value>
         <object_component_ref idref="oc-de"/>
      </symbol>
      <symbol id="sm-2a8">
         <name>muxInit</name>
         <value>0xfdd</value>
         <object_component_ref idref="oc-cf"/>
      </symbol>
      <symbol id="sm-2a9">
         <name>BufferBEmpty</name>
         <value>0x20000e71</value>
         <object_component_ref idref="oc-a4"/>
      </symbol>
      <symbol id="sm-2aa">
         <name>BufferAEmpty</name>
         <value>0x20000e70</value>
         <object_component_ref idref="oc-a4"/>
      </symbol>
      <symbol id="sm-2ab">
         <name>ui32BufferMode</name>
         <value>0x20000e6d</value>
         <object_component_ref idref="oc-a4"/>
      </symbol>
      <symbol id="sm-2ac">
         <name>main</name>
         <value>0x26d</value>
         <object_component_ref idref="oc-80"/>
      </symbol>
      <symbol id="sm-2ad">
         <name>_lock</name>
         <value>0x20000e9c</value>
         <object_component_ref idref="oc-87"/>
      </symbol>
      <symbol id="sm-2ae">
         <name>TimerIntHandler</name>
         <value>0xcb5</value>
         <object_component_ref idref="oc-13f"/>
      </symbol>
      <symbol id="sm-2af">
         <name>ui32WindowSize</name>
         <value>0x20000e74</value>
         <object_component_ref idref="oc-a4"/>
      </symbol>
      <symbol id="sm-2b0">
         <name>RFWriteSendBuffer</name>
         <value>0xde3</value>
         <object_component_ref idref="oc-e7"/>
      </symbol>
      <symbol id="sm-2b1">
         <name>ConfigureUART</name>
         <value>0x1091</value>
         <object_component_ref idref="oc-d4"/>
      </symbol>
      <symbol id="sm-2b2">
         <name>IRQInterruptHandler</name>
         <value>0xb3b</value>
         <object_component_ref idref="oc-bb"/>
      </symbol>
      <symbol id="sm-2b3">
         <name>ui32NumOfChannels</name>
         <value>0x20000e6c</value>
         <object_component_ref idref="oc-a4"/>
      </symbol>
      <symbol id="sm-2b4">
         <name>_unlock</name>
         <value>0x20000ea0</value>
         <object_component_ref idref="oc-87"/>
      </symbol>
      <symbol id="sm-2b5">
         <name>transmitOn</name>
         <value>0x20000e6e</value>
         <object_component_ref idref="oc-a4"/>
      </symbol>
      <symbol id="sm-2b6">
         <name>main_func_sp</name>
         <value>0x20000eb4</value>
         <object_component_ref idref="oc-49"/>
      </symbol>
      <symbol id="sm-2b7">
         <name>UARTwrite</name>
         <value>0x15c3</value>
         <object_component_ref idref="oc-176"/>
      </symbol>
      <symbol id="sm-2b8">
         <name>SPIInit</name>
         <value>0xeeb</value>
         <object_component_ref idref="oc-a7"/>
      </symbol>
      <symbol id="sm-2b9">
         <name>SPIRXFlush</name>
         <value>0x1659</value>
         <object_component_ref idref="oc-b6"/>
      </symbol>
      <symbol id="sm-2ba">
         <name>RFPacketSent</name>
         <value>0x20000e6f</value>
         <object_component_ref idref="oc-a4"/>
      </symbol>
      <symbol id="sm-2bb">
         <name>bufferA</name>
         <value>0x20000a6c</value>
         <object_component_ref idref="oc-e3"/>
      </symbol>
      <symbol id="sm-2bc">
         <name>bufferB</name>
         <value>0x20000c6c</value>
         <object_component_ref idref="oc-e5"/>
      </symbol>
      <symbol id="sm-2bd">
         <name>UARTprintf</name>
         <value>0x879</value>
         <object_component_ref idref="oc-147"/>
      </symbol>
      <symbol id="sm-2be">
         <name>ConfigureADC</name>
         <value>0x1315</value>
         <object_component_ref idref="oc-d9"/>
      </symbol>
      <symbol id="sm-2d4">
         <name>__TI_decompress_none</name>
         <value>0x1741</value>
         <object_component_ref idref="oc-14"/>
      </symbol>
      <symbol id="sm-2f6">
         <name>__TI_decompress_rle24</name>
         <value>0x1773</value>
         <object_component_ref idref="oc-1e"/>
      </symbol>
      <symbol id="sm-304">
         <name>__TI_zero_init</name>
         <value>0x172f</value>
         <object_component_ref idref="oc-19"/>
      </symbol>
      <symbol id="sm-305">
         <name>__TI_static_base__</name>
         <value>0x0</value>
      </symbol>
      <symbol id="sm-306">
         <name>__TI_args_main</name>
         <value>0x1</value>
      </symbol>
      <symbol id="sm-307">
         <name>SHT$$INIT_ARRAY$$Limit</name>
         <value>0x0</value>
      </symbol>
      <symbol id="sm-308">
         <name>SHT$$INIT_ARRAY$$Base</name>
         <value>0x0</value>
      </symbol>
   </symbol_table>
   <title>Link successful</title>
</link_info>
