******************************************************************************
                  TI ARM Linker PC v5.1.1                      
******************************************************************************
>> Linked Sun Oct 05 02:32:44 2014

OUTPUT FILE NAME:   <four_ch_neural_recorder.out>
ENTRY POINT SYMBOL: "_c_int00"  address: 00001421


MEMORY CONFIGURATION

         name            origin    length      used     unused   attr    fill
----------------------  --------  ---------  --------  --------  ----  --------
  FLASH                 00000000   00040000  0000191c  0003e6e4  R  X
  SRAM                  20000000   00008000  00000998  00007668  RW X


SEGMENT ALLOCATION MAP

run origin  load origin   length   init length attrs members
----------  ----------- ---------- ----------- ----- -------
00000000    00000000    00001920   00001920    r-x
  00000000    00000000    0000026c   0000026c    r-- .intvecs
  0000026c    0000026c    0000143c   0000143c    r-x .text
  000016a8    000016a8    0000022c   0000022c    r-- .const
  000018d8    000018d8    00000048   00000048    r-- .cinit
20000000    20000000    00000998   00000000    rw-
  20000000    20000000    0000026c   00000000    rw- .vtable
  2000026c    2000026c    00000600   00000000    rw- .bss
  2000086c    2000086c    00000100   00000000    rw- .stack
  2000096c    2000096c    0000002c   00000000    rw- .data


SECTION ALLOCATION MAP

 output                                  attributes/
section   page    origin      length       input sections
--------  ----  ----------  ----------   ----------------
.intvecs   0    00000000    0000026c     
                  00000000    0000026c     startup_ccs.obj (.intvecs)

.init_array 
*          0    00000000    00000000     UNINITIALIZED

.text      0    0000026c    0000143c     
                  0000026c    0000055c     main.obj (.text:main)
                  000007c8    000002c1     uartstdio.obj (.text:UARTprintf)
                  00000a89    00000001     --HOLE-- [fill = 0]
                  00000a8a    00000002     startup_ccs.obj (.text:FaultISR)
                  00000a8c    00000191     main.obj (.text:IRQInterruptHandler)
                  00000c1d    00000001     --HOLE-- [fill = 0]
                  00000c1e    0000012c     main.obj (.text:SysTickIntHandler)
                  00000d4a    00000108     nrf24l01.obj (.text:RFWriteSendBuffer)
                  00000e52    000000f2     spi.obj (.text:SPIInit)
                  00000f44    000000c0     driverlib.lib : sysctl.obj (.text:SysCtlClockGet)
                  00001004    000000b4     adg731.obj (.text:muxInit)
                  000010b8    0000009c     main.obj (.text:ConfigureUART)
                  00001154    0000009c     rtsv7M4_T_le_v4SPD16_eabi.lib : memcpy_t2.obj (.text)
                  000011f0    00000094                                   : auto_init.obj (.text)
                  00001284    0000008c     main.obj (.text:ConfigureADC)
                  00001310    00000068     driverlib.lib : interrupt.obj (.text:IntEnable)
                  00001378    0000005e     rtsv7M4_T_le_v4SPD16_eabi.lib : copy_decompress_rle.obj (.text)
                  000013d6    00000002     startup_ccs.obj (.text:IntDefaultHandler)
                  000013d8    00000048     driverlib.lib : gpio.obj (.text:GPIOPinConfigure)
                  00001420    00000048     rtsv7M4_T_le_v4SPD16_eabi.lib : boot.obj (.text)
                  00001468    00000044                                   : cpy_tbl.obj (.text)
                  000014ac    00000044                                   : exit.obj (.text)
                  000014f0    00000042                                   : u_divt2.obj (.text)
                  00001532    00000038     uartstdio.obj (.text:UARTwrite)
                  0000156a    00000002     startup_ccs.obj (.text:NmiSR)
                  0000156c    00000034     driverlib.lib : interrupt.obj (.text:IntRegister)
                  000015a0    00000026     spi.obj (.text:SPIRXFlush)
                  000015c6    0000001c     spi.obj (.text:SPIDataRead)
                  000015e2    0000001c     spi.obj (.text:SPISetCSNLow)
                  000015fe    00000002     rtsv7M4_T_le_v4SPD16_eabi.lib : _lock.obj (.text)
                  00001600    0000001c     driverlib.lib : gpio.obj (.text:_GPIOIntNumberGet)
                  0000161c    00000018                   : gpio.obj (.text:GPIOIntRegister)
                  00001634    00000018     rtsv7M4_T_le_v4SPD16_eabi.lib : args_main.obj (.text)
                  0000164c    00000012     driverlib.lib : ssi.obj (.text:SSIDataGetNonBlocking)
                  0000165e    00000012     rtsv7M4_T_le_v4SPD16_eabi.lib : copy_zero_init.obj (.text:decompress:ZI)
                  00001670    0000000e                                   : copy_decompress_none.obj (.text:decompress:none)
                  0000167e    0000000c     driverlib.lib : gpio.obj (.text:GPIOIntEnable)
                  0000168a    00000006                   : gpio.obj (.text:GPIOIntClear)
                  00001690    00000006                   : gpio.obj (.text:GPIOPinWrite)
                  00001696    00000006     startup_ccs.obj (.text:ResetISR)
                  0000169c    00000006     driverlib.lib : uart.obj (.text:UARTClockSourceSet)
                  000016a2    00000006     rtsv7M4_T_le_v4SPD16_eabi.lib : copy_decompress_rle.obj (.text:decompress:rle24)

.const     0    000016a8    0000022c     
                  000016a8    000000c0     driverlib.lib : gpio.obj (.const:g_ppui32GPIOIntMapBlizzard)
                  00001768    00000078                   : gpio.obj (.const:g_pui32GPIOBaseAddrs)
                  000017e0    00000070                   : interrupt.obj (.const)
                  00001850    0000006c                   : sysctl.obj (.const:g_pui32Xtals)
                  000018bc    00000018     uartstdio.obj (.const)

.cinit     0    000018d8    00000048     
                  000018d8    00000012     (.cinit..data.load) [load image, compression = rle]
                  000018ea    00000002     --HOLE-- [fill = 0]
                  000018ec    0000000c     (__TI_handler_table)
                  000018f8    00000008     (.cinit..bss.load) [load image, compression = zero_init]
                  00001900    00000008     (.cinit..vtable.load) [load image, compression = zero_init]
                  00001908    00000018     (__TI_cinit_table)

.vtable    0    20000000    0000026c     UNINITIALIZED
                  20000000    0000026c     driverlib.lib : interrupt.obj (.vtable)

.bss       0    2000026c    00000600     UNINITIALIZED
                  2000026c    00000300     main.obj (.bss:bufferA)
                  2000056c    00000300     main.obj (.bss:bufferB)

.stack     0    2000086c    00000100     UNINITIALIZED
                  2000086c    00000100     --HOLE--

.data      0    2000096c    0000002c     UNINITIALIZED
                  2000096c    00000010     main.obj (.data)
                  2000097c    00000008     rtsv7M4_T_le_v4SPD16_eabi.lib : _lock.obj (.data)
                  20000984    00000008                                   : exit.obj (.data)
                  2000098c    00000008     uartstdio.obj (.data)
                  20000994    00000004     rtsv7M4_T_le_v4SPD16_eabi.lib : stkdepth_vars.obj (.data)


LINKER GENERATED COPY TABLES

__TI_cinit_table @ 00001908 records: 3, size/record: 8, table size: 24
	.data: load addr=000018d8, load size=00000012 bytes, run addr=2000096c, run size=0000002c bytes, compression=rle
	.bss: load addr=000018f8, load size=00000008 bytes, run addr=2000026c, run size=00000600 bytes, compression=zero_init
	.vtable: load addr=00001900, load size=00000008 bytes, run addr=20000000, run size=0000026c bytes, compression=zero_init


LINKER GENERATED HANDLER TABLE

__TI_handler_table @ 000018ec records: 3, size/record: 4, table size: 12
	index: 0, handler: __TI_zero_init
	index: 1, handler: __TI_decompress_rle24
	index: 2, handler: __TI_decompress_none


GLOBAL SYMBOLS: SORTED ALPHABETICALLY BY Name 

address    name
--------   ----
20000970   BufferAEmpty
20000971   BufferBEmpty
000014ad   C$$EXIT
00001285   ConfigureADC
000010b9   ConfigureUART
0000168b   GPIOIntClear
0000167f   GPIOIntEnable
0000161d   GPIOIntRegister
000013d9   GPIOPinConfigure
00001691   GPIOPinWrite
00000a8d   IRQInterruptHandler
00001311   IntEnable
0000156d   IntRegister
2000096f   RFPacketSent
00000d4b   RFWriteSendBuffer
00001697   ResetISR
UNDEFED    SHT$$INIT_ARRAY$$Base
UNDEFED    SHT$$INIT_ARRAY$$Limit
000015c7   SPIDataRead
00000e53   SPIInit
000015a1   SPIRXFlush
000015e3   SPISetCSNLow
0000164d   SSIDataGetNonBlocking
00000f45   SysCtlClockGet
00000c1f   SysTickIntHandler
0000169d   UARTClockSourceSet
000007c9   UARTprintf
00001533   UARTwrite
2000096c   __STACK_END
00000100   __STACK_SIZE
20000c6c   __STACK_TOP
00001908   __TI_CINIT_Base
00001920   __TI_CINIT_Limit
000018ec   __TI_Handler_Table_Base
000018f8   __TI_Handler_Table_Limit
00000001   __TI_args_main
000011f1   __TI_auto_init
20000984   __TI_cleanup_ptr
00001671   __TI_decompress_none
000016a3   __TI_decompress_rle24
20000988   __TI_dtors_ptr
00000000   __TI_static_base__
0000165f   __TI_zero_init
00001155   __aeabi_memcpy
00001155   __aeabi_memcpy4
00001155   __aeabi_memcpy8
000014f1   __aeabi_uidivmod
ffffffff   __binit__
ffffffff   __c_args__
2000086c   __stack
00001635   _args_main
00001421   _c_int00
2000097c   _lock
000015ff   _nop
20000980   _unlock
000014b1   abort
ffffffff   binit
2000026c   bufferA
2000056c   bufferB
00001469   copy_in
000014b9   exit
20000000   g_pfnRAMVectors
00000000   g_pfnVectors
0000026d   main
20000994   main_func_sp
00001155   memcpy
00001005   muxInit
2000096e   transmitOn
2000096d   ui32BufferMode
2000096c   ui32NumOfChannels
20000974   ui32WindowSize


GLOBAL SYMBOLS: SORTED BY Symbol Address 

address    name
--------   ----
00000000   __TI_static_base__
00000000   g_pfnVectors
00000001   __TI_args_main
00000100   __STACK_SIZE
0000026d   main
000007c9   UARTprintf
00000a8d   IRQInterruptHandler
00000c1f   SysTickIntHandler
00000d4b   RFWriteSendBuffer
00000e53   SPIInit
00000f45   SysCtlClockGet
00001005   muxInit
000010b9   ConfigureUART
00001155   __aeabi_memcpy
00001155   __aeabi_memcpy4
00001155   __aeabi_memcpy8
00001155   memcpy
000011f1   __TI_auto_init
00001285   ConfigureADC
00001311   IntEnable
000013d9   GPIOPinConfigure
00001421   _c_int00
00001469   copy_in
000014ad   C$$EXIT
000014b1   abort
000014b9   exit
000014f1   __aeabi_uidivmod
00001533   UARTwrite
0000156d   IntRegister
000015a1   SPIRXFlush
000015c7   SPIDataRead
000015e3   SPISetCSNLow
000015ff   _nop
0000161d   GPIOIntRegister
00001635   _args_main
0000164d   SSIDataGetNonBlocking
0000165f   __TI_zero_init
00001671   __TI_decompress_none
0000167f   GPIOIntEnable
0000168b   GPIOIntClear
00001691   GPIOPinWrite
00001697   ResetISR
0000169d   UARTClockSourceSet
000016a3   __TI_decompress_rle24
000018ec   __TI_Handler_Table_Base
000018f8   __TI_Handler_Table_Limit
00001908   __TI_CINIT_Base
00001920   __TI_CINIT_Limit
20000000   g_pfnRAMVectors
2000026c   bufferA
2000056c   bufferB
2000086c   __stack
2000096c   __STACK_END
2000096c   ui32NumOfChannels
2000096d   ui32BufferMode
2000096e   transmitOn
2000096f   RFPacketSent
20000970   BufferAEmpty
20000971   BufferBEmpty
20000974   ui32WindowSize
2000097c   _lock
20000980   _unlock
20000984   __TI_cleanup_ptr
20000988   __TI_dtors_ptr
20000994   main_func_sp
20000c6c   __STACK_TOP
ffffffff   __binit__
ffffffff   __c_args__
ffffffff   binit
UNDEFED    SHT$$INIT_ARRAY$$Base
UNDEFED    SHT$$INIT_ARRAY$$Limit

[71 symbols]
