******************************************************************************
                  TI ARM Linker PC v5.1.1                      
******************************************************************************
>> Linked Sun Sep 28 21:51:54 2014

OUTPUT FILE NAME:   <four_ch_neural_recorder.out>
ENTRY POINT SYMBOL: "_c_int00"  address: 0000130d


MEMORY CONFIGURATION

         name            origin    length      used     unused   attr    fill
----------------------  --------  ---------  --------  --------  ----  --------
  FLASH                 00000000   00040000  00001900  0003e700  R  X
  SRAM                  20000000   00008000  000046a9  00003957  RW X


SEGMENT ALLOCATION MAP

run origin  load origin   length   init length attrs members
----------  ----------- ---------- ----------- ----- -------
00000000    00000000    00001908   00001908    r-x
  00000000    00000000    0000026c   0000026c    r-- .intvecs
  0000026c    0000026c    00001402   00001402    r-x .text
  00001670    00001670    00000242   00000242    r-- .const
  000018b8    000018b8    00000050   00000050    r-- .cinit
20000000    20000000    000046ad   00000000    rw-
  20000000    20000000    0000026c   00000000    rw- .vtable
  20000270    20000270    00004000   00000000    rw- .sysmem
  20004270    20004270    00000400   00000000    rw- .stack
  20004670    20004670    0000002c   00000000    rw- .data
  2000469c    2000469c    00000011   00000000    rw- .bss


SECTION ALLOCATION MAP

 output                                  attributes/
section   page    origin      length       input sections
--------  ----  ----------  ----------   ----------------
.intvecs   0    00000000    0000026c     
                  00000000    0000026c     startup_ccs.obj (.intvecs)

.init_array 
*          0    00000000    00000000     UNINITIALIZED

.text      0    0000026c    00001402     
                  0000026c    000003cc     rtsv7M4_T_le_v4SPD16_eabi.lib : memory.obj (.text)
                  00000638    00000279     uartstdio.obj (.text:UARTvprintf)
                  000008b1    00000001     --HOLE-- [fill = 0]
                  000008b2    00000146     nrf24l01.obj (.text:RFInit)
                  000009f8    00000108     main.obj (.text:SysTickIntHandler)
                  00000b00    000000f2     spi.obj (.text:SPIInit)
                  00000bf2    00000002     startup_ccs.obj (.text:FaultISR)
                  00000bf4    000000c0     driverlib.lib : sysctl.obj (.text:SysCtlClockGet)
                  00000cb4    000000be     main.obj (.text:main)
                  00000d72    000000b4     adg731.obj (.text:muxInit)
                  00000e26    0000009c     main.obj (.text:ConfigureADC)
                  00000ec2    0000009c     rtsv7M4_T_le_v4SPD16_eabi.lib : memcpy_t2.obj (.text)
                  00000f5e    00000002     startup_ccs.obj (.text:IntDefaultHandler)
                  00000f60    00000094     rtsv7M4_T_le_v4SPD16_eabi.lib : auto_init.obj (.text)
                  00000ff4    00000086     main.obj (.text:IRQInterruptHandler)
                  0000107a    00000070     main.obj (.text:BufferInit)
                  000010ea    00000002     startup_ccs.obj (.text:NmiSR)
                  000010ec    00000068     driverlib.lib : interrupt.obj (.text:IntEnable)
                  00001154    00000068     uartstdio.obj (.text:UARTStdioConfig)
                  000011bc    00000062     main.obj (.text:ConfigureUART)
                  0000121e    0000005e     rtsv7M4_T_le_v4SPD16_eabi.lib : copy_decompress_rle.obj (.text)
                  0000127c    00000048     driverlib.lib : gpio.obj (.text:GPIOPinConfigure)
                  000012c4    00000048     uartstdio.obj (.text:UARTwrite)
                  0000130c    00000048     rtsv7M4_T_le_v4SPD16_eabi.lib : boot.obj (.text)
                  00001354    00000044                                   : cpy_tbl.obj (.text)
                  00001398    00000044                                   : exit.obj (.text)
                  000013dc    00000042                                   : u_divt2.obj (.text)
                  0000141e    00000002     --HOLE-- [fill = 0]
                  00001420    00000034     driverlib.lib : interrupt.obj (.text:IntRegister)
                  00001454    0000002e     main.obj (.text:ConfigureSysTick)
                  00001482    00000028     nrf24l01.obj (.text:RFWriteRegister)
                  000014aa    00000026     spi.obj (.text:SPIRXFlush)
                  000014d0    0000001c     spi.obj (.text:SPIDataRead)
                  000014ec    0000001c     spi.obj (.text:SPISetCEHigh)
                  00001508    0000001c     spi.obj (.text:SPISetCELow)
                  00001524    0000001c     spi.obj (.text:SPISetCSNHigh)
                  00001540    0000001c     spi.obj (.text:SPISetCSNLow)
                  0000155c    0000001c     driverlib.lib : gpio.obj (.text:_GPIOIntNumberGet)
                  00001578    0000001a     spi.obj (.text:SPIDataWrite)
                  00001592    0000001a     uartstdio.obj (.text:UARTprintf)
                  000015ac    0000001a     adg731.obj (.text:muxChannelChange)
                  000015c6    00000018     driverlib.lib : gpio.obj (.text:GPIOIntRegister)
                  000015de    00000002     --HOLE-- [fill = 0]
                  000015e0    00000018     rtsv7M4_T_le_v4SPD16_eabi.lib : args_main.obj (.text)
                  000015f8    00000014                                   : _lock.obj (.text)
                  0000160c    00000012     driverlib.lib : ssi.obj (.text:SSIDataGetNonBlocking)
                  0000161e    00000012     rtsv7M4_T_le_v4SPD16_eabi.lib : copy_zero_init.obj (.text:decompress:ZI)
                  00001630    0000000e                                   : copy_decompress_none.obj (.text:decompress:none)
                  0000163e    0000000c     driverlib.lib : gpio.obj (.text:GPIOIntEnable)
                  0000164a    00000006                   : gpio.obj (.text:GPIOIntClear)
                  00001650    00000006                   : gpio.obj (.text:GPIOPinWrite)
                  00001656    00000006     startup_ccs.obj (.text:ResetISR)
                  0000165c    00000006     driverlib.lib : sysctl.obj (.text:SysCtlDelay)
                  00001662    00000006                   : uart.obj (.text:UARTClockSourceSet)
                  00001668    00000006     rtsv7M4_T_le_v4SPD16_eabi.lib : copy_decompress_rle.obj (.text:decompress:rle24)

.const     0    00001670    00000242     
                  00001670    000000c0     driverlib.lib : gpio.obj (.const:g_ppui32GPIOIntMapBlizzard)
                  00001730    00000078                   : gpio.obj (.const:g_pui32GPIOBaseAddrs)
                  000017a8    00000070                   : interrupt.obj (.const)
                  00001818    0000006c                   : sysctl.obj (.const:g_pui32Xtals)
                  00001884    0000001c     uartstdio.obj (.const)
                  000018a0    00000012     uartstdio.obj (.const:.string)

.cinit     0    000018b8    00000050     
                  000018b8    0000001b     (.cinit..data.load) [load image, compression = rle]
                  000018d3    00000001     --HOLE-- [fill = 0]
                  000018d4    0000000c     (__TI_handler_table)
                  000018e0    00000008     (.cinit..bss.load) [load image, compression = zero_init]
                  000018e8    00000008     (.cinit..vtable.load) [load image, compression = zero_init]
                  000018f0    00000018     (__TI_cinit_table)

.vtable    0    20000000    0000026c     UNINITIALIZED
                  20000000    0000026c     driverlib.lib : interrupt.obj (.vtable)

.sysmem    0    20000270    00004000     UNINITIALIZED
                  20000270    00000008     rtsv7M4_T_le_v4SPD16_eabi.lib : memory.obj (.sysmem)
                  20000278    00003ff8     --HOLE--

.stack     0    20004270    00000400     UNINITIALIZED
                  20004270    00000400     --HOLE--

.data      0    20004670    0000002c     UNINITIALIZED
                  20004670    0000000c     rtsv7M4_T_le_v4SPD16_eabi.lib : memory.obj (.data)
                  2000467c    00000008                                   : _lock.obj (.data)
                  20004684    00000008                                   : exit.obj (.data)
                  2000468c    00000005     uartstdio.obj (.data)
                  20004691    00000003     --HOLE--
                  20004694    00000004     main.obj (.data)
                  20004698    00000004     rtsv7M4_T_le_v4SPD16_eabi.lib : stkdepth_vars.obj (.data)

.bss       0    2000469c    00000011     UNINITIALIZED
                  2000469c    00000004     (.common:bufferA)
                  200046a0    00000004     (.common:bufferB)
                  200046a4    00000004     (.common:ui32NumOfChannels)
                  200046a8    00000004     (.common:ui32WindowSize)
                  200046ac    00000001     (.common:ui32BufferMode)


LINKER GENERATED COPY TABLES

__TI_cinit_table @ 000018f0 records: 3, size/record: 8, table size: 24
	.data: load addr=000018b8, load size=0000001b bytes, run addr=20004670, run size=0000002c bytes, compression=rle
	.bss: load addr=000018e0, load size=00000008 bytes, run addr=2000469c, run size=00000011 bytes, compression=zero_init
	.vtable: load addr=000018e8, load size=00000008 bytes, run addr=20000000, run size=0000026c bytes, compression=zero_init


LINKER GENERATED HANDLER TABLE

__TI_handler_table @ 000018d4 records: 3, size/record: 4, table size: 12
	index: 0, handler: __TI_zero_init
	index: 1, handler: __TI_decompress_rle24
	index: 2, handler: __TI_decompress_none


GLOBAL SYMBOLS: SORTED ALPHABETICALLY BY Name 

address    name
--------   ----
0000107b   BufferInit
00001399   C$$EXIT
00000e27   ConfigureADC
00001455   ConfigureSysTick
000011bd   ConfigureUART
0000164b   GPIOIntClear
0000163f   GPIOIntEnable
000015c7   GPIOIntRegister
0000127d   GPIOPinConfigure
00001651   GPIOPinWrite
00000ff5   IRQInterruptHandler
000010ed   IntEnable
00001421   IntRegister
000008b3   RFInit
00001483   RFWriteRegister
00001657   ResetISR
UNDEFED    SHT$$INIT_ARRAY$$Base
UNDEFED    SHT$$INIT_ARRAY$$Limit
000014d1   SPIDataRead
00001579   SPIDataWrite
00000b01   SPIInit
000014ab   SPIRXFlush
000014ed   SPISetCEHigh
00001509   SPISetCELow
00001525   SPISetCSNHigh
00001541   SPISetCSNLow
0000160d   SSIDataGetNonBlocking
00000bf5   SysCtlClockGet
0000165d   SysCtlDelay
000009f9   SysTickIntHandler
00001663   UARTClockSourceSet
00001155   UARTStdioConfig
00001593   UARTprintf
00000639   UARTvprintf
000012c5   UARTwrite
20004670   __STACK_END
00000400   __STACK_SIZE
20004670   __STACK_TOP
00004000   __SYSMEM_SIZE
000018f0   __TI_CINIT_Base
00001908   __TI_CINIT_Limit
000018d4   __TI_Handler_Table_Base
000018e0   __TI_Handler_Table_Limit
00000001   __TI_args_main
00000f61   __TI_auto_init
20004684   __TI_cleanup_ptr
00001631   __TI_decompress_none
00001669   __TI_decompress_rle24
20004688   __TI_dtors_ptr
00000000   __TI_static_base__
0000161f   __TI_zero_init
00000ec3   __aeabi_memcpy
00000ec3   __aeabi_memcpy4
00000ec3   __aeabi_memcpy8
000013dd   __aeabi_uidivmod
ffffffff   __binit__
ffffffff   __c_args__
20004270   __stack
000015e1   _args_main
0000130d   _c_int00
2000467c   _lock
00001607   _nop
000015ff   _register_lock
000015f9   _register_unlock
20000270   _sys_memory
20004680   _unlock
0000139d   abort
ffffffff   binit
2000469c   bufferA
200046a0   bufferB
00000601   calloc
00001355   copy_in
000013a5   exit
0000035b   free
20000000   g_pfnRAMVectors
00000000   g_pfnVectors
00000cb5   main
20004698   main_func_sp
000002f9   malloc
00000521   memalign
00000ec3   memcpy
0000026d   minit
000015ad   muxChannelChange
00000d73   muxInit
0000041b   realloc
200046ac   ui32BufferMode
200046a4   ui32NumOfChannels
200046a8   ui32WindowSize


GLOBAL SYMBOLS: SORTED BY Symbol Address 

address    name
--------   ----
00000000   __TI_static_base__
00000000   g_pfnVectors
00000001   __TI_args_main
0000026d   minit
000002f9   malloc
0000035b   free
00000400   __STACK_SIZE
0000041b   realloc
00000521   memalign
00000601   calloc
00000639   UARTvprintf
000008b3   RFInit
000009f9   SysTickIntHandler
00000b01   SPIInit
00000bf5   SysCtlClockGet
00000cb5   main
00000d73   muxInit
00000e27   ConfigureADC
00000ec3   __aeabi_memcpy
00000ec3   __aeabi_memcpy4
00000ec3   __aeabi_memcpy8
00000ec3   memcpy
00000f61   __TI_auto_init
00000ff5   IRQInterruptHandler
0000107b   BufferInit
000010ed   IntEnable
00001155   UARTStdioConfig
000011bd   ConfigureUART
0000127d   GPIOPinConfigure
000012c5   UARTwrite
0000130d   _c_int00
00001355   copy_in
00001399   C$$EXIT
0000139d   abort
000013a5   exit
000013dd   __aeabi_uidivmod
00001421   IntRegister
00001455   ConfigureSysTick
00001483   RFWriteRegister
000014ab   SPIRXFlush
000014d1   SPIDataRead
000014ed   SPISetCEHigh
00001509   SPISetCELow
00001525   SPISetCSNHigh
00001541   SPISetCSNLow
00001579   SPIDataWrite
00001593   UARTprintf
000015ad   muxChannelChange
000015c7   GPIOIntRegister
000015e1   _args_main
000015f9   _register_unlock
000015ff   _register_lock
00001607   _nop
0000160d   SSIDataGetNonBlocking
0000161f   __TI_zero_init
00001631   __TI_decompress_none
0000163f   GPIOIntEnable
0000164b   GPIOIntClear
00001651   GPIOPinWrite
00001657   ResetISR
0000165d   SysCtlDelay
00001663   UARTClockSourceSet
00001669   __TI_decompress_rle24
000018d4   __TI_Handler_Table_Base
000018e0   __TI_Handler_Table_Limit
000018f0   __TI_CINIT_Base
00001908   __TI_CINIT_Limit
00004000   __SYSMEM_SIZE
20000000   g_pfnRAMVectors
20000270   _sys_memory
20004270   __stack
20004670   __STACK_END
20004670   __STACK_TOP
2000467c   _lock
20004680   _unlock
20004684   __TI_cleanup_ptr
20004688   __TI_dtors_ptr
20004698   main_func_sp
2000469c   bufferA
200046a0   bufferB
200046a4   ui32NumOfChannels
200046a8   ui32WindowSize
200046ac   ui32BufferMode
ffffffff   __binit__
ffffffff   __c_args__
ffffffff   binit
UNDEFED    SHT$$INIT_ARRAY$$Base
UNDEFED    SHT$$INIT_ARRAY$$Limit

[88 symbols]
