******************************************************************************
                  TI ARM Linker PC v5.1.1                      
******************************************************************************
>> Linked Mon Oct 06 01:35:32 2014

OUTPUT FILE NAME:   <four_ch_neural_recorder.out>
ENTRY POINT SYMBOL: "_c_int00"  address: 000014b1


MEMORY CONFIGURATION

         name            origin    length      used     unused   attr    fill
----------------------  --------  ---------  --------  --------  ----  --------
  FLASH                 00000000   00040000  000019e0  0003e620  R  X
  SRAM                  20000000   00008000  00000eb8  00007148  RW X


SEGMENT ALLOCATION MAP

run origin  load origin   length   init length attrs members
----------  ----------- ---------- ----------- ----- -------
00000000    00000000    000019e0   000019e0    r-x
  00000000    00000000    0000026c   0000026c    r-- .intvecs
  0000026c    0000026c    0000150c   0000150c    r-x .text
  00001778    00001778    00000220   00000220    r-- .const
  00001998    00001998    00000048   00000048    r-- .cinit
20000000    20000000    00000eb8   00000000    rw-
  20000000    20000000    0000026c   00000000    rw- .vtable
  2000026c    2000026c    00000800   00000000    rw- .stack
  20000a6c    20000a6c    00000400   00000000    rw- .bss
  20000e6c    20000e6c    0000004c   00000000    rw- .data


SECTION ALLOCATION MAP

 output                                  attributes/
section   page    origin      length       input sections
--------  ----  ----------  ----------   ----------------
.intvecs   0    00000000    0000026c     
                  00000000    0000026c     startup_ccs.obj (.intvecs)

.init_array 
*          0    00000000    00000000     UNINITIALIZED

.text      0    0000026c    0000150c     
                  0000026c    0000060a     main.obj (.text:main)
                  00000876    00000002     startup_ccs.obj (.text:FaultISR)
                  00000878    000002c1     uartstdio.obj (.text:UARTprintf)
                  00000b39    00000001     --HOLE-- [fill = 0]
                  00000b3a    0000017a     main.obj (.text:IRQInterruptHandler)
                  00000cb4    0000012e     main.obj (.text:TimerIntHandler)
                  00000de2    00000108     nrf24l01.obj (.text:RFWriteSendBuffer)
                  00000eea    000000f2     spi.obj (.text:SPIInit)
                  00000fdc    000000b4     adg731.obj (.text:muxInit)
                  00001090    000000aa     main.obj (.text:ConfigureUART)
                  0000113a    00000002     startup_ccs.obj (.text:IntDefaultHandler)
                  0000113c    000000a6     main.obj (.text:ConfigureTimer)
                  000011e2    0000009c     rtsv7M4_T_le_v4SPD16_eabi.lib : memcpy_t2.obj (.text)
                  0000127e    00000002     startup_ccs.obj (.text:NmiSR)
                  00001280    00000094     rtsv7M4_T_le_v4SPD16_eabi.lib : auto_init.obj (.text)
                  00001314    0000008c     main.obj (.text:ConfigureADC)
                  000013a0    00000068     driverlib.lib : interrupt.obj (.text:IntEnable)
                  00001408    0000005e     rtsv7M4_T_le_v4SPD16_eabi.lib : copy_decompress_rle.obj (.text)
                  00001466    00000002                                   : _lock.obj (.text)
                  00001468    00000048     driverlib.lib : gpio.obj (.text:GPIOPinConfigure)
                  000014b0    00000048     rtsv7M4_T_le_v4SPD16_eabi.lib : boot.obj (.text)
                  000014f8    00000044                                   : cpy_tbl.obj (.text)
                  0000153c    00000044                                   : exit.obj (.text)
                  00001580    00000042                                   : u_divt2.obj (.text)
                  000015c2    00000038     uartstdio.obj (.text:UARTwrite)
                  000015fa    00000002     --HOLE-- [fill = 0]
                  000015fc    00000034     driverlib.lib : interrupt.obj (.text:IntRegister)
                  00001630    00000028                   : timer.obj (.text:_TimerIntNumberGet)
                  00001658    00000026     spi.obj (.text:SPIRXFlush)
                  0000167e    0000001e     spi.obj (.text:SPIDataRead)
                  0000169c    0000001c     spi.obj (.text:SPISetCSNLow)
                  000016b8    0000001c     driverlib.lib : gpio.obj (.text:_GPIOIntNumberGet)
                  000016d4    00000018                   : gpio.obj (.text:GPIOIntRegister)
                  000016ec    00000018                   : timer.obj (.text:TimerIntRegister)
                  00001704    00000018     rtsv7M4_T_le_v4SPD16_eabi.lib : args_main.obj (.text)
                  0000171c    00000012     driverlib.lib : ssi.obj (.text:SSIDataGetNonBlocking)
                  0000172e    00000012     rtsv7M4_T_le_v4SPD16_eabi.lib : copy_zero_init.obj (.text:decompress:ZI)
                  00001740    0000000e                                   : copy_decompress_none.obj (.text:decompress:none)
                  0000174e    0000000c     driverlib.lib : gpio.obj (.text:GPIOIntEnable)
                  0000175a    00000006                   : gpio.obj (.text:GPIOIntClear)
                  00001760    00000006                   : gpio.obj (.text:GPIOPinWrite)
                  00001766    00000006     startup_ccs.obj (.text:ResetISR)
                  0000176c    00000006     driverlib.lib : uart.obj (.text:UARTClockSourceSet)
                  00001772    00000006     rtsv7M4_T_le_v4SPD16_eabi.lib : copy_decompress_rle.obj (.text:decompress:rle24)

.const     0    00001778    00000220     
                  00001778    000000c0     driverlib.lib : gpio.obj (.const:g_ppui32GPIOIntMapBlizzard)
                  00001838    00000078                   : gpio.obj (.const:g_pui32GPIOBaseAddrs)
                  000018b0    00000070                   : interrupt.obj (.const)
                  00001920    00000060                   : timer.obj (.const:g_ppui32TimerIntMap)
                  00001980    00000018     uartstdio.obj (.const)

.cinit     0    00001998    00000048     
                  00001998    00000012     (.cinit..data.load) [load image, compression = rle]
                  000019aa    00000002     --HOLE-- [fill = 0]
                  000019ac    0000000c     (__TI_handler_table)
                  000019b8    00000008     (.cinit..bss.load) [load image, compression = zero_init]
                  000019c0    00000008     (.cinit..vtable.load) [load image, compression = zero_init]
                  000019c8    00000018     (__TI_cinit_table)

.vtable    0    20000000    0000026c     UNINITIALIZED
                  20000000    0000026c     driverlib.lib : interrupt.obj (.vtable)

.stack     0    2000026c    00000800     UNINITIALIZED
                  2000026c    00000800     --HOLE--

.bss       0    20000a6c    00000400     UNINITIALIZED
                  20000a6c    00000200     main.obj (.bss:bufferA)
                  20000c6c    00000200     main.obj (.bss:bufferB)

.data      0    20000e6c    0000004c     UNINITIALIZED
                  20000e6c    00000030     main.obj (.data)
                  20000e9c    00000008     rtsv7M4_T_le_v4SPD16_eabi.lib : _lock.obj (.data)
                  20000ea4    00000008                                   : exit.obj (.data)
                  20000eac    00000008     uartstdio.obj (.data)
                  20000eb4    00000004     rtsv7M4_T_le_v4SPD16_eabi.lib : stkdepth_vars.obj (.data)


LINKER GENERATED COPY TABLES

__TI_cinit_table @ 000019c8 records: 3, size/record: 8, table size: 24
	.data: load addr=00001998, load size=00000012 bytes, run addr=20000e6c, run size=0000004c bytes, compression=rle
	.bss: load addr=000019b8, load size=00000008 bytes, run addr=20000a6c, run size=00000400 bytes, compression=zero_init
	.vtable: load addr=000019c0, load size=00000008 bytes, run addr=20000000, run size=0000026c bytes, compression=zero_init


LINKER GENERATED HANDLER TABLE

__TI_handler_table @ 000019ac records: 3, size/record: 4, table size: 12
	index: 0, handler: __TI_zero_init
	index: 1, handler: __TI_decompress_rle24
	index: 2, handler: __TI_decompress_none


GLOBAL SYMBOLS: SORTED ALPHABETICALLY BY Name 

address    name
--------   ----
20000e70   BufferAEmpty
20000e71   BufferBEmpty
0000153d   C$$EXIT
00001315   ConfigureADC
0000113d   ConfigureTimer
00001091   ConfigureUART
0000175b   GPIOIntClear
0000174f   GPIOIntEnable
000016d5   GPIOIntRegister
00001469   GPIOPinConfigure
00001761   GPIOPinWrite
00000b3b   IRQInterruptHandler
000013a1   IntEnable
000015fd   IntRegister
20000e6f   RFPacketSent
00000de3   RFWriteSendBuffer
00001767   ResetISR
UNDEFED    SHT$$INIT_ARRAY$$Base
UNDEFED    SHT$$INIT_ARRAY$$Limit
0000167f   SPIDataRead
00000eeb   SPIInit
00001659   SPIRXFlush
0000169d   SPISetCSNLow
0000171d   SSIDataGetNonBlocking
00000cb5   TimerIntHandler
000016ed   TimerIntRegister
0000176d   UARTClockSourceSet
00000879   UARTprintf
000015c3   UARTwrite
20000a6c   __STACK_END
00000800   __STACK_SIZE
2000066c   __STACK_TOP
000019c8   __TI_CINIT_Base
000019e0   __TI_CINIT_Limit
000019ac   __TI_Handler_Table_Base
000019b8   __TI_Handler_Table_Limit
00000001   __TI_args_main
00001281   __TI_auto_init
20000ea4   __TI_cleanup_ptr
00001741   __TI_decompress_none
00001773   __TI_decompress_rle24
20000ea8   __TI_dtors_ptr
00000000   __TI_static_base__
0000172f   __TI_zero_init
000011e3   __aeabi_memcpy
000011e3   __aeabi_memcpy4
000011e3   __aeabi_memcpy8
00001581   __aeabi_uidivmod
ffffffff   __binit__
ffffffff   __c_args__
2000026c   __stack
00001705   _args_main
000014b1   _c_int00
20000e9c   _lock
00001467   _nop
20000ea0   _unlock
00001541   abort
ffffffff   binit
20000a6c   bufferA
20000c6c   bufferB
000014f9   copy_in
00001549   exit
20000000   g_pfnRAMVectors
00000000   g_pfnVectors
0000026d   main
20000eb4   main_func_sp
000011e3   memcpy
00000fdd   muxInit
20000e6e   transmitOn
20000e6d   ui32BufferMode
20000e6c   ui32NumOfChannels
20000e7c   ui32TxBuffer
20000e74   ui32WindowSize


GLOBAL SYMBOLS: SORTED BY Symbol Address 

address    name
--------   ----
00000000   __TI_static_base__
00000000   g_pfnVectors
00000001   __TI_args_main
0000026d   main
00000800   __STACK_SIZE
00000879   UARTprintf
00000b3b   IRQInterruptHandler
00000cb5   TimerIntHandler
00000de3   RFWriteSendBuffer
00000eeb   SPIInit
00000fdd   muxInit
00001091   ConfigureUART
0000113d   ConfigureTimer
000011e3   __aeabi_memcpy
000011e3   __aeabi_memcpy4
000011e3   __aeabi_memcpy8
000011e3   memcpy
00001281   __TI_auto_init
00001315   ConfigureADC
000013a1   IntEnable
00001467   _nop
00001469   GPIOPinConfigure
000014b1   _c_int00
000014f9   copy_in
0000153d   C$$EXIT
00001541   abort
00001549   exit
00001581   __aeabi_uidivmod
000015c3   UARTwrite
000015fd   IntRegister
00001659   SPIRXFlush
0000167f   SPIDataRead
0000169d   SPISetCSNLow
000016d5   GPIOIntRegister
000016ed   TimerIntRegister
00001705   _args_main
0000171d   SSIDataGetNonBlocking
0000172f   __TI_zero_init
00001741   __TI_decompress_none
0000174f   GPIOIntEnable
0000175b   GPIOIntClear
00001761   GPIOPinWrite
00001767   ResetISR
0000176d   UARTClockSourceSet
00001773   __TI_decompress_rle24
000019ac   __TI_Handler_Table_Base
000019b8   __TI_Handler_Table_Limit
000019c8   __TI_CINIT_Base
000019e0   __TI_CINIT_Limit
20000000   g_pfnRAMVectors
2000026c   __stack
2000066c   __STACK_TOP
20000a6c   __STACK_END
20000a6c   bufferA
20000c6c   bufferB
20000e6c   ui32NumOfChannels
20000e6d   ui32BufferMode
20000e6e   transmitOn
20000e6f   RFPacketSent
20000e70   BufferAEmpty
20000e71   BufferBEmpty
20000e74   ui32WindowSize
20000e7c   ui32TxBuffer
20000e9c   _lock
20000ea0   _unlock
20000ea4   __TI_cleanup_ptr
20000ea8   __TI_dtors_ptr
20000eb4   main_func_sp
ffffffff   __binit__
ffffffff   __c_args__
ffffffff   binit
UNDEFED    SHT$$INIT_ARRAY$$Base
UNDEFED    SHT$$INIT_ARRAY$$Limit

[73 symbols]
