******************************************************************************
                  TI ARM Linker PC v5.1.1                      
******************************************************************************
>> Linked Thu Sep 25 20:53:22 2014

OUTPUT FILE NAME:   <four_ch_neural_recorder.out>
ENTRY POINT SYMBOL: "_c_int00"  address: 00000dd9


MEMORY CONFIGURATION

         name            origin    length      used     unused   attr    fill
----------------------  --------  ---------  --------  --------  ----  --------
  FLASH                 00000000   00040000  0000101c  0003efe4  R  X
  SRAM                  20000000   00008000  00004438  00003bc8  RW X


SEGMENT ALLOCATION MAP

run origin  load origin   length   init length attrs members
----------  ----------- ---------- ----------- ----- -------
00000000    00000000    00001020   00001020    r-x
  00000000    00000000    0000026c   0000026c    r-- .intvecs
  0000026c    0000026c    00000d42   00000d42    r-x .text
  00000fb0    00000fb0    0000002e   0000002e    r-- .const
  00000fe0    00000fe0    00000040   00000040    r-- .cinit
20000000    20000000    00004438   00000000    rw-
  20000000    20000000    00004000   00000000    rw- .sysmem
  20004000    20004000    00000400   00000000    rw- .stack
  20004400    20004400    00000028   00000000    rw- .data
  20004428    20004428    00000010   00000000    rw- .bss


SECTION ALLOCATION MAP

 output                                  attributes/
section   page    origin      length       input sections
--------  ----  ----------  ----------   ----------------
.intvecs   0    00000000    0000026c     
                  00000000    0000026c     startup_ccs.obj (.intvecs)

.init_array 
*          0    00000000    00000000     UNINITIALIZED

.text      0    0000026c    00000d42     
                  0000026c    000003cc     rtsv7M4_T_le_v4SPD16_eabi.lib : memory.obj (.text)
                  00000638    00000279     uartstdio.obj (.text:UARTvprintf)
                  000008b1    00000001     --HOLE-- [fill = 0]
                  000008b2    00000002     startup_ccs.obj (.text:FaultISR)
                  000008b4    00000152     main.obj (.text:main)
                  00000a06    000000b4     main.obj (.text:SysTickIntHandler)
                  00000aba    0000009c     rtsv7M4_T_le_v4SPD16_eabi.lib : memcpy_t2.obj (.text)
                  00000b56    00000002     startup_ccs.obj (.text:IntDefaultHandler)
                  00000b58    00000094     rtsv7M4_T_le_v4SPD16_eabi.lib : auto_init.obj (.text)
                  00000bec    0000007c     main.obj (.text:ConfigureADC)
                  00000c68    00000068     uartstdio.obj (.text:UARTStdioConfig)
                  00000cd0    00000062     main.obj (.text:ConfigureUART)
                  00000d32    0000005e     rtsv7M4_T_le_v4SPD16_eabi.lib : copy_decompress_rle.obj (.text)
                  00000d90    00000048     uartstdio.obj (.text:UARTwrite)
                  00000dd8    00000048     rtsv7M4_T_le_v4SPD16_eabi.lib : boot.obj (.text)
                  00000e20    00000044                                   : cpy_tbl.obj (.text)
                  00000e64    00000044                                   : exit.obj (.text)
                  00000ea8    00000042                                   : u_divt2.obj (.text)
                  00000eea    0000002e     main.obj (.text:ConfigureSysTick)
                  00000f18    0000001c     uartstdio.obj (.text:UARTgetc)
                  00000f34    0000001a     uartstdio.obj (.text:UARTprintf)
                  00000f4e    00000002     startup_ccs.obj (.text:NmiSR)
                  00000f50    00000018     rtsv7M4_T_le_v4SPD16_eabi.lib : args_main.obj (.text)
                  00000f68    00000014                                   : _lock.obj (.text)
                  00000f7c    00000012                                   : copy_zero_init.obj (.text:decompress:ZI)
                  00000f8e    0000000e                                   : copy_decompress_none.obj (.text:decompress:none)
                  00000f9c    00000006     startup_ccs.obj (.text:ResetISR)
                  00000fa2    00000006     driverlib.lib : uart.obj (.text:UARTClockSourceSet)
                  00000fa8    00000006     rtsv7M4_T_le_v4SPD16_eabi.lib : copy_decompress_rle.obj (.text:decompress:rle24)

.const     0    00000fb0    0000002e     
                  00000fb0    0000001c     uartstdio.obj (.const)
                  00000fcc    00000012     uartstdio.obj (.const:.string)

.cinit     0    00000fe0    00000040     
                  00000fe0    00000019     (.cinit..data.load) [load image, compression = rle]
                  00000ff9    00000003     --HOLE-- [fill = 0]
                  00000ffc    0000000c     (__TI_handler_table)
                  00001008    00000008     (.cinit..bss.load) [load image, compression = zero_init]
                  00001010    00000010     (__TI_cinit_table)

.sysmem    0    20000000    00004000     UNINITIALIZED
                  20000000    00000008     rtsv7M4_T_le_v4SPD16_eabi.lib : memory.obj (.sysmem)
                  20000008    00003ff8     --HOLE--

.stack     0    20004000    00000400     UNINITIALIZED
                  20004000    00000400     --HOLE--

.data      0    20004400    00000028     UNINITIALIZED
                  20004400    0000000c     rtsv7M4_T_le_v4SPD16_eabi.lib : memory.obj (.data)
                  2000440c    00000008                                   : _lock.obj (.data)
                  20004414    00000008                                   : exit.obj (.data)
                  2000441c    00000005     uartstdio.obj (.data)
                  20004421    00000002     main.obj (.data)
                  20004423    00000001     --HOLE--
                  20004424    00000004     rtsv7M4_T_le_v4SPD16_eabi.lib : stkdepth_vars.obj (.data)

.bss       0    20004428    00000010     UNINITIALIZED
                  20004428    00000004     (.common:ADCValueA$2)
                  2000442c    00000004     (.common:ADCValueB$3)
                  20004430    00000004     (.common:bufferA)
                  20004434    00000004     (.common:bufferB)


LINKER GENERATED COPY TABLES

__TI_cinit_table @ 00001010 records: 2, size/record: 8, table size: 16
	.data: load addr=00000fe0, load size=00000019 bytes, run addr=20004400, run size=00000028 bytes, compression=rle
	.bss: load addr=00001008, load size=00000008 bytes, run addr=20004428, run size=00000010 bytes, compression=zero_init


LINKER GENERATED HANDLER TABLE

__TI_handler_table @ 00000ffc records: 3, size/record: 4, table size: 12
	index: 0, handler: __TI_decompress_rle24
	index: 1, handler: __TI_decompress_none
	index: 2, handler: __TI_zero_init


GLOBAL SYMBOLS: SORTED ALPHABETICALLY BY Name 

address    name
--------   ----
00000e65   C$$EXIT
00000bed   ConfigureADC
00000eeb   ConfigureSysTick
00000cd1   ConfigureUART
00000f9d   ResetISR
UNDEFED    SHT$$INIT_ARRAY$$Base
UNDEFED    SHT$$INIT_ARRAY$$Limit
00000a07   SysTickIntHandler
00000fa3   UARTClockSourceSet
00000c69   UARTStdioConfig
00000f19   UARTgetc
00000f35   UARTprintf
00000639   UARTvprintf
00000d91   UARTwrite
20004400   __STACK_END
00000400   __STACK_SIZE
20004400   __STACK_TOP
00004000   __SYSMEM_SIZE
00001010   __TI_CINIT_Base
00001020   __TI_CINIT_Limit
00000ffc   __TI_Handler_Table_Base
00001008   __TI_Handler_Table_Limit
00000001   __TI_args_main
00000b59   __TI_auto_init
20004414   __TI_cleanup_ptr
00000f8f   __TI_decompress_none
00000fa9   __TI_decompress_rle24
20004418   __TI_dtors_ptr
00000000   __TI_static_base__
00000f7d   __TI_zero_init
00000abb   __aeabi_memcpy
00000abb   __aeabi_memcpy4
00000abb   __aeabi_memcpy8
00000ea9   __aeabi_uidivmod
ffffffff   __binit__
ffffffff   __c_args__
20004000   __stack
00000f51   _args_main
00000dd9   _c_int00
2000440c   _lock
00000f77   _nop
00000f6f   _register_lock
00000f69   _register_unlock
20000000   _sys_memory
20004410   _unlock
00000e69   abort
ffffffff   binit
20004430   bufferA
20004434   bufferB
00000601   calloc
00000e21   copy_in
00000e71   exit
0000035b   free
00000000   g_pfnVectors
20004421   isConfigured
000008b5   main
20004424   main_func_sp
000002f9   malloc
00000521   memalign
00000abb   memcpy
0000026d   minit
0000041b   realloc


GLOBAL SYMBOLS: SORTED BY Symbol Address 

address    name
--------   ----
00000000   __TI_static_base__
00000000   g_pfnVectors
00000001   __TI_args_main
0000026d   minit
000002f9   malloc
0000035b   free
00000400   __STACK_SIZE
0000041b   realloc
00000521   memalign
00000601   calloc
00000639   UARTvprintf
000008b5   main
00000a07   SysTickIntHandler
00000abb   __aeabi_memcpy
00000abb   __aeabi_memcpy4
00000abb   __aeabi_memcpy8
00000abb   memcpy
00000b59   __TI_auto_init
00000bed   ConfigureADC
00000c69   UARTStdioConfig
00000cd1   ConfigureUART
00000d91   UARTwrite
00000dd9   _c_int00
00000e21   copy_in
00000e65   C$$EXIT
00000e69   abort
00000e71   exit
00000ea9   __aeabi_uidivmod
00000eeb   ConfigureSysTick
00000f19   UARTgetc
00000f35   UARTprintf
00000f51   _args_main
00000f69   _register_unlock
00000f6f   _register_lock
00000f77   _nop
00000f7d   __TI_zero_init
00000f8f   __TI_decompress_none
00000f9d   ResetISR
00000fa3   UARTClockSourceSet
00000fa9   __TI_decompress_rle24
00000ffc   __TI_Handler_Table_Base
00001008   __TI_Handler_Table_Limit
00001010   __TI_CINIT_Base
00001020   __TI_CINIT_Limit
00004000   __SYSMEM_SIZE
20000000   _sys_memory
20004000   __stack
20004400   __STACK_END
20004400   __STACK_TOP
2000440c   _lock
20004410   _unlock
20004414   __TI_cleanup_ptr
20004418   __TI_dtors_ptr
20004421   isConfigured
20004424   main_func_sp
20004430   bufferA
20004434   bufferB
ffffffff   __binit__
ffffffff   __c_args__
ffffffff   binit
UNDEFED    SHT$$INIT_ARRAY$$Base
UNDEFED    SHT$$INIT_ARRAY$$Limit

[62 symbols]
