******************************************************************************
                  TI ARM Linker PC v5.1.1                      
******************************************************************************
>> Linked Tue Oct 14 21:23:49 2014

OUTPUT FILE NAME:   <four_ch_neural_recorder.out>
ENTRY POINT SYMBOL: "_c_int00"  address: 000015c5


MEMORY CONFIGURATION

         name            origin    length      used     unused   attr    fill
----------------------  --------  ---------  --------  --------  ----  --------
  FLASH                 00000000   00040000  00001b38  0003e4c8  R  X
  SRAM                  20000000   00008000  000044cc  00003b34  RW X


SEGMENT ALLOCATION MAP

run origin  load origin   length   init length attrs members
----------  ----------- ---------- ----------- ----- -------
00000000    00000000    00001b38   00001b38    r-x
  00000000    00000000    0000026c   0000026c    r-- .intvecs
  0000026c    0000026c    000015f8   000015f8    r-x .text
  00001864    00001864    0000028c   0000028c    r-- .const
  00001af0    00001af0    00000048   00000048    r-- .cinit
20000000    20000000    000044d0   00000000    rw-
  20000000    20000000    0000026c   00000000    rw- .vtable
  20000270    20000270    00004000   00000000    rw- .sysmem
  20004270    20004270    00000200   00000000    rw- .stack
  20004470    20004470    00000060   00000000    rw- .data


SECTION ALLOCATION MAP

 output                                  attributes/
section   page    origin      length       input sections
--------  ----  ----------  ----------   ----------------
.intvecs   0    00000000    0000026c     
                  00000000    0000026c     startup_ccs.obj (.intvecs)

.init_array 
*          0    00000000    00000000     UNINITIALIZED

.text      0    0000026c    000015f8     
                  0000026c    000003ee     main.obj (.text:main)
                  0000065a    000003e2     nrf24l01.obj (.text:RFInit)
                  00000a3c    0000015c     rtsv7M4_T_le_v4SPD16_eabi.lib : memory.obj (.text)
                  00000b98    00000144     main.obj (.text:TimerIntHandler)
                  00000cdc    00000140     main.obj (.text:IRQInterruptHandler)
                  00000e1c    000000f8     spi.obj (.text:SPIInit)
                  00000f14    000000c0     main.obj (.text:BufferInit)
                  00000fd4    000000c0     driverlib.lib : sysctl.obj (.text:SysCtlClockGet)
                  00001094    000000b4     adg731.obj (.text:muxInit)
                  00001148    0000009c     rtsv7M4_T_le_v4SPD16_eabi.lib : memcpy_t2.obj (.text)
                  000011e4    00000094                                   : auto_init.obj (.text)
                  00001278    0000008c     main.obj (.text:ConfigureADC)
                  00001304    0000008c     main.obj (.text:ConfigureTimer)
                  00001390    0000006e     main.obj (.text:IRQInitialize)
                  000013fe    00000002     startup_ccs.obj (.text:FaultISR)
                  00001400    00000068     driverlib.lib : interrupt.obj (.text:IntEnable)
                  00001468    00000062     main.obj (.text:ConfigureUART)
                  000014ca    0000005e     rtsv7M4_T_le_v4SPD16_eabi.lib : copy_decompress_rle.obj (.text)
                  00001528    00000054     uartstdio.obj (.text:UARTStdioConfig)
                  0000157c    00000048     driverlib.lib : gpio.obj (.text:GPIOPinConfigure)
                  000015c4    00000048     rtsv7M4_T_le_v4SPD16_eabi.lib : boot.obj (.text)
                  0000160c    00000044                                   : cpy_tbl.obj (.text)
                  00001650    00000044                                   : exit.obj (.text)
                  00001694    00000034     driverlib.lib : interrupt.obj (.text:IntRegister)
                  000016c8    00000028                   : timer.obj (.text:_TimerIntNumberGet)
                  000016f0    00000026     spi.obj (.text:SPIRXFlush)
                  00001716    0000001e     spi.obj (.text:SPIDataRead)
                  00001734    0000001c     spi.obj (.text:SPISetCEHigh)
                  00001750    0000001c     spi.obj (.text:SPISetCELow)
                  0000176c    0000001c     spi.obj (.text:SPISetCSNHigh)
                  00001788    0000001c     spi.obj (.text:SPISetCSNLow)
                  000017a4    0000001c     driverlib.lib : gpio.obj (.text:_GPIOIntNumberGet)
                  000017c0    00000018                   : gpio.obj (.text:GPIOIntRegister)
                  000017d8    00000018                   : timer.obj (.text:TimerIntRegister)
                  000017f0    00000018     rtsv7M4_T_le_v4SPD16_eabi.lib : args_main.obj (.text)
                  00001808    00000012     driverlib.lib : ssi.obj (.text:SSIDataGetNonBlocking)
                  0000181a    00000012     rtsv7M4_T_le_v4SPD16_eabi.lib : copy_zero_init.obj (.text:decompress:ZI)
                  0000182c    0000000e                                   : copy_decompress_none.obj (.text:decompress:none)
                  0000183a    0000000c     driverlib.lib : gpio.obj (.text:GPIOIntEnable)
                  00001846    00000006                   : gpio.obj (.text:GPIOIntClear)
                  0000184c    00000006     startup_ccs.obj (.text:ResetISR)
                  00001852    00000006     driverlib.lib : uart.obj (.text:UARTClockSourceSet)
                  00001858    00000006     rtsv7M4_T_le_v4SPD16_eabi.lib : copy_decompress_rle.obj (.text:decompress:rle24)
                  0000185e    00000002     startup_ccs.obj (.text:IntDefaultHandler)
                  00001860    00000002     startup_ccs.obj (.text:NmiSR)
                  00001862    00000002     rtsv7M4_T_le_v4SPD16_eabi.lib : _lock.obj (.text)

.const     0    00001864    0000028c     
                  00001864    000000c0     driverlib.lib : gpio.obj (.const:g_ppui32GPIOIntMapBlizzard)
                  00001924    00000078                   : gpio.obj (.const:g_pui32GPIOBaseAddrs)
                  0000199c    00000070                   : interrupt.obj (.const)
                  00001a0c    0000006c                   : sysctl.obj (.const:g_pui32Xtals)
                  00001a78    00000060                   : timer.obj (.const:g_ppui32TimerIntMap)
                  00001ad8    00000018     uartstdio.obj (.const)

.cinit     0    00001af0    00000048     
                  00001af0    0000001d     (.cinit..data.load) [load image, compression = rle]
                  00001b0d    00000003     --HOLE-- [fill = 0]
                  00001b10    0000000c     (__TI_handler_table)
                  00001b1c    00000004     --HOLE-- [fill = 0]
                  00001b20    00000008     (.cinit..vtable.load) [load image, compression = zero_init]
                  00001b28    00000010     (__TI_cinit_table)

.vtable    0    20000000    0000026c     UNINITIALIZED
                  20000000    0000026c     driverlib.lib : interrupt.obj (.vtable)

.sysmem    0    20000270    00004000     UNINITIALIZED
                  20000270    00000008     rtsv7M4_T_le_v4SPD16_eabi.lib : memory.obj (.sysmem)
                  20000278    00003ff8     --HOLE--

.stack     0    20004270    00000200     UNINITIALIZED
                  20004270    00000200     --HOLE--

.data      0    20004470    00000060     UNINITIALIZED
                  20004470    00000038     main.obj (.data)
                  200044a8    0000000c     rtsv7M4_T_le_v4SPD16_eabi.lib : memory.obj (.data)
                  200044b4    00000008                                   : _lock.obj (.data)
                  200044bc    00000008                                   : exit.obj (.data)
                  200044c4    00000008     uartstdio.obj (.data)
                  200044cc    00000004     rtsv7M4_T_le_v4SPD16_eabi.lib : stkdepth_vars.obj (.data)


LINKER GENERATED COPY TABLES

__TI_cinit_table @ 00001b28 records: 2, size/record: 8, table size: 16
	.data: load addr=00001af0, load size=0000001d bytes, run addr=20004470, run size=00000060 bytes, compression=rle
	.vtable: load addr=00001b20, load size=00000008 bytes, run addr=20000000, run size=0000026c bytes, compression=zero_init


LINKER GENERATED HANDLER TABLE

__TI_handler_table @ 00001b10 records: 3, size/record: 4, table size: 12
	index: 0, handler: __TI_zero_init
	index: 1, handler: __TI_decompress_rle24
	index: 2, handler: __TI_decompress_none


GLOBAL SYMBOLS: SORTED ALPHABETICALLY BY Name 

address    name
--------   ----
20004474   BufferAEmpty
20004475   BufferBEmpty
00000f15   BufferInit
00001651   C$$EXIT
00001279   ConfigureADC
00001305   ConfigureTimer
00001469   ConfigureUART
00001847   GPIOIntClear
0000183b   GPIOIntEnable
000017c1   GPIOIntRegister
0000157d   GPIOPinConfigure
00001391   IRQInitialize
00000cdd   IRQInterruptHandler
00001401   IntEnable
00001695   IntRegister
0000065b   RFInit
20004473   RFPacketSent
0000184d   ResetISR
UNDEFED    SHT$$INIT_ARRAY$$Base
UNDEFED    SHT$$INIT_ARRAY$$Limit
00001717   SPIDataRead
00000e1d   SPIInit
000016f1   SPIRXFlush
00001735   SPISetCEHigh
00001751   SPISetCELow
0000176d   SPISetCSNHigh
00001789   SPISetCSNLow
00001809   SSIDataGetNonBlocking
00000fd5   SysCtlClockGet
00000b99   TimerIntHandler
000017d9   TimerIntRegister
00001853   UARTClockSourceSet
00001529   UARTStdioConfig
20004470   __STACK_END
00000200   __STACK_SIZE
20004670   __STACK_TOP
00004000   __SYSMEM_SIZE
00001b28   __TI_CINIT_Base
00001b38   __TI_CINIT_Limit
00001b10   __TI_Handler_Table_Base
00001b1c   __TI_Handler_Table_Limit
00000001   __TI_args_main
000011e5   __TI_auto_init
200044bc   __TI_cleanup_ptr
0000182d   __TI_decompress_none
00001859   __TI_decompress_rle24
200044c0   __TI_dtors_ptr
00000000   __TI_static_base__
0000181b   __TI_zero_init
00001149   __aeabi_memcpy
00001149   __aeabi_memcpy4
00001149   __aeabi_memcpy8
ffffffff   __binit__
ffffffff   __c_args__
20004270   __stack
000017f1   _args_main
000015c5   _c_int00
200044b4   _lock
00001863   _nop
20000270   _sys_memory
200044b8   _unlock
00001655   abort
ffffffff   binit
20004478   bufferA
2000447c   bufferB
0000160d   copy_in
0000165d   exit
20000000   g_pfnRAMVectors
00000000   g_pfnVectors
0000026d   main
200044cc   main_func_sp
00000ac7   malloc
00001149   memcpy
00000a3d   minit
00001095   muxInit
20004472   transmitOn
20004471   ui32BufferMode
20004470   ui32NumOfChannels
20004488   ui32TxBuffer
20004480   ui32WindowSize


GLOBAL SYMBOLS: SORTED BY Symbol Address 

address    name
--------   ----
00000000   __TI_static_base__
00000000   g_pfnVectors
00000001   __TI_args_main
00000200   __STACK_SIZE
0000026d   main
0000065b   RFInit
00000a3d   minit
00000ac7   malloc
00000b99   TimerIntHandler
00000cdd   IRQInterruptHandler
00000e1d   SPIInit
00000f15   BufferInit
00000fd5   SysCtlClockGet
00001095   muxInit
00001149   __aeabi_memcpy
00001149   __aeabi_memcpy4
00001149   __aeabi_memcpy8
00001149   memcpy
000011e5   __TI_auto_init
00001279   ConfigureADC
00001305   ConfigureTimer
00001391   IRQInitialize
00001401   IntEnable
00001469   ConfigureUART
00001529   UARTStdioConfig
0000157d   GPIOPinConfigure
000015c5   _c_int00
0000160d   copy_in
00001651   C$$EXIT
00001655   abort
0000165d   exit
00001695   IntRegister
000016f1   SPIRXFlush
00001717   SPIDataRead
00001735   SPISetCEHigh
00001751   SPISetCELow
0000176d   SPISetCSNHigh
00001789   SPISetCSNLow
000017c1   GPIOIntRegister
000017d9   TimerIntRegister
000017f1   _args_main
00001809   SSIDataGetNonBlocking
0000181b   __TI_zero_init
0000182d   __TI_decompress_none
0000183b   GPIOIntEnable
00001847   GPIOIntClear
0000184d   ResetISR
00001853   UARTClockSourceSet
00001859   __TI_decompress_rle24
00001863   _nop
00001b10   __TI_Handler_Table_Base
00001b1c   __TI_Handler_Table_Limit
00001b28   __TI_CINIT_Base
00001b38   __TI_CINIT_Limit
00004000   __SYSMEM_SIZE
20000000   g_pfnRAMVectors
20000270   _sys_memory
20004270   __stack
20004470   __STACK_END
20004470   ui32NumOfChannels
20004471   ui32BufferMode
20004472   transmitOn
20004473   RFPacketSent
20004474   BufferAEmpty
20004475   BufferBEmpty
20004478   bufferA
2000447c   bufferB
20004480   ui32WindowSize
20004488   ui32TxBuffer
200044b4   _lock
200044b8   _unlock
200044bc   __TI_cleanup_ptr
200044c0   __TI_dtors_ptr
200044cc   main_func_sp
20004670   __STACK_TOP
ffffffff   __binit__
ffffffff   __c_args__
ffffffff   binit
UNDEFED    SHT$$INIT_ARRAY$$Base
UNDEFED    SHT$$INIT_ARRAY$$Limit

[80 symbols]
