******************************************************************************
                  TI ARM Linker PC v5.1.1                      
******************************************************************************
>> Linked Sat Oct 04 21:37:36 2014

OUTPUT FILE NAME:   <four_ch_neural_recorder.out>
ENTRY POINT SYMBOL: "_c_int00"  address: 00000f05


MEMORY CONFIGURATION

         name            origin    length      used     unused   attr    fill
----------------------  --------  ---------  --------  --------  ----  --------
  FLASH                 00000000   00040000  0000150c  0003eaf4  R  X
  SRAM                  20000000   00008000  00000598  00007a68  RW X


SEGMENT ALLOCATION MAP

run origin  load origin   length   init length attrs members
----------  ----------- ---------- ----------- ----- -------
00000000    00000000    00001510   00001510    r-x
  00000000    00000000    0000026c   0000026c    r-- .intvecs
  0000026c    0000026c    0000100e   0000100e    r-x .text
  0000127c    0000127c    00000242   00000242    r-- .const
  000014c0    000014c0    00000050   00000050    r-- .cinit
20000000    20000000    00000598   00000000    rw-
  20000000    20000000    0000026c   00000000    rw- .vtable
  2000026c    2000026c    00000208   00000000    rw- .bss
  20000474    20000474    00000100   00000000    rw- .stack
  20000574    20000574    00000024   00000000    rw- .data


SECTION ALLOCATION MAP

 output                                  attributes/
section   page    origin      length       input sections
--------  ----  ----------  ----------   ----------------
.intvecs   0    00000000    0000026c     
                  00000000    0000026c     startup_ccs.obj (.intvecs)

.init_array 
*          0    00000000    00000000     UNINITIALIZED

.text      0    0000026c    0000100e     
                  0000026c    000001ea     uartstdio.obj (.text:UARTvprintf)
                  00000456    00000002     startup_ccs.obj (.text:FaultISR)
                  00000458    000001a4     main.obj (.text:main)
                  000005fc    00000138     nrf24l01.obj (.text:RFInit)
                  00000734    000000fc     main.obj (.text:SysTickIntHandler)
                  00000830    000000c4     spi.obj (.text:SPIInit)
                  000008f4    000000c0     driverlib.lib : sysctl.obj (.text:SysCtlClockGet)
                  000009b4    0000009c     rtsv7M4_T_le_v4SPD16_eabi.lib : memcpy_t2.obj (.text)
                  00000a50    00000098     main.obj (.text:IRQInterruptHandler)
                  00000ae8    00000098     adg731.obj (.text:muxInit)
                  00000b80    00000094     rtsv7M4_T_le_v4SPD16_eabi.lib : auto_init.obj (.text)
                  00000c14    00000080     main.obj (.text:ConfigureADC)
                  00000c94    00000068     driverlib.lib : interrupt.obj (.text:IntEnable)
                  00000cfc    00000064     main.obj (.text:ConfigureUART)
                  00000d60    00000060     uartstdio.obj (.text:UARTStdioConfig)
                  00000dc0    0000005e     rtsv7M4_T_le_v4SPD16_eabi.lib : copy_decompress_rle.obj (.text)
                  00000e1e    00000054     nrf24l01.obj (.text:RFWriteSendBuffer)
                  00000e72    00000002     startup_ccs.obj (.text:IntDefaultHandler)
                  00000e74    00000048     driverlib.lib : gpio.obj (.text:GPIOPinConfigure)
                  00000ebc    00000048     uartstdio.obj (.text:UARTwrite)
                  00000f04    00000048     rtsv7M4_T_le_v4SPD16_eabi.lib : boot.obj (.text)
                  00000f4c    00000044                                   : cpy_tbl.obj (.text)
                  00000f90    00000044                                   : exit.obj (.text)
                  00000fd4    00000042                                   : u_divt2.obj (.text)
                  00001016    00000002     startup_ccs.obj (.text:NmiSR)
                  00001018    00000034     driverlib.lib : interrupt.obj (.text:IntRegister)
                  0000104c    00000028     main.obj (.text:ConfigureSysTick)
                  00001074    00000028     nrf24l01.obj (.text:RFWriteRegister)
                  0000109c    00000026     nrf24l01.obj (.text:RFReadRegister)
                  000010c2    00000002     --HOLE-- [fill = 0]
                  000010c4    00000020     spi.obj (.text:SPIDataRead)
                  000010e4    0000001c     spi.obj (.text:SPIDataWrite)
                  00001100    0000001c     spi.obj (.text:SPISetCEHigh)
                  0000111c    0000001c     spi.obj (.text:SPISetCELow)
                  00001138    0000001c     spi.obj (.text:SPISetCSNHigh)
                  00001154    0000001c     spi.obj (.text:SPISetCSNLow)
                  00001170    0000001c     driverlib.lib : gpio.obj (.text:_GPIOIntNumberGet)
                  0000118c    0000001a     uartstdio.obj (.text:UARTprintf)
                  000011a6    00000018     driverlib.lib : gpio.obj (.text:GPIOIntRegister)
                  000011be    00000002     --HOLE-- [fill = 0]
                  000011c0    00000018     adg731.obj (.text:muxChannelChange)
                  000011d8    00000018     rtsv7M4_T_le_v4SPD16_eabi.lib : args_main.obj (.text)
                  000011f0    00000014     spi.obj (.text:SPIRXFlush)
                  00001204    00000014     rtsv7M4_T_le_v4SPD16_eabi.lib : _lock.obj (.text)
                  00001218    00000012     driverlib.lib : ssi.obj (.text:SSIDataGetNonBlocking)
                  0000122a    00000012     rtsv7M4_T_le_v4SPD16_eabi.lib : copy_zero_init.obj (.text:decompress:ZI)
                  0000123c    0000000e                                   : copy_decompress_none.obj (.text:decompress:none)
                  0000124a    0000000c     driverlib.lib : gpio.obj (.text:GPIOIntEnable)
                  00001256    00000006                   : gpio.obj (.text:GPIOIntClear)
                  0000125c    00000006                   : gpio.obj (.text:GPIOPinWrite)
                  00001262    00000006     startup_ccs.obj (.text:ResetISR)
                  00001268    00000006     driverlib.lib : sysctl.obj (.text:SysCtlDelay)
                  0000126e    00000006                   : uart.obj (.text:UARTClockSourceSet)
                  00001274    00000006     rtsv7M4_T_le_v4SPD16_eabi.lib : copy_decompress_rle.obj (.text:decompress:rle24)

.const     0    0000127c    00000242     
                  0000127c    000000c0     driverlib.lib : gpio.obj (.const:g_ppui32GPIOIntMapBlizzard)
                  0000133c    00000078                   : gpio.obj (.const:g_pui32GPIOBaseAddrs)
                  000013b4    00000070                   : interrupt.obj (.const)
                  00001424    0000006c                   : sysctl.obj (.const:g_pui32Xtals)
                  00001490    0000001c     uartstdio.obj (.const)
                  000014ac    00000012     uartstdio.obj (.const:.string)

.cinit     0    000014c0    00000050     
                  000014c0    00000016     (.cinit..data.load) [load image, compression = rle]
                  000014d6    00000002     --HOLE-- [fill = 0]
                  000014d8    0000000c     (__TI_handler_table)
                  000014e4    00000004     --HOLE-- [fill = 0]
                  000014e8    00000008     (.cinit..bss.load) [load image, compression = zero_init]
                  000014f0    00000008     (.cinit..vtable.load) [load image, compression = zero_init]
                  000014f8    00000018     (__TI_cinit_table)

.vtable    0    20000000    0000026c     UNINITIALIZED
                  20000000    0000026c     driverlib.lib : interrupt.obj (.vtable)

.bss       0    2000026c    00000208     UNINITIALIZED
                  2000026c    00000100     main.obj (.bss:bufferA)
                  2000036c    00000100     main.obj (.bss:bufferB)
                  2000046c    00000004     (.common:ui32WindowSize)
                  20000470    00000001     (.common:RFPacketSent)
                  20000471    00000001     (.common:transmitOn)
                  20000472    00000001     (.common:ui32BufferMode)
                  20000473    00000001     (.common:ui32NumOfChannels)

.stack     0    20000474    00000100     UNINITIALIZED
                  20000474    00000100     --HOLE--

.data      0    20000574    00000024     UNINITIALIZED
                  20000574    00000008     main.obj (.data)
                  2000057c    00000008     rtsv7M4_T_le_v4SPD16_eabi.lib : _lock.obj (.data)
                  20000584    00000008                                   : exit.obj (.data)
                  2000058c    00000005     uartstdio.obj (.data)
                  20000591    00000003     --HOLE--
                  20000594    00000004     rtsv7M4_T_le_v4SPD16_eabi.lib : stkdepth_vars.obj (.data)


LINKER GENERATED COPY TABLES

__TI_cinit_table @ 000014f8 records: 3, size/record: 8, table size: 24
	.data: load addr=000014c0, load size=00000016 bytes, run addr=20000574, run size=00000024 bytes, compression=rle
	.bss: load addr=000014e8, load size=00000008 bytes, run addr=2000026c, run size=00000208 bytes, compression=zero_init
	.vtable: load addr=000014f0, load size=00000008 bytes, run addr=20000000, run size=0000026c bytes, compression=zero_init


LINKER GENERATED HANDLER TABLE

__TI_handler_table @ 000014d8 records: 3, size/record: 4, table size: 12
	index: 0, handler: __TI_zero_init
	index: 1, handler: __TI_decompress_rle24
	index: 2, handler: __TI_decompress_none


GLOBAL SYMBOLS: SORTED ALPHABETICALLY BY Name 

address    name
--------   ----
00000f91   C$$EXIT
00000c15   ConfigureADC
0000104d   ConfigureSysTick
00000cfd   ConfigureUART
00001257   GPIOIntClear
0000124b   GPIOIntEnable
000011a7   GPIOIntRegister
00000e75   GPIOPinConfigure
0000125d   GPIOPinWrite
00000a51   IRQInterruptHandler
00000c95   IntEnable
00001019   IntRegister
000005fd   RFInit
20000470   RFPacketSent
0000109d   RFReadRegister
00001075   RFWriteRegister
00000e1f   RFWriteSendBuffer
00001263   ResetISR
UNDEFED    SHT$$INIT_ARRAY$$Base
UNDEFED    SHT$$INIT_ARRAY$$Limit
000010c5   SPIDataRead
000010e5   SPIDataWrite
00000831   SPIInit
000011f1   SPIRXFlush
00001101   SPISetCEHigh
0000111d   SPISetCELow
00001139   SPISetCSNHigh
00001155   SPISetCSNLow
00001219   SSIDataGetNonBlocking
000008f5   SysCtlClockGet
00001269   SysCtlDelay
00000735   SysTickIntHandler
0000126f   UARTClockSourceSet
00000d61   UARTStdioConfig
0000118d   UARTprintf
0000026d   UARTvprintf
00000ebd   UARTwrite
20000574   __STACK_END
00000100   __STACK_SIZE
20000874   __STACK_TOP
000014f8   __TI_CINIT_Base
00001510   __TI_CINIT_Limit
000014d8   __TI_Handler_Table_Base
000014e4   __TI_Handler_Table_Limit
00000001   __TI_args_main
00000b81   __TI_auto_init
20000584   __TI_cleanup_ptr
0000123d   __TI_decompress_none
00001275   __TI_decompress_rle24
20000588   __TI_dtors_ptr
00000000   __TI_static_base__
0000122b   __TI_zero_init
000009b5   __aeabi_memcpy
000009b5   __aeabi_memcpy4
000009b5   __aeabi_memcpy8
00000fd5   __aeabi_uidivmod
ffffffff   __binit__
ffffffff   __c_args__
20000474   __stack
000011d9   _args_main
00000f05   _c_int00
2000057c   _lock
00001213   _nop
0000120b   _register_lock
00001205   _register_unlock
20000580   _unlock
00000f95   abort
ffffffff   binit
2000026c   bufferA
2000036c   bufferB
00000f4d   copy_in
00000f9d   exit
20000000   g_pfnRAMVectors
00000000   g_pfnVectors
00000459   main
20000594   main_func_sp
000009b5   memcpy
000011c1   muxChannelChange
00000ae9   muxInit
20000471   transmitOn
20000472   ui32BufferMode
20000473   ui32NumOfChannels
2000046c   ui32WindowSize


GLOBAL SYMBOLS: SORTED BY Symbol Address 

address    name
--------   ----
00000000   __TI_static_base__
00000000   g_pfnVectors
00000001   __TI_args_main
00000100   __STACK_SIZE
0000026d   UARTvprintf
00000459   main
000005fd   RFInit
00000735   SysTickIntHandler
00000831   SPIInit
000008f5   SysCtlClockGet
000009b5   __aeabi_memcpy
000009b5   __aeabi_memcpy4
000009b5   __aeabi_memcpy8
000009b5   memcpy
00000a51   IRQInterruptHandler
00000ae9   muxInit
00000b81   __TI_auto_init
00000c15   ConfigureADC
00000c95   IntEnable
00000cfd   ConfigureUART
00000d61   UARTStdioConfig
00000e1f   RFWriteSendBuffer
00000e75   GPIOPinConfigure
00000ebd   UARTwrite
00000f05   _c_int00
00000f4d   copy_in
00000f91   C$$EXIT
00000f95   abort
00000f9d   exit
00000fd5   __aeabi_uidivmod
00001019   IntRegister
0000104d   ConfigureSysTick
00001075   RFWriteRegister
0000109d   RFReadRegister
000010c5   SPIDataRead
000010e5   SPIDataWrite
00001101   SPISetCEHigh
0000111d   SPISetCELow
00001139   SPISetCSNHigh
00001155   SPISetCSNLow
0000118d   UARTprintf
000011a7   GPIOIntRegister
000011c1   muxChannelChange
000011d9   _args_main
000011f1   SPIRXFlush
00001205   _register_unlock
0000120b   _register_lock
00001213   _nop
00001219   SSIDataGetNonBlocking
0000122b   __TI_zero_init
0000123d   __TI_decompress_none
0000124b   GPIOIntEnable
00001257   GPIOIntClear
0000125d   GPIOPinWrite
00001263   ResetISR
00001269   SysCtlDelay
0000126f   UARTClockSourceSet
00001275   __TI_decompress_rle24
000014d8   __TI_Handler_Table_Base
000014e4   __TI_Handler_Table_Limit
000014f8   __TI_CINIT_Base
00001510   __TI_CINIT_Limit
20000000   g_pfnRAMVectors
2000026c   bufferA
2000036c   bufferB
2000046c   ui32WindowSize
20000470   RFPacketSent
20000471   transmitOn
20000472   ui32BufferMode
20000473   ui32NumOfChannels
20000474   __stack
20000574   __STACK_END
2000057c   _lock
20000580   _unlock
20000584   __TI_cleanup_ptr
20000588   __TI_dtors_ptr
20000594   main_func_sp
20000874   __STACK_TOP
ffffffff   __binit__
ffffffff   __c_args__
ffffffff   binit
UNDEFED    SHT$$INIT_ARRAY$$Base
UNDEFED    SHT$$INIT_ARRAY$$Limit

[83 symbols]
