******************************************************************************
                  TI ARM Linker PC v5.1.1                      
******************************************************************************
>> Linked Tue Oct 14 21:00:23 2014

OUTPUT FILE NAME:   <four_ch_neural_recorder.out>
ENTRY POINT SYMBOL: "_c_int00"  address: 0000134d


MEMORY CONFIGURATION

         name            origin    length      used     unused   attr    fill
----------------------  --------  ---------  --------  --------  ----  --------
  FLASH                 00000000   00040000  00001890  0003e770  R  X
  SRAM                  20000000   00008000  000010b0  00006f50  RW X


SEGMENT ALLOCATION MAP

run origin  load origin   length   init length attrs members
----------  ----------- ---------- ----------- ----- -------
00000000    00000000    00001890   00001890    r-x
  00000000    00000000    0000026c   0000026c    r-- .intvecs
  0000026c    0000026c    00001378   00001378    r-x .text
  000015e4    000015e4    00000274   00000274    r-- .const
  00001858    00001858    00000038   00000038    r-- .cinit
20000000    20000000    000010b0   00000000    rw-
  20000000    20000000    0000026c   00000000    rw- .vtable
  2000026c    2000026c    00000800   00000000    rw- .stack
  20000a6c    20000a6c    00000644   00000000    rw- .data


SECTION ALLOCATION MAP

 output                                  attributes/
section   page    origin      length       input sections
--------  ----  ----------  ----------   ----------------
.intvecs   0    00000000    0000026c     
                  00000000    0000026c     startup_ccs.obj (.intvecs)

.init_array 
*          0    00000000    00000000     UNINITIALIZED

.text      0    0000026c    00001378     
                  0000026c    00000426     main.obj (.text:main)
                  00000692    000003e2     nrf24l01.obj (.text:RFInit)
                  00000a74    0000015c     main.obj (.text:IRQInterruptHandler)
                  00000bd0    00000148     main.obj (.text:TimerIntHandler)
                  00000d18    000000f8     spi.obj (.text:SPIInit)
                  00000e10    000000c0     driverlib.lib : sysctl.obj (.text:SysCtlClockGet)
                  00000ed0    000000b4     adg731.obj (.text:muxInit)
                  00000f84    0000009c     rtsv7M4_T_le_v4SPD16_eabi.lib : memcpy_t2.obj (.text)
                  00001020    00000094                                   : auto_init.obj (.text)
                  000010b4    0000008c     main.obj (.text:ConfigureADC)
                  00001140    0000008c     main.obj (.text:ConfigureTimer)
                  000011cc    0000006e     main.obj (.text:IRQInitialize)
                  0000123a    00000002     startup_ccs.obj (.text:FaultISR)
                  0000123c    00000068     driverlib.lib : interrupt.obj (.text:IntEnable)
                  000012a4    0000005e     rtsv7M4_T_le_v4SPD16_eabi.lib : copy_decompress_rle.obj (.text)
                  00001302    00000002     startup_ccs.obj (.text:IntDefaultHandler)
                  00001304    00000048     driverlib.lib : gpio.obj (.text:GPIOPinConfigure)
                  0000134c    00000048     rtsv7M4_T_le_v4SPD16_eabi.lib : boot.obj (.text)
                  00001394    00000044                                   : cpy_tbl.obj (.text)
                  000013d8    00000044                                   : exit.obj (.text)
                  0000141c    00000034     driverlib.lib : interrupt.obj (.text:IntRegister)
                  00001450    00000028                   : timer.obj (.text:_TimerIntNumberGet)
                  00001478    00000026     spi.obj (.text:SPIRXFlush)
                  0000149e    0000001e     spi.obj (.text:SPIDataRead)
                  000014bc    0000001c     spi.obj (.text:SPISetCEHigh)
                  000014d8    0000001c     spi.obj (.text:SPISetCELow)
                  000014f4    0000001c     spi.obj (.text:SPISetCSNHigh)
                  00001510    0000001c     spi.obj (.text:SPISetCSNLow)
                  0000152c    0000001c     driverlib.lib : gpio.obj (.text:_GPIOIntNumberGet)
                  00001548    00000018                   : gpio.obj (.text:GPIOIntRegister)
                  00001560    00000018                   : timer.obj (.text:TimerIntRegister)
                  00001578    00000018     rtsv7M4_T_le_v4SPD16_eabi.lib : args_main.obj (.text)
                  00001590    00000012     driverlib.lib : ssi.obj (.text:SSIDataGetNonBlocking)
                  000015a2    00000012     rtsv7M4_T_le_v4SPD16_eabi.lib : copy_zero_init.obj (.text:decompress:ZI)
                  000015b4    0000000e                                   : copy_decompress_none.obj (.text:decompress:none)
                  000015c2    0000000c     driverlib.lib : gpio.obj (.text:GPIOIntEnable)
                  000015ce    00000006                   : gpio.obj (.text:GPIOIntClear)
                  000015d4    00000006     startup_ccs.obj (.text:ResetISR)
                  000015da    00000006     rtsv7M4_T_le_v4SPD16_eabi.lib : copy_decompress_rle.obj (.text:decompress:rle24)
                  000015e0    00000002     startup_ccs.obj (.text:NmiSR)
                  000015e2    00000002     rtsv7M4_T_le_v4SPD16_eabi.lib : _lock.obj (.text)

.const     0    000015e4    00000274     
                  000015e4    000000c0     driverlib.lib : gpio.obj (.const:g_ppui32GPIOIntMapBlizzard)
                  000016a4    00000078                   : gpio.obj (.const:g_pui32GPIOBaseAddrs)
                  0000171c    00000070                   : interrupt.obj (.const)
                  0000178c    0000006c                   : sysctl.obj (.const:g_pui32Xtals)
                  000017f8    00000060                   : timer.obj (.const:g_ppui32TimerIntMap)

.cinit     0    00001858    00000038     
                  00001858    00000014     (.cinit..data.load) [load image, compression = rle]
                  0000186c    0000000c     (__TI_handler_table)
                  00001878    00000008     (.cinit..vtable.load) [load image, compression = zero_init]
                  00001880    00000010     (__TI_cinit_table)

.vtable    0    20000000    0000026c     UNINITIALIZED
                  20000000    0000026c     driverlib.lib : interrupt.obj (.vtable)

.stack     0    2000026c    00000800     UNINITIALIZED
                  2000026c    00000800     --HOLE--

.data      0    20000a6c    00000644     UNINITIALIZED
                  20000a6c    00000630     main.obj (.data)
                  2000109c    00000008     rtsv7M4_T_le_v4SPD16_eabi.lib : _lock.obj (.data)
                  200010a4    00000008                                   : exit.obj (.data)
                  200010ac    00000004                                   : stkdepth_vars.obj (.data)


LINKER GENERATED COPY TABLES

__TI_cinit_table @ 00001880 records: 2, size/record: 8, table size: 16
	.data: load addr=00001858, load size=00000014 bytes, run addr=20000a6c, run size=00000644 bytes, compression=rle
	.vtable: load addr=00001878, load size=00000008 bytes, run addr=20000000, run size=0000026c bytes, compression=zero_init


LINKER GENERATED HANDLER TABLE

__TI_handler_table @ 0000186c records: 3, size/record: 4, table size: 12
	index: 0, handler: __TI_zero_init
	index: 1, handler: __TI_decompress_rle24
	index: 2, handler: __TI_decompress_none


GLOBAL SYMBOLS: SORTED ALPHABETICALLY BY Name 

address    name
--------   ----
20000a70   BufferAEmpty
20000a71   BufferBEmpty
000013d9   C$$EXIT
000010b5   ConfigureADC
00001141   ConfigureTimer
000015cf   GPIOIntClear
000015c3   GPIOIntEnable
00001549   GPIOIntRegister
00001305   GPIOPinConfigure
000011cd   IRQInitialize
00000a75   IRQInterruptHandler
0000123d   IntEnable
0000141d   IntRegister
00000693   RFInit
20000a6f   RFPacketSent
000015d5   ResetISR
UNDEFED    SHT$$INIT_ARRAY$$Base
UNDEFED    SHT$$INIT_ARRAY$$Limit
0000149f   SPIDataRead
00000d19   SPIInit
00001479   SPIRXFlush
000014bd   SPISetCEHigh
000014d9   SPISetCELow
000014f5   SPISetCSNHigh
00001511   SPISetCSNLow
00001591   SSIDataGetNonBlocking
00000e11   SysCtlClockGet
00000bd1   TimerIntHandler
00001561   TimerIntRegister
20000a6c   __STACK_END
00000800   __STACK_SIZE
2000066c   __STACK_TOP
00001880   __TI_CINIT_Base
00001890   __TI_CINIT_Limit
0000186c   __TI_Handler_Table_Base
00001878   __TI_Handler_Table_Limit
00000001   __TI_args_main
00001021   __TI_auto_init
200010a4   __TI_cleanup_ptr
000015b5   __TI_decompress_none
000015db   __TI_decompress_rle24
200010a8   __TI_dtors_ptr
00000000   __TI_static_base__
000015a3   __TI_zero_init
00000f85   __aeabi_memcpy
00000f85   __aeabi_memcpy4
00000f85   __aeabi_memcpy8
ffffffff   __binit__
ffffffff   __c_args__
2000026c   __stack
00001579   _args_main
0000134d   _c_int00
2000109c   _lock
000015e3   _nop
200010a0   _unlock
000013dd   abort
ffffffff   binit
20000a9c   bufferA
20000d9c   bufferB
00001395   copy_in
000013e5   exit
20000000   g_pfnRAMVectors
00000000   g_pfnVectors
0000026d   main
200010ac   main_func_sp
00000f85   memcpy
00000ed1   muxInit
20000a6e   transmitOn
20000a6d   ui32BufferMode
20000a6c   ui32NumOfChannels
20000a7c   ui32TxBuffer
20000a74   ui32WindowSize


GLOBAL SYMBOLS: SORTED BY Symbol Address 

address    name
--------   ----
00000000   __TI_static_base__
00000000   g_pfnVectors
00000001   __TI_args_main
0000026d   main
00000693   RFInit
00000800   __STACK_SIZE
00000a75   IRQInterruptHandler
00000bd1   TimerIntHandler
00000d19   SPIInit
00000e11   SysCtlClockGet
00000ed1   muxInit
00000f85   __aeabi_memcpy
00000f85   __aeabi_memcpy4
00000f85   __aeabi_memcpy8
00000f85   memcpy
00001021   __TI_auto_init
000010b5   ConfigureADC
00001141   ConfigureTimer
000011cd   IRQInitialize
0000123d   IntEnable
00001305   GPIOPinConfigure
0000134d   _c_int00
00001395   copy_in
000013d9   C$$EXIT
000013dd   abort
000013e5   exit
0000141d   IntRegister
00001479   SPIRXFlush
0000149f   SPIDataRead
000014bd   SPISetCEHigh
000014d9   SPISetCELow
000014f5   SPISetCSNHigh
00001511   SPISetCSNLow
00001549   GPIOIntRegister
00001561   TimerIntRegister
00001579   _args_main
00001591   SSIDataGetNonBlocking
000015a3   __TI_zero_init
000015b5   __TI_decompress_none
000015c3   GPIOIntEnable
000015cf   GPIOIntClear
000015d5   ResetISR
000015db   __TI_decompress_rle24
000015e3   _nop
0000186c   __TI_Handler_Table_Base
00001878   __TI_Handler_Table_Limit
00001880   __TI_CINIT_Base
00001890   __TI_CINIT_Limit
20000000   g_pfnRAMVectors
2000026c   __stack
2000066c   __STACK_TOP
20000a6c   __STACK_END
20000a6c   ui32NumOfChannels
20000a6d   ui32BufferMode
20000a6e   transmitOn
20000a6f   RFPacketSent
20000a70   BufferAEmpty
20000a71   BufferBEmpty
20000a74   ui32WindowSize
20000a7c   ui32TxBuffer
20000a9c   bufferA
20000d9c   bufferB
2000109c   _lock
200010a0   _unlock
200010a4   __TI_cleanup_ptr
200010a8   __TI_dtors_ptr
200010ac   main_func_sp
ffffffff   __binit__
ffffffff   __c_args__
ffffffff   binit
UNDEFED    SHT$$INIT_ARRAY$$Base
UNDEFED    SHT$$INIT_ARRAY$$Limit

[72 symbols]
