******************************************************************************
                  TI ARM Linker PC v5.1.1                      
******************************************************************************
>> Linked Fri Sep 26 01:13:53 2014

OUTPUT FILE NAME:   <four_ch_neural_recorder.out>
ENTRY POINT SYMBOL: "_c_int00"  address: 000006d9


MEMORY CONFIGURATION

         name            origin    length      used     unused   attr    fill
----------------------  --------  ---------  --------  --------  ----  --------
  FLASH                 00000000   00040000  00000904  0003f6fc  R  X
  SRAM                  20000000   00008000  00000424  00007bdc  RW X


SEGMENT ALLOCATION MAP

run origin  load origin   length   init length attrs members
----------  ----------- ---------- ----------- ----- -------
00000000    00000000    00000908   00000908    r-x
  00000000    00000000    0000026c   0000026c    r-- .intvecs
  0000026c    0000026c    000005ba   000005ba    r-x .text
  00000828    00000828    000000a6   000000a6    r-- .const
  000008d0    000008d0    00000038   00000038    r-- .cinit
20000000    20000000    00000424   00000000    rw-
  20000000    20000000    00000400   00000000    rw- .stack
  20000400    20000400    0000001c   00000000    rw- .data
  2000041c    2000041c    00000008   00000000    rw- .bss


SECTION ALLOCATION MAP

 output                                  attributes/
section   page    origin      length       input sections
--------  ----  ----------  ----------   ----------------
.intvecs   0    00000000    0000026c     
                  00000000    0000026c     startup_ccs.obj (.intvecs)

.init_array 
*          0    00000000    00000000     UNINITIALIZED

.text      0    0000026c    000005ba     
                  0000026c    000000b4     main.obj (.text:SysTickIntHandler)
                  00000320    000000b4     adg731.obj (.text:muxInit)
                  000003d4    0000009c     rtsv7M4_T_le_v4SPD16_eabi.lib : memcpy_t2.obj (.text)
                  00000470    00000094                                   : auto_init.obj (.text)
                  00000504    00000068     uartstdio.obj (.text:UARTStdioConfig)
                  0000056c    00000064     main.obj (.text:main)
                  000005d0    00000062     main.obj (.text:ConfigureUART)
                  00000632    0000005e     rtsv7M4_T_le_v4SPD16_eabi.lib : copy_decompress_rle.obj (.text)
                  00000690    00000048     driverlib.lib : gpio.obj (.text:GPIOPinConfigure)
                  000006d8    00000048     rtsv7M4_T_le_v4SPD16_eabi.lib : boot.obj (.text)
                  00000720    00000044                                   : cpy_tbl.obj (.text)
                  00000764    00000044                                   : exit.obj (.text)
                  000007a8    0000001a     adg731.obj (.text:muxChannelChange)
                  000007c2    00000002     startup_ccs.obj (.text:FaultISR)
                  000007c4    00000018     rtsv7M4_T_le_v4SPD16_eabi.lib : args_main.obj (.text)
                  000007dc    00000014                                   : _lock.obj (.text)
                  000007f0    00000012                                   : copy_zero_init.obj (.text:decompress:ZI)
                  00000802    0000000e                                   : copy_decompress_none.obj (.text:decompress:none)
                  00000810    00000006     startup_ccs.obj (.text:ResetISR)
                  00000816    00000006     driverlib.lib : uart.obj (.text:UARTClockSourceSet)
                  0000081c    00000006     rtsv7M4_T_le_v4SPD16_eabi.lib : copy_decompress_rle.obj (.text:decompress:rle24)
                  00000822    00000002     startup_ccs.obj (.text:IntDefaultHandler)
                  00000824    00000002     startup_ccs.obj (.text:NmiSR)

.const     0    00000828    000000a6     
                  00000828    00000078     driverlib.lib : gpio.obj (.const:g_pui32GPIOBaseAddrs)
                  000008a0    0000001c     uartstdio.obj (.const)
                  000008bc    00000012     uartstdio.obj (.const:.string)

.cinit     0    000008d0    00000038     
                  000008d0    0000000f     (.cinit..data.load) [load image, compression = rle]
                  000008df    00000001     --HOLE-- [fill = 0]
                  000008e0    0000000c     (__TI_handler_table)
                  000008ec    00000004     --HOLE-- [fill = 0]
                  000008f0    00000008     (.cinit..bss.load) [load image, compression = zero_init]
                  000008f8    00000010     (__TI_cinit_table)

.stack     0    20000000    00000400     UNINITIALIZED
                  20000000    00000400     --HOLE--

.data      0    20000400    0000001c     UNINITIALIZED
                  20000400    00000008     rtsv7M4_T_le_v4SPD16_eabi.lib : _lock.obj (.data)
                  20000408    00000008                                   : exit.obj (.data)
                  20000410    00000005     uartstdio.obj (.data)
                  20000415    00000002     main.obj (.data)
                  20000417    00000001     --HOLE--
                  20000418    00000004     rtsv7M4_T_le_v4SPD16_eabi.lib : stkdepth_vars.obj (.data)

.bss       0    2000041c    00000008     UNINITIALIZED
                  2000041c    00000004     (.common:ADCValueA$2)
                  20000420    00000004     (.common:ADCValueB$3)


LINKER GENERATED COPY TABLES

__TI_cinit_table @ 000008f8 records: 2, size/record: 8, table size: 16
	.data: load addr=000008d0, load size=0000000f bytes, run addr=20000400, run size=0000001c bytes, compression=rle
	.bss: load addr=000008f0, load size=00000008 bytes, run addr=2000041c, run size=00000008 bytes, compression=zero_init


LINKER GENERATED HANDLER TABLE

__TI_handler_table @ 000008e0 records: 3, size/record: 4, table size: 12
	index: 0, handler: __TI_decompress_rle24
	index: 1, handler: __TI_decompress_none
	index: 2, handler: __TI_zero_init


GLOBAL SYMBOLS: SORTED ALPHABETICALLY BY Name 

address    name
--------   ----
00000765   C$$EXIT
000005d1   ConfigureUART
00000691   GPIOPinConfigure
00000811   ResetISR
UNDEFED    SHT$$INIT_ARRAY$$Base
UNDEFED    SHT$$INIT_ARRAY$$Limit
0000026d   SysTickIntHandler
00000817   UARTClockSourceSet
00000505   UARTStdioConfig
20000400   __STACK_END
00000400   __STACK_SIZE
20000400   __STACK_TOP
000008f8   __TI_CINIT_Base
00000908   __TI_CINIT_Limit
000008e0   __TI_Handler_Table_Base
000008ec   __TI_Handler_Table_Limit
00000001   __TI_args_main
00000471   __TI_auto_init
20000408   __TI_cleanup_ptr
00000803   __TI_decompress_none
0000081d   __TI_decompress_rle24
2000040c   __TI_dtors_ptr
00000000   __TI_static_base__
000007f1   __TI_zero_init
000003d5   __aeabi_memcpy
000003d5   __aeabi_memcpy4
000003d5   __aeabi_memcpy8
ffffffff   __binit__
ffffffff   __c_args__
20000000   __stack
000007c5   _args_main
000006d9   _c_int00
20000400   _lock
000007eb   _nop
000007e3   _register_lock
000007dd   _register_unlock
20000404   _unlock
00000769   abort
ffffffff   binit
00000721   copy_in
00000771   exit
00000000   g_pfnVectors
20000415   isConfigured
0000056d   main
20000418   main_func_sp
000003d5   memcpy
000007a9   muxChannelChange
00000321   muxInit


GLOBAL SYMBOLS: SORTED BY Symbol Address 

address    name
--------   ----
00000000   __TI_static_base__
00000000   g_pfnVectors
00000001   __TI_args_main
0000026d   SysTickIntHandler
00000321   muxInit
000003d5   __aeabi_memcpy
000003d5   __aeabi_memcpy4
000003d5   __aeabi_memcpy8
000003d5   memcpy
00000400   __STACK_SIZE
00000471   __TI_auto_init
00000505   UARTStdioConfig
0000056d   main
000005d1   ConfigureUART
00000691   GPIOPinConfigure
000006d9   _c_int00
00000721   copy_in
00000765   C$$EXIT
00000769   abort
00000771   exit
000007a9   muxChannelChange
000007c5   _args_main
000007dd   _register_unlock
000007e3   _register_lock
000007eb   _nop
000007f1   __TI_zero_init
00000803   __TI_decompress_none
00000811   ResetISR
00000817   UARTClockSourceSet
0000081d   __TI_decompress_rle24
000008e0   __TI_Handler_Table_Base
000008ec   __TI_Handler_Table_Limit
000008f8   __TI_CINIT_Base
00000908   __TI_CINIT_Limit
20000000   __stack
20000400   __STACK_END
20000400   __STACK_TOP
20000400   _lock
20000404   _unlock
20000408   __TI_cleanup_ptr
2000040c   __TI_dtors_ptr
20000415   isConfigured
20000418   main_func_sp
ffffffff   __binit__
ffffffff   __c_args__
ffffffff   binit
UNDEFED    SHT$$INIT_ARRAY$$Base
UNDEFED    SHT$$INIT_ARRAY$$Limit

[48 symbols]
