******************************************************************************
                  TI ARM Linker PC v5.1.1                      
******************************************************************************
>> Linked Sun Oct 05 00:28:00 2014

OUTPUT FILE NAME:   <four_ch_neural_recorder.out>
ENTRY POINT SYMBOL: "_c_int00"  address: 00001169


MEMORY CONFIGURATION

         name            origin    length      used     unused   attr    fill
----------------------  --------  ---------  --------  --------  ----  --------
  FLASH                 00000000   00040000  00001624  0003e9dc  R  X
  SRAM                  20000000   00008000  00004698  00003968  RW X


SEGMENT ALLOCATION MAP

run origin  load origin   length   init length attrs members
----------  ----------- ---------- ----------- ----- -------
00000000    00000000    00001628   00001628    r-x
  00000000    00000000    0000026c   0000026c    r-- .intvecs
  0000026c    0000026c    00001144   00001144    r-x .text
  000013b0    000013b0    0000022c   0000022c    r-- .const
  000015e0    000015e0    00000048   00000048    r-- .cinit
20000000    20000000    00004698   00000000    rw-
  20000000    20000000    0000026c   00000000    rw- .vtable
  2000026c    2000026c    00004000   00000000    rw- .stack
  2000426c    2000426c    00000400   00000000    rw- .bss
  2000466c    2000466c    0000002c   00000000    rw- .data


SECTION ALLOCATION MAP

 output                                  attributes/
section   page    origin      length       input sections
--------  ----  ----------  ----------   ----------------
.intvecs   0    00000000    0000026c     
                  00000000    0000026c     startup_ccs.obj (.intvecs)

.init_array 
*          0    00000000    00000000     UNINITIALIZED

.text      0    0000026c    00001144     
                  0000026c    0000061c     main.obj (.text:main)
                  00000888    00000186     main.obj (.text:IRQInterruptHandler)
                  00000a0e    0000012c     main.obj (.text:SysTickIntHandler)
                  00000b3a    000000fc     nrf24l01.obj (.text:RFWriteSendBuffer)
                  00000c36    000000f2     spi.obj (.text:SPIInit)
                  00000d28    000000c0     driverlib.lib : sysctl.obj (.text:SysCtlClockGet)
                  00000de8    000000b4     adg731.obj (.text:muxInit)
                  00000e9c    0000009c     rtsv7M4_T_le_v4SPD16_eabi.lib : memcpy_t2.obj (.text)
                  00000f38    00000094                                   : auto_init.obj (.text)
                  00000fcc    0000008c     main.obj (.text:ConfigureADC)
                  00001058    00000068     driverlib.lib : interrupt.obj (.text:IntEnable)
                  000010c0    0000005e     rtsv7M4_T_le_v4SPD16_eabi.lib : copy_decompress_rle.obj (.text)
                  0000111e    00000002     startup_ccs.obj (.text:FaultISR)
                  00001120    00000048     driverlib.lib : gpio.obj (.text:GPIOPinConfigure)
                  00001168    00000048     rtsv7M4_T_le_v4SPD16_eabi.lib : boot.obj (.text)
                  000011b0    00000044                                   : cpy_tbl.obj (.text)
                  000011f4    00000044                                   : exit.obj (.text)
                  00001238    00000034     driverlib.lib : interrupt.obj (.text:IntRegister)
                  0000126c    00000026     spi.obj (.text:SPIRXFlush)
                  00001292    0000001c     spi.obj (.text:SPIDataRead)
                  000012ae    0000001c     spi.obj (.text:SPISetCELow)
                  000012ca    0000001c     spi.obj (.text:SPISetCSNHigh)
                  000012e6    0000001c     spi.obj (.text:SPISetCSNLow)
                  00001302    00000002     startup_ccs.obj (.text:IntDefaultHandler)
                  00001304    0000001c     driverlib.lib : gpio.obj (.text:_GPIOIntNumberGet)
                  00001320    00000018                   : gpio.obj (.text:GPIOIntRegister)
                  00001338    00000018     rtsv7M4_T_le_v4SPD16_eabi.lib : args_main.obj (.text)
                  00001350    00000012     driverlib.lib : ssi.obj (.text:SSIDataGetNonBlocking)
                  00001362    00000012     rtsv7M4_T_le_v4SPD16_eabi.lib : copy_zero_init.obj (.text:decompress:ZI)
                  00001374    0000000e                                   : copy_decompress_none.obj (.text:decompress:none)
                  00001382    0000000c     driverlib.lib : gpio.obj (.text:GPIOIntEnable)
                  0000138e    00000006                   : gpio.obj (.text:GPIOIntClear)
                  00001394    00000006                   : gpio.obj (.text:GPIOPinWrite)
                  0000139a    00000006     startup_ccs.obj (.text:ResetISR)
                  000013a0    00000006     driverlib.lib : uart.obj (.text:UARTClockSourceSet)
                  000013a6    00000006     rtsv7M4_T_le_v4SPD16_eabi.lib : copy_decompress_rle.obj (.text:decompress:rle24)
                  000013ac    00000002     startup_ccs.obj (.text:NmiSR)
                  000013ae    00000002     rtsv7M4_T_le_v4SPD16_eabi.lib : _lock.obj (.text)

.const     0    000013b0    0000022c     
                  000013b0    000000c0     driverlib.lib : gpio.obj (.const:g_ppui32GPIOIntMapBlizzard)
                  00001470    00000078                   : gpio.obj (.const:g_pui32GPIOBaseAddrs)
                  000014e8    00000070                   : interrupt.obj (.const)
                  00001558    0000006c                   : sysctl.obj (.const:g_pui32Xtals)
                  000015c4    00000018     uartstdio.obj (.const)

.cinit     0    000015e0    00000048     
                  000015e0    00000012     (.cinit..data.load) [load image, compression = rle]
                  000015f2    00000002     --HOLE-- [fill = 0]
                  000015f4    0000000c     (__TI_handler_table)
                  00001600    00000008     (.cinit..bss.load) [load image, compression = zero_init]
                  00001608    00000008     (.cinit..vtable.load) [load image, compression = zero_init]
                  00001610    00000018     (__TI_cinit_table)

.vtable    0    20000000    0000026c     UNINITIALIZED
                  20000000    0000026c     driverlib.lib : interrupt.obj (.vtable)

.stack     0    2000026c    00004000     UNINITIALIZED
                  2000026c    00004000     --HOLE--

.bss       0    2000426c    00000400     UNINITIALIZED
                  2000426c    00000200     main.obj (.bss:bufferA)
                  2000446c    00000200     main.obj (.bss:bufferB)

.data      0    2000466c    0000002c     UNINITIALIZED
                  2000466c    00000010     main.obj (.data)
                  2000467c    00000008     rtsv7M4_T_le_v4SPD16_eabi.lib : _lock.obj (.data)
                  20004684    00000008                                   : exit.obj (.data)
                  2000468c    00000008     uartstdio.obj (.data)
                  20004694    00000004     rtsv7M4_T_le_v4SPD16_eabi.lib : stkdepth_vars.obj (.data)


LINKER GENERATED COPY TABLES

__TI_cinit_table @ 00001610 records: 3, size/record: 8, table size: 24
	.data: load addr=000015e0, load size=00000012 bytes, run addr=2000466c, run size=0000002c bytes, compression=rle
	.bss: load addr=00001600, load size=00000008 bytes, run addr=2000426c, run size=00000400 bytes, compression=zero_init
	.vtable: load addr=00001608, load size=00000008 bytes, run addr=20000000, run size=0000026c bytes, compression=zero_init


LINKER GENERATED HANDLER TABLE

__TI_handler_table @ 000015f4 records: 3, size/record: 4, table size: 12
	index: 0, handler: __TI_zero_init
	index: 1, handler: __TI_decompress_rle24
	index: 2, handler: __TI_decompress_none


GLOBAL SYMBOLS: SORTED ALPHABETICALLY BY Name 

address    name
--------   ----
20004670   BufferAEmpty
20004671   BufferBEmpty
000011f5   C$$EXIT
00000fcd   ConfigureADC
0000138f   GPIOIntClear
00001383   GPIOIntEnable
00001321   GPIOIntRegister
00001121   GPIOPinConfigure
00001395   GPIOPinWrite
00000889   IRQInterruptHandler
00001059   IntEnable
00001239   IntRegister
2000466f   RFPacketSent
00000b3b   RFWriteSendBuffer
0000139b   ResetISR
UNDEFED    SHT$$INIT_ARRAY$$Base
UNDEFED    SHT$$INIT_ARRAY$$Limit
00001293   SPIDataRead
00000c37   SPIInit
0000126d   SPIRXFlush
000012af   SPISetCELow
000012cb   SPISetCSNHigh
000012e7   SPISetCSNLow
00001351   SSIDataGetNonBlocking
00000d29   SysCtlClockGet
00000a0f   SysTickIntHandler
000013a1   UARTClockSourceSet
2000426c   __STACK_END
00004000   __STACK_SIZE
2000066c   __STACK_TOP
00001610   __TI_CINIT_Base
00001628   __TI_CINIT_Limit
000015f4   __TI_Handler_Table_Base
00001600   __TI_Handler_Table_Limit
00000001   __TI_args_main
00000f39   __TI_auto_init
20004684   __TI_cleanup_ptr
00001375   __TI_decompress_none
000013a7   __TI_decompress_rle24
20004688   __TI_dtors_ptr
00000000   __TI_static_base__
00001363   __TI_zero_init
00000e9d   __aeabi_memcpy
00000e9d   __aeabi_memcpy4
00000e9d   __aeabi_memcpy8
ffffffff   __binit__
ffffffff   __c_args__
2000026c   __stack
00001339   _args_main
00001169   _c_int00
2000467c   _lock
000013af   _nop
20004680   _unlock
000011f9   abort
ffffffff   binit
2000426c   bufferA
2000446c   bufferB
000011b1   copy_in
00001201   exit
20000000   g_pfnRAMVectors
00000000   g_pfnVectors
0000026d   main
20004694   main_func_sp
00000e9d   memcpy
00000de9   muxInit
2000466e   transmitOn
2000466d   ui32BufferMode
2000466c   ui32NumOfChannels
20004674   ui32WindowSize


GLOBAL SYMBOLS: SORTED BY Symbol Address 

address    name
--------   ----
00000000   __TI_static_base__
00000000   g_pfnVectors
00000001   __TI_args_main
0000026d   main
00000889   IRQInterruptHandler
00000a0f   SysTickIntHandler
00000b3b   RFWriteSendBuffer
00000c37   SPIInit
00000d29   SysCtlClockGet
00000de9   muxInit
00000e9d   __aeabi_memcpy
00000e9d   __aeabi_memcpy4
00000e9d   __aeabi_memcpy8
00000e9d   memcpy
00000f39   __TI_auto_init
00000fcd   ConfigureADC
00001059   IntEnable
00001121   GPIOPinConfigure
00001169   _c_int00
000011b1   copy_in
000011f5   C$$EXIT
000011f9   abort
00001201   exit
00001239   IntRegister
0000126d   SPIRXFlush
00001293   SPIDataRead
000012af   SPISetCELow
000012cb   SPISetCSNHigh
000012e7   SPISetCSNLow
00001321   GPIOIntRegister
00001339   _args_main
00001351   SSIDataGetNonBlocking
00001363   __TI_zero_init
00001375   __TI_decompress_none
00001383   GPIOIntEnable
0000138f   GPIOIntClear
00001395   GPIOPinWrite
0000139b   ResetISR
000013a1   UARTClockSourceSet
000013a7   __TI_decompress_rle24
000013af   _nop
000015f4   __TI_Handler_Table_Base
00001600   __TI_Handler_Table_Limit
00001610   __TI_CINIT_Base
00001628   __TI_CINIT_Limit
00004000   __STACK_SIZE
20000000   g_pfnRAMVectors
2000026c   __stack
2000066c   __STACK_TOP
2000426c   __STACK_END
2000426c   bufferA
2000446c   bufferB
2000466c   ui32NumOfChannels
2000466d   ui32BufferMode
2000466e   transmitOn
2000466f   RFPacketSent
20004670   BufferAEmpty
20004671   BufferBEmpty
20004674   ui32WindowSize
2000467c   _lock
20004680   _unlock
20004684   __TI_cleanup_ptr
20004688   __TI_dtors_ptr
20004694   main_func_sp
ffffffff   __binit__
ffffffff   __c_args__
ffffffff   binit
UNDEFED    SHT$$INIT_ARRAY$$Base
UNDEFED    SHT$$INIT_ARRAY$$Limit

[69 symbols]
