******************************************************************************
                  TI ARM Linker PC v5.1.1                      
******************************************************************************
>> Linked Tue Oct 14 19:40:00 2014

OUTPUT FILE NAME:   <four_ch_neural_recorder.out>
ENTRY POINT SYMBOL: "_c_int00"  address: 00001535


MEMORY CONFIGURATION

         name            origin    length      used     unused   attr    fill
----------------------  --------  ---------  --------  --------  ----  --------
  FLASH                 00000000   00040000  00001ab2  0003e54e  R  X
  SRAM                  20000000   00008000  000012b8  00006d48  RW X


SEGMENT ALLOCATION MAP

run origin  load origin   length   init length attrs members
----------  ----------- ---------- ----------- ----- -------
00000000    00000000    00001ab8   00001ab8    r-x
  00000000    00000000    0000026c   0000026c    r-- .intvecs
  0000026c    0000026c    000015de   000015de    r-x .text
  0000184c    0000184c    00000220   00000220    r-- .const
  00001a70    00001a70    00000048   00000048    r-- .cinit
20000000    20000000    000012b8   00000000    rw-
  20000000    20000000    0000026c   00000000    rw- .vtable
  2000026c    2000026c    00000800   00000000    rw- .bss
  20000a6c    20000a6c    00000800   00000000    rw- .stack
  2000126c    2000126c    0000004c   00000000    rw- .data


SECTION ALLOCATION MAP

 output                                  attributes/
section   page    origin      length       input sections
--------  ----  ----------  ----------   ----------------
.intvecs   0    00000000    0000026c     
                  00000000    0000026c     startup_ccs.obj (.intvecs)

.init_array 
*          0    00000000    00000000     UNINITIALIZED

.text      0    0000026c    000015de     
                  0000026c    000006d2     main.obj (.text:main)
                  0000093e    00000002     startup_ccs.obj (.text:FaultISR)
                  00000940    00000285     uartstdio.obj (.text:UARTprintf)
                  00000bc5    00000001     --HOLE-- [fill = 0]
                  00000bc6    00000156     main.obj (.text:TimerIntHandler)
                  00000d1c    00000142     main.obj (.text:IRQInterruptHandler)
                  00000e5e    000000f8     nrf24l01.obj (.text:RFWriteSendBuffer)
                  00000f56    000000f2     spi.obj (.text:SPIInit)
                  00001048    000000b4     adg731.obj (.text:muxInit)
                  000010fc    000000a6     main.obj (.text:ConfigureTimer)
                  000011a2    0000009c     rtsv7M4_T_le_v4SPD16_eabi.lib : memcpy_t2.obj (.text)
                  0000123e    00000002     startup_ccs.obj (.text:IntDefaultHandler)
                  00001240    00000094     rtsv7M4_T_le_v4SPD16_eabi.lib : auto_init.obj (.text)
                  000012d4    0000008c     main.obj (.text:ConfigureADC)
                  00001360    0000006e     main.obj (.text:IRQInitialize)
                  000013ce    00000002     startup_ccs.obj (.text:NmiSR)
                  000013d0    00000068     driverlib.lib : interrupt.obj (.text:IntEnable)
                  00001438    0000005e     rtsv7M4_T_le_v4SPD16_eabi.lib : copy_decompress_rle.obj (.text)
                  00001496    00000054     uartstdio.obj (.text:UARTStdioConfig)
                  000014ea    00000002     rtsv7M4_T_le_v4SPD16_eabi.lib : _lock.obj (.text)
                  000014ec    00000048     driverlib.lib : gpio.obj (.text:GPIOPinConfigure)
                  00001534    00000048     rtsv7M4_T_le_v4SPD16_eabi.lib : boot.obj (.text)
                  0000157c    00000044                                   : cpy_tbl.obj (.text)
                  000015c0    00000044                                   : exit.obj (.text)
                  00001604    00000042                                   : u_divt2.obj (.text)
                  00001646    00000038     uartstdio.obj (.text:UARTwrite)
                  0000167e    00000002     --HOLE-- [fill = 0]
                  00001680    00000034     driverlib.lib : interrupt.obj (.text:IntRegister)
                  000016b4    00000028                   : timer.obj (.text:_TimerIntNumberGet)
                  000016dc    00000026     spi.obj (.text:SPIRXFlush)
                  00001702    0000001e     spi.obj (.text:SPIDataRead)
                  00001720    0000001c     spi.obj (.text:SPISetCEHigh)
                  0000173c    0000001c     spi.obj (.text:SPISetCELow)
                  00001758    0000001c     spi.obj (.text:SPISetCSNHigh)
                  00001774    0000001c     spi.obj (.text:SPISetCSNLow)
                  00001790    0000001c     driverlib.lib : gpio.obj (.text:_GPIOIntNumberGet)
                  000017ac    00000018                   : gpio.obj (.text:GPIOIntRegister)
                  000017c4    00000018                   : timer.obj (.text:TimerIntRegister)
                  000017dc    00000018     rtsv7M4_T_le_v4SPD16_eabi.lib : args_main.obj (.text)
                  000017f4    00000012     driverlib.lib : ssi.obj (.text:SSIDataGetNonBlocking)
                  00001806    00000012     rtsv7M4_T_le_v4SPD16_eabi.lib : copy_zero_init.obj (.text:decompress:ZI)
                  00001818    0000000e                                   : copy_decompress_none.obj (.text:decompress:none)
                  00001826    0000000c     driverlib.lib : gpio.obj (.text:GPIOIntEnable)
                  00001832    00000006                   : gpio.obj (.text:GPIOIntClear)
                  00001838    00000006     startup_ccs.obj (.text:ResetISR)
                  0000183e    00000006     driverlib.lib : uart.obj (.text:UARTClockSourceSet)
                  00001844    00000006     rtsv7M4_T_le_v4SPD16_eabi.lib : copy_decompress_rle.obj (.text:decompress:rle24)

.const     0    0000184c    00000220     
                  0000184c    000000c0     driverlib.lib : gpio.obj (.const:g_ppui32GPIOIntMapBlizzard)
                  0000190c    00000078                   : gpio.obj (.const:g_pui32GPIOBaseAddrs)
                  00001984    00000070                   : interrupt.obj (.const)
                  000019f4    00000060                   : timer.obj (.const:g_ppui32TimerIntMap)
                  00001a54    00000018     uartstdio.obj (.const)

.cinit     0    00001a70    00000048     
                  00001a70    00000012     (.cinit..data.load) [load image, compression = rle]
                  00001a82    00000002     --HOLE-- [fill = 0]
                  00001a84    0000000c     (__TI_handler_table)
                  00001a90    00000008     (.cinit..bss.load) [load image, compression = zero_init]
                  00001a98    00000008     (.cinit..vtable.load) [load image, compression = zero_init]
                  00001aa0    00000018     (__TI_cinit_table)

.vtable    0    20000000    0000026c     UNINITIALIZED
                  20000000    0000026c     driverlib.lib : interrupt.obj (.vtable)

.bss       0    2000026c    00000800     UNINITIALIZED
                  2000026c    00000400     main.obj (.bss:bufferA)
                  2000066c    00000400     main.obj (.bss:bufferB)

.stack     0    20000a6c    00000800     UNINITIALIZED
                  20000a6c    00000800     --HOLE--

.data      0    2000126c    0000004c     UNINITIALIZED
                  2000126c    00000030     main.obj (.data)
                  2000129c    00000008     rtsv7M4_T_le_v4SPD16_eabi.lib : _lock.obj (.data)
                  200012a4    00000008                                   : exit.obj (.data)
                  200012ac    00000008     uartstdio.obj (.data)
                  200012b4    00000004     rtsv7M4_T_le_v4SPD16_eabi.lib : stkdepth_vars.obj (.data)


LINKER GENERATED COPY TABLES

__TI_cinit_table @ 00001aa0 records: 3, size/record: 8, table size: 24
	.data: load addr=00001a70, load size=00000012 bytes, run addr=2000126c, run size=0000004c bytes, compression=rle
	.bss: load addr=00001a90, load size=00000008 bytes, run addr=2000026c, run size=00000800 bytes, compression=zero_init
	.vtable: load addr=00001a98, load size=00000008 bytes, run addr=20000000, run size=0000026c bytes, compression=zero_init


LINKER GENERATED HANDLER TABLE

__TI_handler_table @ 00001a84 records: 3, size/record: 4, table size: 12
	index: 0, handler: __TI_zero_init
	index: 1, handler: __TI_decompress_rle24
	index: 2, handler: __TI_decompress_none


GLOBAL SYMBOLS: SORTED ALPHABETICALLY BY Name 

address    name
--------   ----
20001270   BufferAEmpty
20001271   BufferBEmpty
000015c1   C$$EXIT
000012d5   ConfigureADC
000010fd   ConfigureTimer
00001833   GPIOIntClear
00001827   GPIOIntEnable
000017ad   GPIOIntRegister
000014ed   GPIOPinConfigure
00001361   IRQInitialize
00000d1d   IRQInterruptHandler
000013d1   IntEnable
00001681   IntRegister
2000126f   RFPacketSent
00000e5f   RFWriteSendBuffer
00001839   ResetISR
UNDEFED    SHT$$INIT_ARRAY$$Base
UNDEFED    SHT$$INIT_ARRAY$$Limit
00001703   SPIDataRead
00000f57   SPIInit
000016dd   SPIRXFlush
00001721   SPISetCEHigh
0000173d   SPISetCELow
00001759   SPISetCSNHigh
00001775   SPISetCSNLow
000017f5   SSIDataGetNonBlocking
00000bc7   TimerIntHandler
000017c5   TimerIntRegister
0000183f   UARTClockSourceSet
00001497   UARTStdioConfig
00000941   UARTprintf
00001647   UARTwrite
2000126c   __STACK_END
00000800   __STACK_SIZE
20000e6c   __STACK_TOP
00001aa0   __TI_CINIT_Base
00001ab8   __TI_CINIT_Limit
00001a84   __TI_Handler_Table_Base
00001a90   __TI_Handler_Table_Limit
00000001   __TI_args_main
00001241   __TI_auto_init
200012a4   __TI_cleanup_ptr
00001819   __TI_decompress_none
00001845   __TI_decompress_rle24
200012a8   __TI_dtors_ptr
00000000   __TI_static_base__
00001807   __TI_zero_init
000011a3   __aeabi_memcpy
000011a3   __aeabi_memcpy4
000011a3   __aeabi_memcpy8
00001605   __aeabi_uidivmod
ffffffff   __binit__
ffffffff   __c_args__
20000a6c   __stack
000017dd   _args_main
00001535   _c_int00
2000129c   _lock
000014eb   _nop
200012a0   _unlock
000015c5   abort
ffffffff   binit
2000026c   bufferA
2000066c   bufferB
0000157d   copy_in
000015cd   exit
20000000   g_pfnRAMVectors
00000000   g_pfnVectors
0000026d   main
200012b4   main_func_sp
000011a3   memcpy
00001049   muxInit
2000126e   transmitOn
2000126d   ui32BufferMode
2000126c   ui32NumOfChannels
2000127c   ui32TxBuffer
20001274   ui32WindowSize


GLOBAL SYMBOLS: SORTED BY Symbol Address 

address    name
--------   ----
00000000   __TI_static_base__
00000000   g_pfnVectors
00000001   __TI_args_main
0000026d   main
00000800   __STACK_SIZE
00000941   UARTprintf
00000bc7   TimerIntHandler
00000d1d   IRQInterruptHandler
00000e5f   RFWriteSendBuffer
00000f57   SPIInit
00001049   muxInit
000010fd   ConfigureTimer
000011a3   __aeabi_memcpy
000011a3   __aeabi_memcpy4
000011a3   __aeabi_memcpy8
000011a3   memcpy
00001241   __TI_auto_init
000012d5   ConfigureADC
00001361   IRQInitialize
000013d1   IntEnable
00001497   UARTStdioConfig
000014eb   _nop
000014ed   GPIOPinConfigure
00001535   _c_int00
0000157d   copy_in
000015c1   C$$EXIT
000015c5   abort
000015cd   exit
00001605   __aeabi_uidivmod
00001647   UARTwrite
00001681   IntRegister
000016dd   SPIRXFlush
00001703   SPIDataRead
00001721   SPISetCEHigh
0000173d   SPISetCELow
00001759   SPISetCSNHigh
00001775   SPISetCSNLow
000017ad   GPIOIntRegister
000017c5   TimerIntRegister
000017dd   _args_main
000017f5   SSIDataGetNonBlocking
00001807   __TI_zero_init
00001819   __TI_decompress_none
00001827   GPIOIntEnable
00001833   GPIOIntClear
00001839   ResetISR
0000183f   UARTClockSourceSet
00001845   __TI_decompress_rle24
00001a84   __TI_Handler_Table_Base
00001a90   __TI_Handler_Table_Limit
00001aa0   __TI_CINIT_Base
00001ab8   __TI_CINIT_Limit
20000000   g_pfnRAMVectors
2000026c   bufferA
2000066c   bufferB
20000a6c   __stack
20000e6c   __STACK_TOP
2000126c   __STACK_END
2000126c   ui32NumOfChannels
2000126d   ui32BufferMode
2000126e   transmitOn
2000126f   RFPacketSent
20001270   BufferAEmpty
20001271   BufferBEmpty
20001274   ui32WindowSize
2000127c   ui32TxBuffer
2000129c   _lock
200012a0   _unlock
200012a4   __TI_cleanup_ptr
200012a8   __TI_dtors_ptr
200012b4   main_func_sp
ffffffff   __binit__
ffffffff   __c_args__
ffffffff   binit
UNDEFED    SHT$$INIT_ARRAY$$Base
UNDEFED    SHT$$INIT_ARRAY$$Limit

[76 symbols]
