******************************************************************************
                  TI ARM Linker PC v5.1.1                      
******************************************************************************
>> Linked Tue Oct 14 21:52:11 2014

OUTPUT FILE NAME:   <four_ch_neural_recorder.out>
ENTRY POINT SYMBOL: "_c_int00"  address: 000013c5


MEMORY CONFIGURATION

         name            origin    length      used     unused   attr    fill
----------------------  --------  ---------  --------  --------  ----  --------
  FLASH                 00000000   00040000  0000185a  0003e7a6  R  X
  SRAM                  20000000   00008000  000044cc  00003b34  RW X


SEGMENT ALLOCATION MAP

run origin  load origin   length   init length attrs members
----------  ----------- ---------- ----------- ----- -------
00000000    00000000    00001860   00001860    r-x
  00000000    00000000    0000026c   0000026c    r-- .intvecs
  0000026c    0000026c    00001386   00001386    r-x .text
  000015f4    000015f4    00000220   00000220    r-- .const
  00001818    00001818    00000048   00000048    r-- .cinit
20000000    20000000    000044d0   00000000    rw-
  20000000    20000000    0000026c   00000000    rw- .vtable
  20000270    20000270    00004000   00000000    rw- .sysmem
  20004270    20004270    00000200   00000000    rw- .stack
  20004470    20004470    00000060   00000000    rw- .data


SECTION ALLOCATION MAP

 output                                  attributes/
section   page    origin      length       input sections
--------  ----  ----------  ----------   ----------------
.intvecs   0    00000000    0000026c     
                  00000000    0000026c     startup_ccs.obj (.intvecs)

.init_array 
*          0    00000000    00000000     UNINITIALIZED

.text      0    0000026c    00001386     
                  0000026c    00000660     main.obj (.text:main)
                  000008cc    0000018a     main.obj (.text:IRQInterruptHandler)
                  00000a56    00000002     startup_ccs.obj (.text:FaultISR)
                  00000a58    00000178     rtsv7M4_T_le_v4SPD16_eabi.lib : memory.obj (.text)
                  00000bd0    00000144     main.obj (.text:TimerIntHandler)
                  00000d14    00000108     nrf24l01.obj (.text:RFWriteSendBuffer)
                  00000e1c    000000f2     spi.obj (.text:SPIInit)
                  00000f0e    000000b4     adg731.obj (.text:muxInit)
                  00000fc2    000000aa     main.obj (.text:ConfigureUART)
                  0000106c    0000009c     rtsv7M4_T_le_v4SPD16_eabi.lib : memcpy_t2.obj (.text)
                  00001108    00000094                                   : auto_init.obj (.text)
                  0000119c    0000008c     main.obj (.text:ConfigureADC)
                  00001228    0000008c     main.obj (.text:ConfigureTimer)
                  000012b4    00000068     driverlib.lib : interrupt.obj (.text:IntEnable)
                  0000131c    0000005e     rtsv7M4_T_le_v4SPD16_eabi.lib : copy_decompress_rle.obj (.text)
                  0000137a    00000002     startup_ccs.obj (.text:IntDefaultHandler)
                  0000137c    00000048     driverlib.lib : gpio.obj (.text:GPIOPinConfigure)
                  000013c4    00000048     rtsv7M4_T_le_v4SPD16_eabi.lib : boot.obj (.text)
                  0000140c    00000044                                   : cpy_tbl.obj (.text)
                  00001450    00000044                                   : exit.obj (.text)
                  00001494    00000034     driverlib.lib : interrupt.obj (.text:IntRegister)
                  000014c8    00000028                   : timer.obj (.text:_TimerIntNumberGet)
                  000014f0    00000026     spi.obj (.text:SPIRXFlush)
                  00001516    0000001e     spi.obj (.text:SPIDataRead)
                  00001534    0000001c     driverlib.lib : gpio.obj (.text:_GPIOIntNumberGet)
                  00001550    00000018                   : gpio.obj (.text:GPIOIntRegister)
                  00001568    00000018                   : timer.obj (.text:TimerIntRegister)
                  00001580    00000018     rtsv7M4_T_le_v4SPD16_eabi.lib : args_main.obj (.text)
                  00001598    00000012     driverlib.lib : ssi.obj (.text:SSIDataGetNonBlocking)
                  000015aa    00000012     rtsv7M4_T_le_v4SPD16_eabi.lib : copy_zero_init.obj (.text:decompress:ZI)
                  000015bc    0000000e                                   : copy_decompress_none.obj (.text:decompress:none)
                  000015ca    0000000c     driverlib.lib : gpio.obj (.text:GPIOIntEnable)
                  000015d6    00000006                   : gpio.obj (.text:GPIOIntClear)
                  000015dc    00000006     startup_ccs.obj (.text:ResetISR)
                  000015e2    00000006     driverlib.lib : uart.obj (.text:UARTClockSourceSet)
                  000015e8    00000006     rtsv7M4_T_le_v4SPD16_eabi.lib : copy_decompress_rle.obj (.text:decompress:rle24)
                  000015ee    00000002     startup_ccs.obj (.text:NmiSR)
                  000015f0    00000002     rtsv7M4_T_le_v4SPD16_eabi.lib : _lock.obj (.text)

.const     0    000015f4    00000220     
                  000015f4    000000c0     driverlib.lib : gpio.obj (.const:g_ppui32GPIOIntMapBlizzard)
                  000016b4    00000078                   : gpio.obj (.const:g_pui32GPIOBaseAddrs)
                  0000172c    00000070                   : interrupt.obj (.const)
                  0000179c    00000060                   : timer.obj (.const:g_ppui32TimerIntMap)
                  000017fc    00000018     uartstdio.obj (.const)

.cinit     0    00001818    00000048     
                  00001818    0000001d     (.cinit..data.load) [load image, compression = rle]
                  00001835    00000003     --HOLE-- [fill = 0]
                  00001838    0000000c     (__TI_handler_table)
                  00001844    00000004     --HOLE-- [fill = 0]
                  00001848    00000008     (.cinit..vtable.load) [load image, compression = zero_init]
                  00001850    00000010     (__TI_cinit_table)

.vtable    0    20000000    0000026c     UNINITIALIZED
                  20000000    0000026c     driverlib.lib : interrupt.obj (.vtable)

.sysmem    0    20000270    00004000     UNINITIALIZED
                  20000270    00000008     rtsv7M4_T_le_v4SPD16_eabi.lib : memory.obj (.sysmem)
                  20000278    00003ff8     --HOLE--

.stack     0    20004270    00000200     UNINITIALIZED
                  20004270    00000200     --HOLE--

.data      0    20004470    00000060     UNINITIALIZED
                  20004470    00000038     main.obj (.data)
                  200044a8    0000000c     rtsv7M4_T_le_v4SPD16_eabi.lib : memory.obj (.data)
                  200044b4    00000008                                   : _lock.obj (.data)
                  200044bc    00000008                                   : exit.obj (.data)
                  200044c4    00000008     uartstdio.obj (.data)
                  200044cc    00000004     rtsv7M4_T_le_v4SPD16_eabi.lib : stkdepth_vars.obj (.data)


LINKER GENERATED COPY TABLES

__TI_cinit_table @ 00001850 records: 2, size/record: 8, table size: 16
	.data: load addr=00001818, load size=0000001d bytes, run addr=20004470, run size=00000060 bytes, compression=rle
	.vtable: load addr=00001848, load size=00000008 bytes, run addr=20000000, run size=0000026c bytes, compression=zero_init


LINKER GENERATED HANDLER TABLE

__TI_handler_table @ 00001838 records: 3, size/record: 4, table size: 12
	index: 0, handler: __TI_zero_init
	index: 1, handler: __TI_decompress_rle24
	index: 2, handler: __TI_decompress_none


GLOBAL SYMBOLS: SORTED ALPHABETICALLY BY Name 

address    name
--------   ----
20004474   BufferAEmpty
20004475   BufferBEmpty
00001451   C$$EXIT
0000119d   ConfigureADC
00001229   ConfigureTimer
00000fc3   ConfigureUART
000015d7   GPIOIntClear
000015cb   GPIOIntEnable
00001551   GPIOIntRegister
0000137d   GPIOPinConfigure
000008cd   IRQInterruptHandler
000012b5   IntEnable
00001495   IntRegister
20004473   RFPacketSent
00000d15   RFWriteSendBuffer
000015dd   ResetISR
UNDEFED    SHT$$INIT_ARRAY$$Base
UNDEFED    SHT$$INIT_ARRAY$$Limit
00001517   SPIDataRead
00000e1d   SPIInit
000014f1   SPIRXFlush
00001599   SSIDataGetNonBlocking
00000bd1   TimerIntHandler
00001569   TimerIntRegister
000015e3   UARTClockSourceSet
20004470   __STACK_END
00000200   __STACK_SIZE
20004670   __STACK_TOP
00004000   __SYSMEM_SIZE
00001850   __TI_CINIT_Base
00001860   __TI_CINIT_Limit
00001838   __TI_Handler_Table_Base
00001844   __TI_Handler_Table_Limit
00000001   __TI_args_main
00001109   __TI_auto_init
200044bc   __TI_cleanup_ptr
000015bd   __TI_decompress_none
000015e9   __TI_decompress_rle24
200044c0   __TI_dtors_ptr
00000000   __TI_static_base__
000015ab   __TI_zero_init
0000106d   __aeabi_memcpy
0000106d   __aeabi_memcpy4
0000106d   __aeabi_memcpy8
ffffffff   __binit__
ffffffff   __c_args__
20004270   __stack
00001581   _args_main
000013c5   _c_int00
200044b4   _lock
000015f1   _nop
20000270   _sys_memory
200044b8   _unlock
00001455   abort
ffffffff   binit
20004478   bufferA
2000447c   bufferB
0000140d   copy_in
0000145d   exit
20000000   g_pfnRAMVectors
00000000   g_pfnVectors
0000026d   main
200044cc   main_func_sp
00000ae3   malloc
0000106d   memcpy
00000a59   minit
00000f0f   muxInit
20004472   transmitOn
20004471   ui32BufferMode
20004470   ui32NumOfChannels
20004488   ui32TxBuffer
20004480   ui32WindowSize


GLOBAL SYMBOLS: SORTED BY Symbol Address 

address    name
--------   ----
00000000   __TI_static_base__
00000000   g_pfnVectors
00000001   __TI_args_main
00000200   __STACK_SIZE
0000026d   main
000008cd   IRQInterruptHandler
00000a59   minit
00000ae3   malloc
00000bd1   TimerIntHandler
00000d15   RFWriteSendBuffer
00000e1d   SPIInit
00000f0f   muxInit
00000fc3   ConfigureUART
0000106d   __aeabi_memcpy
0000106d   __aeabi_memcpy4
0000106d   __aeabi_memcpy8
0000106d   memcpy
00001109   __TI_auto_init
0000119d   ConfigureADC
00001229   ConfigureTimer
000012b5   IntEnable
0000137d   GPIOPinConfigure
000013c5   _c_int00
0000140d   copy_in
00001451   C$$EXIT
00001455   abort
0000145d   exit
00001495   IntRegister
000014f1   SPIRXFlush
00001517   SPIDataRead
00001551   GPIOIntRegister
00001569   TimerIntRegister
00001581   _args_main
00001599   SSIDataGetNonBlocking
000015ab   __TI_zero_init
000015bd   __TI_decompress_none
000015cb   GPIOIntEnable
000015d7   GPIOIntClear
000015dd   ResetISR
000015e3   UARTClockSourceSet
000015e9   __TI_decompress_rle24
000015f1   _nop
00001838   __TI_Handler_Table_Base
00001844   __TI_Handler_Table_Limit
00001850   __TI_CINIT_Base
00001860   __TI_CINIT_Limit
00004000   __SYSMEM_SIZE
20000000   g_pfnRAMVectors
20000270   _sys_memory
20004270   __stack
20004470   __STACK_END
20004470   ui32NumOfChannels
20004471   ui32BufferMode
20004472   transmitOn
20004473   RFPacketSent
20004474   BufferAEmpty
20004475   BufferBEmpty
20004478   bufferA
2000447c   bufferB
20004480   ui32WindowSize
20004488   ui32TxBuffer
200044b4   _lock
200044b8   _unlock
200044bc   __TI_cleanup_ptr
200044c0   __TI_dtors_ptr
200044cc   main_func_sp
20004670   __STACK_TOP
ffffffff   __binit__
ffffffff   __c_args__
ffffffff   binit
UNDEFED    SHT$$INIT_ARRAY$$Base
UNDEFED    SHT$$INIT_ARRAY$$Limit

[72 symbols]
