******************************************************************************
                  TI ARM Linker PC v5.1.1                      
******************************************************************************
>> Linked Fri Oct 17 00:31:52 2014

OUTPUT FILE NAME:   <four_ch_neural_recorder.out>
ENTRY POINT SYMBOL: "_c_int00"  address: 00001df1


MEMORY CONFIGURATION

         name            origin    length      used     unused   attr    fill
----------------------  --------  ---------  --------  --------  ----  --------
  FLASH                 00000000   00040000  0000239a  0003dc66  R  X
  SRAM                  20000000   00008000  000044fb  00003b05  RW X


SEGMENT ALLOCATION MAP

run origin  load origin   length   init length attrs members
----------  ----------- ---------- ----------- ----- -------
00000000    00000000    000023a0   000023a0    r-x
  00000000    00000000    0000026c   0000026c    r-- .intvecs
  0000026c    0000026c    00001eb6   00001eb6    r-x .text
  00002124    00002124    00000220   00000220    r-- .const
  00002348    00002348    00000058   00000058    r-- .cinit
20000000    20000000    000044ff   00000000    rw-
  20000000    20000000    0000026c   00000000    rw- .vtable
  20000270    20000270    00004000   00000000    rw- .sysmem
  20004270    20004270    00000200   00000000    rw- .stack
  20004470    20004470    0000007c   00000000    rw- .data
  200044ec    200044ec    00000013   00000000    rw- .bss


SECTION ALLOCATION MAP

 output                                  attributes/
section   page    origin      length       input sections
--------  ----  ----------  ----------   ----------------
.intvecs   0    00000000    0000026c     
                  00000000    0000026c     startup_ccs.obj (.intvecs)

.init_array 
*          0    00000000    00000000     UNINITIALIZED

.text      0    0000026c    00001eb6     
                  0000026c    00000582     nrf24l01.obj (.text:RFInit)
                  000007ee    00000002     startup_ccs.obj (.text:FaultISR)
                  000007f0    00000416     main.obj (.text:main)
                  00000c06    00000002     startup_ccs.obj (.text:IntDefaultHandler)
                  00000c08    000003a0     main.obj (.text:IRQInterruptHandler)
                  00000fa8    00000279     uartstdio.obj (.text:UARTvprintf)
                  00001221    00000001     --HOLE-- [fill = 0]
                  00001222    000001f6     main.obj (.text:TimerIntHandler)
                  00001418    0000015c     rtsv7M4_T_le_v4SPD16_eabi.lib : memory.obj (.text)
                  00001574    000000f2     spi.obj (.text:SPIInit)
                  00001666    000000f0     nrf24l01.obj (.text:RFWriteSendBuffer)
                  00001756    000000e0     nrf24l01.obj (.text:RFReadRecieveBuffer)
                  00001836    000000b4     adg731.obj (.text:muxInit)
                  000018ea    00000002     startup_ccs.obj (.text:NmiSR)
                  000018ec    000000a6     main.obj (.text:ConfigureTimer)
                  00001992    0000009c     rtsv7M4_T_le_v4SPD16_eabi.lib : memcpy_t2.obj (.text)
                  00001a2e    00000002                                   : _lock.obj (.text)
                  00001a30    00000094                                   : auto_init.obj (.text)
                  00001ac4    0000008c     main.obj (.text:ConfigureADC)
                  00001b50    0000006e     main.obj (.text:IRQInitialize)
                  00001bbe    0000006c     main.obj (.text:BufferInit)
                  00001c2a    00000002     --HOLE-- [fill = 0]
                  00001c2c    00000068     driverlib.lib : interrupt.obj (.text:IntEnable)
                  00001c94    00000062     main.obj (.text:ConfigureUART)
                  00001cf6    0000005e     rtsv7M4_T_le_v4SPD16_eabi.lib : copy_decompress_rle.obj (.text)
                  00001d54    00000054     uartstdio.obj (.text:UARTStdioConfig)
                  00001da8    00000048     driverlib.lib : gpio.obj (.text:GPIOPinConfigure)
                  00001df0    00000048     rtsv7M4_T_le_v4SPD16_eabi.lib : boot.obj (.text)
                  00001e38    00000044                                   : cpy_tbl.obj (.text)
                  00001e7c    00000044                                   : exit.obj (.text)
                  00001ec0    00000042                                   : u_divt2.obj (.text)
                  00001f02    00000038     uartstdio.obj (.text:UARTwrite)
                  00001f3a    00000002     --HOLE-- [fill = 0]
                  00001f3c    00000034     driverlib.lib : interrupt.obj (.text:IntRegister)
                  00001f70    00000028                   : timer.obj (.text:_TimerIntNumberGet)
                  00001f98    00000026     spi.obj (.text:SPIRXFlush)
                  00001fbe    0000001e     spi.obj (.text:SPIDataRead)
                  00001fdc    0000001c     spi.obj (.text:SPISetCEHigh)
                  00001ff8    0000001c     spi.obj (.text:SPISetCELow)
                  00002014    0000001c     spi.obj (.text:SPISetCSNHigh)
                  00002030    0000001c     spi.obj (.text:SPISetCSNLow)
                  0000204c    0000001c     driverlib.lib : gpio.obj (.text:_GPIOIntNumberGet)
                  00002068    0000001a     uartstdio.obj (.text:UARTprintf)
                  00002082    00000018     driverlib.lib : gpio.obj (.text:GPIOIntRegister)
                  0000209a    00000018                   : timer.obj (.text:TimerIntRegister)
                  000020b2    00000002     --HOLE-- [fill = 0]
                  000020b4    00000018     rtsv7M4_T_le_v4SPD16_eabi.lib : args_main.obj (.text)
                  000020cc    00000012     driverlib.lib : ssi.obj (.text:SSIDataGetNonBlocking)
                  000020de    00000012     rtsv7M4_T_le_v4SPD16_eabi.lib : copy_zero_init.obj (.text:decompress:ZI)
                  000020f0    0000000e                                   : copy_decompress_none.obj (.text:decompress:none)
                  000020fe    0000000c     driverlib.lib : gpio.obj (.text:GPIOIntEnable)
                  0000210a    00000006                   : gpio.obj (.text:GPIOIntClear)
                  00002110    00000006     startup_ccs.obj (.text:ResetISR)
                  00002116    00000006     driverlib.lib : uart.obj (.text:UARTClockSourceSet)
                  0000211c    00000006     rtsv7M4_T_le_v4SPD16_eabi.lib : copy_decompress_rle.obj (.text:decompress:rle24)

.const     0    00002124    00000220     
                  00002124    000000c0     driverlib.lib : gpio.obj (.const:g_ppui32GPIOIntMapBlizzard)
                  000021e4    00000078                   : gpio.obj (.const:g_pui32GPIOBaseAddrs)
                  0000225c    00000070                   : interrupt.obj (.const)
                  000022cc    00000060                   : timer.obj (.const:g_ppui32TimerIntMap)
                  0000232c    00000018     uartstdio.obj (.const)

.cinit     0    00002348    00000058     
                  00002348    0000001d     (.cinit..data.load) [load image, compression = rle]
                  00002365    00000003     --HOLE-- [fill = 0]
                  00002368    0000000c     (__TI_handler_table)
                  00002374    00000004     --HOLE-- [fill = 0]
                  00002378    00000008     (.cinit..bss.load) [load image, compression = zero_init]
                  00002380    00000008     (.cinit..vtable.load) [load image, compression = zero_init]
                  00002388    00000018     (__TI_cinit_table)

.vtable    0    20000000    0000026c     UNINITIALIZED
                  20000000    0000026c     driverlib.lib : interrupt.obj (.vtable)

.sysmem    0    20000270    00004000     UNINITIALIZED
                  20000270    00000008     rtsv7M4_T_le_v4SPD16_eabi.lib : memory.obj (.sysmem)
                  20000278    00003ff8     --HOLE--

.stack     0    20004270    00000200     UNINITIALIZED
                  20004270    00000200     --HOLE--

.data      0    20004470    0000007c     UNINITIALIZED
                  20004470    00000054     main.obj (.data)
                  200044c4    0000000c     rtsv7M4_T_le_v4SPD16_eabi.lib : memory.obj (.data)
                  200044d0    00000008                                   : _lock.obj (.data)
                  200044d8    00000008                                   : exit.obj (.data)
                  200044e0    00000008     uartstdio.obj (.data)
                  200044e8    00000004     rtsv7M4_T_le_v4SPD16_eabi.lib : stkdepth_vars.obj (.data)

.bss       0    200044ec    00000013     UNINITIALIZED
                  200044ec    00000004     (.common:ui32GainSetting)
                  200044f0    00000004     (.common:ui32SamplingFrequency)
                  200044f4    00000004     (.common:ui32WindowSize)
                  200044f8    00000001     (.common:BufferAEmpty)
                  200044f9    00000001     (.common:BufferBEmpty)
                  200044fa    00000001     (.common:RFPacketSent)
                  200044fb    00000001     (.common:isConfigured)
                  200044fc    00000001     (.common:transmitOn)
                  200044fd    00000001     (.common:ui32BufferMode)
                  200044fe    00000001     (.common:ui32NumOfChannels)


LINKER GENERATED COPY TABLES

__TI_cinit_table @ 00002388 records: 3, size/record: 8, table size: 24
	.data: load addr=00002348, load size=0000001d bytes, run addr=20004470, run size=0000007c bytes, compression=rle
	.bss: load addr=00002378, load size=00000008 bytes, run addr=200044ec, run size=00000013 bytes, compression=zero_init
	.vtable: load addr=00002380, load size=00000008 bytes, run addr=20000000, run size=0000026c bytes, compression=zero_init


LINKER GENERATED HANDLER TABLE

__TI_handler_table @ 00002368 records: 3, size/record: 4, table size: 12
	index: 0, handler: __TI_zero_init
	index: 1, handler: __TI_decompress_rle24
	index: 2, handler: __TI_decompress_none


GLOBAL SYMBOLS: SORTED ALPHABETICALLY BY Name 

address    name
--------   ----
200044f8   BufferAEmpty
200044f9   BufferBEmpty
00001bbf   BufferInit
00001e7d   C$$EXIT
00001ac5   ConfigureADC
000018ed   ConfigureTimer
00001c95   ConfigureUART
0000210b   GPIOIntClear
000020ff   GPIOIntEnable
00002083   GPIOIntRegister
00001da9   GPIOPinConfigure
00001b51   IRQInitialize
00000c09   IRQInterruptHandler
00001c2d   IntEnable
00001f3d   IntRegister
0000026d   RFInit
200044fa   RFPacketSent
00001757   RFReadRecieveBuffer
00001667   RFWriteSendBuffer
00002111   ResetISR
UNDEFED    SHT$$INIT_ARRAY$$Base
UNDEFED    SHT$$INIT_ARRAY$$Limit
00001fbf   SPIDataRead
00001575   SPIInit
00001f99   SPIRXFlush
00001fdd   SPISetCEHigh
00001ff9   SPISetCELow
00002015   SPISetCSNHigh
00002031   SPISetCSNLow
000020cd   SSIDataGetNonBlocking
00001223   TimerIntHandler
0000209b   TimerIntRegister
00002117   UARTClockSourceSet
00001d55   UARTStdioConfig
00002069   UARTprintf
00000fa9   UARTvprintf
00001f03   UARTwrite
20004470   __STACK_END
00000200   __STACK_SIZE
20004670   __STACK_TOP
00004000   __SYSMEM_SIZE
00002388   __TI_CINIT_Base
000023a0   __TI_CINIT_Limit
00002368   __TI_Handler_Table_Base
00002374   __TI_Handler_Table_Limit
00000001   __TI_args_main
00001a31   __TI_auto_init
200044d8   __TI_cleanup_ptr
000020f1   __TI_decompress_none
0000211d   __TI_decompress_rle24
200044dc   __TI_dtors_ptr
00000000   __TI_static_base__
000020df   __TI_zero_init
00001993   __aeabi_memcpy
00001993   __aeabi_memcpy4
00001993   __aeabi_memcpy8
00001ec1   __aeabi_uidivmod
ffffffff   __binit__
ffffffff   __c_args__
20004270   __stack
000020b5   _args_main
00001df1   _c_int00
200044d0   _lock
00001a2f   _nop
20000270   _sys_memory
200044d4   _unlock
00001e81   abort
ffffffff   binit
20004474   bufferA
20004478   bufferB
2000447c   channelIndex
00001e39   copy_in
00001e89   exit
20000000   g_pfnRAMVectors
00000000   g_pfnVectors
200044fb   isConfigured
000007f1   main
200044e8   main_func_sp
000014a3   malloc
00001993   memcpy
00001419   minit
00001837   muxInit
200044fc   transmitOn
200044fd   ui32BufferMode
200044ec   ui32GainSetting
200044fe   ui32NumOfChannels
200044f0   ui32SamplingFrequency
200044f4   ui32WindowSize
200044a4   ui8RxBuffer
20004484   ui8TxBuffer


GLOBAL SYMBOLS: SORTED BY Symbol Address 

address    name
--------   ----
00000000   __TI_static_base__
00000000   g_pfnVectors
00000001   __TI_args_main
00000200   __STACK_SIZE
0000026d   RFInit
000007f1   main
00000c09   IRQInterruptHandler
00000fa9   UARTvprintf
00001223   TimerIntHandler
00001419   minit
000014a3   malloc
00001575   SPIInit
00001667   RFWriteSendBuffer
00001757   RFReadRecieveBuffer
00001837   muxInit
000018ed   ConfigureTimer
00001993   __aeabi_memcpy
00001993   __aeabi_memcpy4
00001993   __aeabi_memcpy8
00001993   memcpy
00001a2f   _nop
00001a31   __TI_auto_init
00001ac5   ConfigureADC
00001b51   IRQInitialize
00001bbf   BufferInit
00001c2d   IntEnable
00001c95   ConfigureUART
00001d55   UARTStdioConfig
00001da9   GPIOPinConfigure
00001df1   _c_int00
00001e39   copy_in
00001e7d   C$$EXIT
00001e81   abort
00001e89   exit
00001ec1   __aeabi_uidivmod
00001f03   UARTwrite
00001f3d   IntRegister
00001f99   SPIRXFlush
00001fbf   SPIDataRead
00001fdd   SPISetCEHigh
00001ff9   SPISetCELow
00002015   SPISetCSNHigh
00002031   SPISetCSNLow
00002069   UARTprintf
00002083   GPIOIntRegister
0000209b   TimerIntRegister
000020b5   _args_main
000020cd   SSIDataGetNonBlocking
000020df   __TI_zero_init
000020f1   __TI_decompress_none
000020ff   GPIOIntEnable
0000210b   GPIOIntClear
00002111   ResetISR
00002117   UARTClockSourceSet
0000211d   __TI_decompress_rle24
00002368   __TI_Handler_Table_Base
00002374   __TI_Handler_Table_Limit
00002388   __TI_CINIT_Base
000023a0   __TI_CINIT_Limit
00004000   __SYSMEM_SIZE
20000000   g_pfnRAMVectors
20000270   _sys_memory
20004270   __stack
20004470   __STACK_END
20004474   bufferA
20004478   bufferB
2000447c   channelIndex
20004484   ui8TxBuffer
200044a4   ui8RxBuffer
200044d0   _lock
200044d4   _unlock
200044d8   __TI_cleanup_ptr
200044dc   __TI_dtors_ptr
200044e8   main_func_sp
200044ec   ui32GainSetting
200044f0   ui32SamplingFrequency
200044f4   ui32WindowSize
200044f8   BufferAEmpty
200044f9   BufferBEmpty
200044fa   RFPacketSent
200044fb   isConfigured
200044fc   transmitOn
200044fd   ui32BufferMode
200044fe   ui32NumOfChannels
20004670   __STACK_TOP
ffffffff   __binit__
ffffffff   __c_args__
ffffffff   binit
UNDEFED    SHT$$INIT_ARRAY$$Base
UNDEFED    SHT$$INIT_ARRAY$$Limit

[90 symbols]
