******************************************************************************
                  TI ARM Linker PC v5.1.1                      
******************************************************************************
>> Linked Mon Oct 06 04:24:52 2014

OUTPUT FILE NAME:   <four_ch_neural_recorder.out>
ENTRY POINT SYMBOL: "_c_int00"  address: 000011e1


MEMORY CONFIGURATION

         name            origin    length      used     unused   attr    fill
----------------------  --------  ---------  --------  --------  ----  --------
  FLASH                 00000000   00040000  000016ae  0003e952  R  X
  SRAM                  20000000   00008000  00000cb8  00007348  RW X


SEGMENT ALLOCATION MAP

run origin  load origin   length   init length attrs members
----------  ----------- ---------- ----------- ----- -------
00000000    00000000    000016b0   000016b0    r-x
  00000000    00000000    0000026c   0000026c    r-- .intvecs
  0000026c    0000026c    000011da   000011da    r-x .text
  00001448    00001448    00000220   00000220    r-- .const
  00001668    00001668    00000048   00000048    r-- .cinit
20000000    20000000    00000cb8   00000000    rw-
  20000000    20000000    0000026c   00000000    rw- .vtable
  2000026c    2000026c    00000800   00000000    rw- .stack
  20000a6c    20000a6c    00000200   00000000    rw- .bss
  20000c6c    20000c6c    0000004c   00000000    rw- .data


SECTION ALLOCATION MAP

 output                                  attributes/
section   page    origin      length       input sections
--------  ----  ----------  ----------   ----------------
.intvecs   0    00000000    0000026c     
                  00000000    0000026c     startup_ccs.obj (.intvecs)

.init_array 
*          0    00000000    00000000     UNINITIALIZED

.text      0    0000026c    000011da     
                  0000026c    000006e8     main.obj (.text:main)
                  00000954    0000016a     main.obj (.text:IRQInterruptHandler)
                  00000abe    00000132     main.obj (.text:TimerIntHandler)
                  00000bf0    000000f2     spi.obj (.text:SPIInit)
                  00000ce2    000000f0     nrf24l01.obj (.text:RFWriteSendBuffer)
                  00000dd2    000000b4     adg731.obj (.text:muxInit)
                  00000e86    0000009c     rtsv7M4_T_le_v4SPD16_eabi.lib : memcpy_t2.obj (.text)
                  00000f22    00000002     startup_ccs.obj (.text:FaultISR)
                  00000f24    00000094     rtsv7M4_T_le_v4SPD16_eabi.lib : auto_init.obj (.text)
                  00000fb8    0000008c     main.obj (.text:ConfigureADC)
                  00001044    0000008c     main.obj (.text:ConfigureTimer)
                  000010d0    00000068     driverlib.lib : interrupt.obj (.text:IntEnable)
                  00001138    0000005e     rtsv7M4_T_le_v4SPD16_eabi.lib : copy_decompress_rle.obj (.text)
                  00001196    00000002     startup_ccs.obj (.text:IntDefaultHandler)
                  00001198    00000048     driverlib.lib : gpio.obj (.text:GPIOPinConfigure)
                  000011e0    00000048     rtsv7M4_T_le_v4SPD16_eabi.lib : boot.obj (.text)
                  00001228    00000044                                   : cpy_tbl.obj (.text)
                  0000126c    00000044                                   : exit.obj (.text)
                  000012b0    00000034     driverlib.lib : interrupt.obj (.text:IntRegister)
                  000012e4    00000028                   : timer.obj (.text:_TimerIntNumberGet)
                  0000130c    00000026     spi.obj (.text:SPIRXFlush)
                  00001332    0000001e     spi.obj (.text:SPIDataRead)
                  00001350    0000001c     spi.obj (.text:SPISetCELow)
                  0000136c    0000001c     spi.obj (.text:SPISetCSNLow)
                  00001388    0000001c     driverlib.lib : gpio.obj (.text:_GPIOIntNumberGet)
                  000013a4    00000018                   : gpio.obj (.text:GPIOIntRegister)
                  000013bc    00000018                   : timer.obj (.text:TimerIntRegister)
                  000013d4    00000018     rtsv7M4_T_le_v4SPD16_eabi.lib : args_main.obj (.text)
                  000013ec    00000012     driverlib.lib : ssi.obj (.text:SSIDataGetNonBlocking)
                  000013fe    00000012     rtsv7M4_T_le_v4SPD16_eabi.lib : copy_zero_init.obj (.text:decompress:ZI)
                  00001410    0000000e                                   : copy_decompress_none.obj (.text:decompress:none)
                  0000141e    0000000c     driverlib.lib : gpio.obj (.text:GPIOIntEnable)
                  0000142a    00000006                   : gpio.obj (.text:GPIOIntClear)
                  00001430    00000006     startup_ccs.obj (.text:ResetISR)
                  00001436    00000006     driverlib.lib : uart.obj (.text:UARTClockSourceSet)
                  0000143c    00000006     rtsv7M4_T_le_v4SPD16_eabi.lib : copy_decompress_rle.obj (.text:decompress:rle24)
                  00001442    00000002     startup_ccs.obj (.text:NmiSR)
                  00001444    00000002     rtsv7M4_T_le_v4SPD16_eabi.lib : _lock.obj (.text)

.const     0    00001448    00000220     
                  00001448    000000c0     driverlib.lib : gpio.obj (.const:g_ppui32GPIOIntMapBlizzard)
                  00001508    00000078                   : gpio.obj (.const:g_pui32GPIOBaseAddrs)
                  00001580    00000070                   : interrupt.obj (.const)
                  000015f0    00000060                   : timer.obj (.const:g_ppui32TimerIntMap)
                  00001650    00000018     uartstdio.obj (.const)

.cinit     0    00001668    00000048     
                  00001668    00000012     (.cinit..data.load) [load image, compression = rle]
                  0000167a    00000002     --HOLE-- [fill = 0]
                  0000167c    0000000c     (__TI_handler_table)
                  00001688    00000008     (.cinit..bss.load) [load image, compression = zero_init]
                  00001690    00000008     (.cinit..vtable.load) [load image, compression = zero_init]
                  00001698    00000018     (__TI_cinit_table)

.vtable    0    20000000    0000026c     UNINITIALIZED
                  20000000    0000026c     driverlib.lib : interrupt.obj (.vtable)

.stack     0    2000026c    00000800     UNINITIALIZED
                  2000026c    00000800     --HOLE--

.bss       0    20000a6c    00000200     UNINITIALIZED
                  20000a6c    00000100     main.obj (.bss:bufferA)
                  20000b6c    00000100     main.obj (.bss:bufferB)

.data      0    20000c6c    0000004c     UNINITIALIZED
                  20000c6c    00000030     main.obj (.data)
                  20000c9c    00000008     rtsv7M4_T_le_v4SPD16_eabi.lib : _lock.obj (.data)
                  20000ca4    00000008                                   : exit.obj (.data)
                  20000cac    00000008     uartstdio.obj (.data)
                  20000cb4    00000004     rtsv7M4_T_le_v4SPD16_eabi.lib : stkdepth_vars.obj (.data)


LINKER GENERATED COPY TABLES

__TI_cinit_table @ 00001698 records: 3, size/record: 8, table size: 24
	.data: load addr=00001668, load size=00000012 bytes, run addr=20000c6c, run size=0000004c bytes, compression=rle
	.bss: load addr=00001688, load size=00000008 bytes, run addr=20000a6c, run size=00000200 bytes, compression=zero_init
	.vtable: load addr=00001690, load size=00000008 bytes, run addr=20000000, run size=0000026c bytes, compression=zero_init


LINKER GENERATED HANDLER TABLE

__TI_handler_table @ 0000167c records: 3, size/record: 4, table size: 12
	index: 0, handler: __TI_zero_init
	index: 1, handler: __TI_decompress_rle24
	index: 2, handler: __TI_decompress_none


GLOBAL SYMBOLS: SORTED ALPHABETICALLY BY Name 

address    name
--------   ----
20000c70   BufferAEmpty
20000c71   BufferBEmpty
0000126d   C$$EXIT
00000fb9   ConfigureADC
00001045   ConfigureTimer
0000142b   GPIOIntClear
0000141f   GPIOIntEnable
000013a5   GPIOIntRegister
00001199   GPIOPinConfigure
00000955   IRQInterruptHandler
000010d1   IntEnable
000012b1   IntRegister
20000c6f   RFPacketSent
00000ce3   RFWriteSendBuffer
00001431   ResetISR
UNDEFED    SHT$$INIT_ARRAY$$Base
UNDEFED    SHT$$INIT_ARRAY$$Limit
00001333   SPIDataRead
00000bf1   SPIInit
0000130d   SPIRXFlush
00001351   SPISetCELow
0000136d   SPISetCSNLow
000013ed   SSIDataGetNonBlocking
00000abf   TimerIntHandler
000013bd   TimerIntRegister
00001437   UARTClockSourceSet
20000a6c   __STACK_END
00000800   __STACK_SIZE
2000066c   __STACK_TOP
00001698   __TI_CINIT_Base
000016b0   __TI_CINIT_Limit
0000167c   __TI_Handler_Table_Base
00001688   __TI_Handler_Table_Limit
00000001   __TI_args_main
00000f25   __TI_auto_init
20000ca4   __TI_cleanup_ptr
00001411   __TI_decompress_none
0000143d   __TI_decompress_rle24
20000ca8   __TI_dtors_ptr
00000000   __TI_static_base__
000013ff   __TI_zero_init
00000e87   __aeabi_memcpy
00000e87   __aeabi_memcpy4
00000e87   __aeabi_memcpy8
ffffffff   __binit__
ffffffff   __c_args__
2000026c   __stack
000013d5   _args_main
000011e1   _c_int00
20000c9c   _lock
00001445   _nop
20000ca0   _unlock
00001271   abort
ffffffff   binit
20000a6c   bufferA
20000b6c   bufferB
00001229   copy_in
00001279   exit
20000000   g_pfnRAMVectors
00000000   g_pfnVectors
0000026d   main
20000cb4   main_func_sp
00000e87   memcpy
00000dd3   muxInit
20000c6e   transmitOn
20000c6d   ui32BufferMode
20000c6c   ui32NumOfChannels
20000c7c   ui32TxBuffer
20000c74   ui32WindowSize


GLOBAL SYMBOLS: SORTED BY Symbol Address 

address    name
--------   ----
00000000   __TI_static_base__
00000000   g_pfnVectors
00000001   __TI_args_main
0000026d   main
00000800   __STACK_SIZE
00000955   IRQInterruptHandler
00000abf   TimerIntHandler
00000bf1   SPIInit
00000ce3   RFWriteSendBuffer
00000dd3   muxInit
00000e87   __aeabi_memcpy
00000e87   __aeabi_memcpy4
00000e87   __aeabi_memcpy8
00000e87   memcpy
00000f25   __TI_auto_init
00000fb9   ConfigureADC
00001045   ConfigureTimer
000010d1   IntEnable
00001199   GPIOPinConfigure
000011e1   _c_int00
00001229   copy_in
0000126d   C$$EXIT
00001271   abort
00001279   exit
000012b1   IntRegister
0000130d   SPIRXFlush
00001333   SPIDataRead
00001351   SPISetCELow
0000136d   SPISetCSNLow
000013a5   GPIOIntRegister
000013bd   TimerIntRegister
000013d5   _args_main
000013ed   SSIDataGetNonBlocking
000013ff   __TI_zero_init
00001411   __TI_decompress_none
0000141f   GPIOIntEnable
0000142b   GPIOIntClear
00001431   ResetISR
00001437   UARTClockSourceSet
0000143d   __TI_decompress_rle24
00001445   _nop
0000167c   __TI_Handler_Table_Base
00001688   __TI_Handler_Table_Limit
00001698   __TI_CINIT_Base
000016b0   __TI_CINIT_Limit
20000000   g_pfnRAMVectors
2000026c   __stack
2000066c   __STACK_TOP
20000a6c   __STACK_END
20000a6c   bufferA
20000b6c   bufferB
20000c6c   ui32NumOfChannels
20000c6d   ui32BufferMode
20000c6e   transmitOn
20000c6f   RFPacketSent
20000c70   BufferAEmpty
20000c71   BufferBEmpty
20000c74   ui32WindowSize
20000c7c   ui32TxBuffer
20000c9c   _lock
20000ca0   _unlock
20000ca4   __TI_cleanup_ptr
20000ca8   __TI_dtors_ptr
20000cb4   main_func_sp
ffffffff   __binit__
ffffffff   __c_args__
ffffffff   binit
UNDEFED    SHT$$INIT_ARRAY$$Base
UNDEFED    SHT$$INIT_ARRAY$$Limit

[69 symbols]
