******************************************************************************
                  TI ARM Linker PC v5.1.1                      
******************************************************************************
>> Linked Sat Oct 04 20:44:45 2014

OUTPUT FILE NAME:   <four_ch_neural_recorder.out>
ENTRY POINT SYMBOL: "_c_int00"  address: 00000e8d


MEMORY CONFIGURATION

         name            origin    length      used     unused   attr    fill
----------------------  --------  ---------  --------  --------  ----  --------
  FLASH                 00000000   00040000  000014a4  0003eb5c  R  X
  SRAM                  20000000   00008000  00000597  00007a69  RW X


SEGMENT ALLOCATION MAP

run origin  load origin   length   init length attrs members
----------  ----------- ---------- ----------- ----- -------
00000000    00000000    000014a8   000014a8    r-x
  00000000    00000000    0000026c   0000026c    r-- .intvecs
  0000026c    0000026c    00000fa6   00000fa6    r-x .text
  00001214    00001214    00000242   00000242    r-- .const
  00001458    00001458    00000050   00000050    r-- .cinit
20000000    20000000    00000598   00000000    rw-
  20000000    20000000    0000026c   00000000    rw- .vtable
  2000026c    2000026c    00000207   00000000    rw- .bss
  20000474    20000474    00000100   00000000    rw- .stack
  20000574    20000574    00000024   00000000    rw- .data


SECTION ALLOCATION MAP

 output                                  attributes/
section   page    origin      length       input sections
--------  ----  ----------  ----------   ----------------
.intvecs   0    00000000    0000026c     
                  00000000    0000026c     startup_ccs.obj (.intvecs)

.init_array 
*          0    00000000    00000000     UNINITIALIZED

.text      0    0000026c    00000fa6     
                  0000026c    000001ea     uartstdio.obj (.text:UARTvprintf)
                  00000456    00000002     startup_ccs.obj (.text:FaultISR)
                  00000458    0000014c     main.obj (.text:main)
                  000005a4    00000138     nrf24l01.obj (.text:RFInit)
                  000006dc    000000fc     main.obj (.text:SysTickIntHandler)
                  000007d8    000000c4     spi.obj (.text:SPIInit)
                  0000089c    000000c0     driverlib.lib : sysctl.obj (.text:SysCtlClockGet)
                  0000095c    0000009c     rtsv7M4_T_le_v4SPD16_eabi.lib : memcpy_t2.obj (.text)
                  000009f8    00000098     adg731.obj (.text:muxInit)
                  00000a90    00000094     rtsv7M4_T_le_v4SPD16_eabi.lib : auto_init.obj (.text)
                  00000b24    00000080     main.obj (.text:ConfigureADC)
                  00000ba4    00000078     main.obj (.text:IRQInterruptHandler)
                  00000c1c    00000068     driverlib.lib : interrupt.obj (.text:IntEnable)
                  00000c84    00000064     main.obj (.text:ConfigureUART)
                  00000ce8    00000060     uartstdio.obj (.text:UARTStdioConfig)
                  00000d48    0000005e     rtsv7M4_T_le_v4SPD16_eabi.lib : copy_decompress_rle.obj (.text)
                  00000da6    00000054     nrf24l01.obj (.text:RFWriteSendBuffer)
                  00000dfa    00000002     startup_ccs.obj (.text:IntDefaultHandler)
                  00000dfc    00000048     driverlib.lib : gpio.obj (.text:GPIOPinConfigure)
                  00000e44    00000048     uartstdio.obj (.text:UARTwrite)
                  00000e8c    00000048     rtsv7M4_T_le_v4SPD16_eabi.lib : boot.obj (.text)
                  00000ed4    00000044                                   : cpy_tbl.obj (.text)
                  00000f18    00000044                                   : exit.obj (.text)
                  00000f5c    00000042                                   : u_divt2.obj (.text)
                  00000f9e    00000002     startup_ccs.obj (.text:NmiSR)
                  00000fa0    00000034     driverlib.lib : interrupt.obj (.text:IntRegister)
                  00000fd4    00000028     main.obj (.text:ConfigureSysTick)
                  00000ffc    00000028     nrf24l01.obj (.text:RFWriteRegister)
                  00001024    00000020     spi.obj (.text:SPIDataRead)
                  00001044    0000001c     spi.obj (.text:SPIDataWrite)
                  00001060    0000001c     spi.obj (.text:SPISetCEHigh)
                  0000107c    0000001c     spi.obj (.text:SPISetCELow)
                  00001098    0000001c     spi.obj (.text:SPISetCSNHigh)
                  000010b4    0000001c     spi.obj (.text:SPISetCSNLow)
                  000010d0    0000001c     driverlib.lib : gpio.obj (.text:_GPIOIntNumberGet)
                  000010ec    0000001a     uartstdio.obj (.text:UARTprintf)
                  00001106    00000018     driverlib.lib : gpio.obj (.text:GPIOIntRegister)
                  0000111e    00000002     --HOLE-- [fill = 0]
                  00001120    00000018     adg731.obj (.text:muxChannelChange)
                  00001138    00000018     rtsv7M4_T_le_v4SPD16_eabi.lib : args_main.obj (.text)
                  00001150    00000014     spi.obj (.text:SPIRXFlush)
                  00001164    00000014     rtsv7M4_T_le_v4SPD16_eabi.lib : _lock.obj (.text)
                  00001178    00000012     driverlib.lib : ssi.obj (.text:SSIDataGetNonBlocking)
                  0000118a    00000012     rtsv7M4_T_le_v4SPD16_eabi.lib : copy_zero_init.obj (.text:decompress:ZI)
                  0000119c    00000010     driverlib.lib : interrupt.obj (.text:IntMasterDisable)
                  000011ac    00000010                   : interrupt.obj (.text:IntMasterEnable)
                  000011bc    0000000e     rtsv7M4_T_le_v4SPD16_eabi.lib : copy_decompress_none.obj (.text:decompress:none)
                  000011ca    0000000c     driverlib.lib : cpu.obj (.text:CPUcpsid)
                  000011d6    0000000c                   : cpu.obj (.text:CPUcpsie)
                  000011e2    0000000c                   : gpio.obj (.text:GPIOIntEnable)
                  000011ee    00000006                   : gpio.obj (.text:GPIOIntClear)
                  000011f4    00000006                   : gpio.obj (.text:GPIOPinWrite)
                  000011fa    00000006     startup_ccs.obj (.text:ResetISR)
                  00001200    00000006     driverlib.lib : sysctl.obj (.text:SysCtlDelay)
                  00001206    00000006                   : uart.obj (.text:UARTClockSourceSet)
                  0000120c    00000006     rtsv7M4_T_le_v4SPD16_eabi.lib : copy_decompress_rle.obj (.text:decompress:rle24)

.const     0    00001214    00000242     
                  00001214    000000c0     driverlib.lib : gpio.obj (.const:g_ppui32GPIOIntMapBlizzard)
                  000012d4    00000078                   : gpio.obj (.const:g_pui32GPIOBaseAddrs)
                  0000134c    00000070                   : interrupt.obj (.const)
                  000013bc    0000006c                   : sysctl.obj (.const:g_pui32Xtals)
                  00001428    0000001c     uartstdio.obj (.const)
                  00001444    00000012     uartstdio.obj (.const:.string)

.cinit     0    00001458    00000050     
                  00001458    00000016     (.cinit..data.load) [load image, compression = rle]
                  0000146e    00000002     --HOLE-- [fill = 0]
                  00001470    0000000c     (__TI_handler_table)
                  0000147c    00000004     --HOLE-- [fill = 0]
                  00001480    00000008     (.cinit..bss.load) [load image, compression = zero_init]
                  00001488    00000008     (.cinit..vtable.load) [load image, compression = zero_init]
                  00001490    00000018     (__TI_cinit_table)

.vtable    0    20000000    0000026c     UNINITIALIZED
                  20000000    0000026c     driverlib.lib : interrupt.obj (.vtable)

.bss       0    2000026c    00000207     UNINITIALIZED
                  2000026c    00000100     main.obj (.bss:bufferA)
                  2000036c    00000100     main.obj (.bss:bufferB)
                  2000046c    00000004     (.common:ui32WindowSize)
                  20000470    00000001     (.common:transmitOn)
                  20000471    00000001     (.common:ui32BufferMode)
                  20000472    00000001     (.common:ui32NumOfChannels)

.stack     0    20000474    00000100     UNINITIALIZED
                  20000474    00000100     --HOLE--

.data      0    20000574    00000024     UNINITIALIZED
                  20000574    00000008     main.obj (.data)
                  2000057c    00000008     rtsv7M4_T_le_v4SPD16_eabi.lib : _lock.obj (.data)
                  20000584    00000008                                   : exit.obj (.data)
                  2000058c    00000005     uartstdio.obj (.data)
                  20000591    00000003     --HOLE--
                  20000594    00000004     rtsv7M4_T_le_v4SPD16_eabi.lib : stkdepth_vars.obj (.data)


LINKER GENERATED COPY TABLES

__TI_cinit_table @ 00001490 records: 3, size/record: 8, table size: 24
	.data: load addr=00001458, load size=00000016 bytes, run addr=20000574, run size=00000024 bytes, compression=rle
	.bss: load addr=00001480, load size=00000008 bytes, run addr=2000026c, run size=00000207 bytes, compression=zero_init
	.vtable: load addr=00001488, load size=00000008 bytes, run addr=20000000, run size=0000026c bytes, compression=zero_init


LINKER GENERATED HANDLER TABLE

__TI_handler_table @ 00001470 records: 3, size/record: 4, table size: 12
	index: 0, handler: __TI_zero_init
	index: 1, handler: __TI_decompress_rle24
	index: 2, handler: __TI_decompress_none


GLOBAL SYMBOLS: SORTED ALPHABETICALLY BY Name 

address    name
--------   ----
00000f19   C$$EXIT
000011cb   CPUcpsid
000011d7   CPUcpsie
00000b25   ConfigureADC
00000fd5   ConfigureSysTick
00000c85   ConfigureUART
000011ef   GPIOIntClear
000011e3   GPIOIntEnable
00001107   GPIOIntRegister
00000dfd   GPIOPinConfigure
000011f5   GPIOPinWrite
00000ba5   IRQInterruptHandler
00000c1d   IntEnable
0000119d   IntMasterDisable
000011ad   IntMasterEnable
00000fa1   IntRegister
000005a5   RFInit
00000ffd   RFWriteRegister
00000da7   RFWriteSendBuffer
000011fb   ResetISR
UNDEFED    SHT$$INIT_ARRAY$$Base
UNDEFED    SHT$$INIT_ARRAY$$Limit
00001025   SPIDataRead
00001045   SPIDataWrite
000007d9   SPIInit
00001151   SPIRXFlush
00001061   SPISetCEHigh
0000107d   SPISetCELow
00001099   SPISetCSNHigh
000010b5   SPISetCSNLow
00001179   SSIDataGetNonBlocking
0000089d   SysCtlClockGet
00001201   SysCtlDelay
000006dd   SysTickIntHandler
00001207   UARTClockSourceSet
00000ce9   UARTStdioConfig
000010ed   UARTprintf
0000026d   UARTvprintf
00000e45   UARTwrite
20000574   __STACK_END
00000100   __STACK_SIZE
20000874   __STACK_TOP
00001490   __TI_CINIT_Base
000014a8   __TI_CINIT_Limit
00001470   __TI_Handler_Table_Base
0000147c   __TI_Handler_Table_Limit
00000001   __TI_args_main
00000a91   __TI_auto_init
20000584   __TI_cleanup_ptr
000011bd   __TI_decompress_none
0000120d   __TI_decompress_rle24
20000588   __TI_dtors_ptr
00000000   __TI_static_base__
0000118b   __TI_zero_init
0000095d   __aeabi_memcpy
0000095d   __aeabi_memcpy4
0000095d   __aeabi_memcpy8
00000f5d   __aeabi_uidivmod
ffffffff   __binit__
ffffffff   __c_args__
20000474   __stack
00001139   _args_main
00000e8d   _c_int00
2000057c   _lock
00001173   _nop
0000116b   _register_lock
00001165   _register_unlock
20000580   _unlock
00000f1d   abort
ffffffff   binit
2000026c   bufferA
2000036c   bufferB
00000ed5   copy_in
00000f25   exit
20000000   g_pfnRAMVectors
00000000   g_pfnVectors
00000459   main
20000594   main_func_sp
0000095d   memcpy
00001121   muxChannelChange
000009f9   muxInit
20000470   transmitOn
20000471   ui32BufferMode
20000472   ui32NumOfChannels
2000046c   ui32WindowSize


GLOBAL SYMBOLS: SORTED BY Symbol Address 

address    name
--------   ----
00000000   __TI_static_base__
00000000   g_pfnVectors
00000001   __TI_args_main
00000100   __STACK_SIZE
0000026d   UARTvprintf
00000459   main
000005a5   RFInit
000006dd   SysTickIntHandler
000007d9   SPIInit
0000089d   SysCtlClockGet
0000095d   __aeabi_memcpy
0000095d   __aeabi_memcpy4
0000095d   __aeabi_memcpy8
0000095d   memcpy
000009f9   muxInit
00000a91   __TI_auto_init
00000b25   ConfigureADC
00000ba5   IRQInterruptHandler
00000c1d   IntEnable
00000c85   ConfigureUART
00000ce9   UARTStdioConfig
00000da7   RFWriteSendBuffer
00000dfd   GPIOPinConfigure
00000e45   UARTwrite
00000e8d   _c_int00
00000ed5   copy_in
00000f19   C$$EXIT
00000f1d   abort
00000f25   exit
00000f5d   __aeabi_uidivmod
00000fa1   IntRegister
00000fd5   ConfigureSysTick
00000ffd   RFWriteRegister
00001025   SPIDataRead
00001045   SPIDataWrite
00001061   SPISetCEHigh
0000107d   SPISetCELow
00001099   SPISetCSNHigh
000010b5   SPISetCSNLow
000010ed   UARTprintf
00001107   GPIOIntRegister
00001121   muxChannelChange
00001139   _args_main
00001151   SPIRXFlush
00001165   _register_unlock
0000116b   _register_lock
00001173   _nop
00001179   SSIDataGetNonBlocking
0000118b   __TI_zero_init
0000119d   IntMasterDisable
000011ad   IntMasterEnable
000011bd   __TI_decompress_none
000011cb   CPUcpsid
000011d7   CPUcpsie
000011e3   GPIOIntEnable
000011ef   GPIOIntClear
000011f5   GPIOPinWrite
000011fb   ResetISR
00001201   SysCtlDelay
00001207   UARTClockSourceSet
0000120d   __TI_decompress_rle24
00001470   __TI_Handler_Table_Base
0000147c   __TI_Handler_Table_Limit
00001490   __TI_CINIT_Base
000014a8   __TI_CINIT_Limit
20000000   g_pfnRAMVectors
2000026c   bufferA
2000036c   bufferB
2000046c   ui32WindowSize
20000470   transmitOn
20000471   ui32BufferMode
20000472   ui32NumOfChannels
20000474   __stack
20000574   __STACK_END
2000057c   _lock
20000580   _unlock
20000584   __TI_cleanup_ptr
20000588   __TI_dtors_ptr
20000594   main_func_sp
20000874   __STACK_TOP
ffffffff   __binit__
ffffffff   __c_args__
ffffffff   binit
UNDEFED    SHT$$INIT_ARRAY$$Base
UNDEFED    SHT$$INIT_ARRAY$$Limit

[85 symbols]
